C:\Users\laca\Desktop\iRoobo2014Ver3\Fpga\SPARTAN3E\Spartan3E6500SystemVer2\dcMOTORVelocityPID\netlist\xflow\jtagcosim_top.ngc 1424711885
C:/Users/laca/Desktop/iRoobo2014Ver3/Fpga/SPARTAN3E/Spartan3E6500SystemVer2/dcMOTORVelocityPID/netlist/xflow/jtagcosim_iface_spartan3.ngc 1424711885
C:/Users/laca/Desktop/iRoobo2014Ver3/Fpga/SPARTAN3E/Spartan3E6500SystemVer2/dcMOTORVelocityPID/netlist/xflow/motorspeed_cw.ngc 1424711885
C:/Users/laca/Desktop/iRoobo2014Ver3/Fpga/SPARTAN3E/Spartan3E6500SystemVer2/dcMOTORVelocityPID/netlist/xflow/xlpersistentdff.ngc 1424711885
C:/Users/laca/Desktop/iRoobo2014Ver3/Fpga/SPARTAN3E/Spartan3E6500SystemVer2/dcMOTORVelocityPID/netlist/xflow/cntr_11_0_cee71699703bac4e.ngc 1424711885
C:/Users/laca/Desktop/iRoobo2014Ver3/Fpga/SPARTAN3E/Spartan3E6500SystemVer2/dcMOTORVelocityPID/netlist/xflow/addsb_11_0_40c59820e74e5c61.ngc 1424711885
C:/Users/laca/Desktop/iRoobo2014Ver3/Fpga/SPARTAN3E/Spartan3E6500SystemVer2/dcMOTORVelocityPID/netlist/xflow/addsb_11_0_69d6875ac191df7d.ngc 1424711885
C:/Users/laca/Desktop/iRoobo2014Ver3/Fpga/SPARTAN3E/Spartan3E6500SystemVer2/dcMOTORVelocityPID/netlist/xflow/mult_11_2_782d0d00b37904bd.ngc 1424711885
C:/Users/laca/Desktop/iRoobo2014Ver3/Fpga/SPARTAN3E/Spartan3E6500SystemVer2/dcMOTORVelocityPID/netlist/xflow/addsb_11_0_ed61fefe391dafb3.ngc 1424711885
C:/Users/laca/Desktop/iRoobo2014Ver3/Fpga/SPARTAN3E/Spartan3E6500SystemVer2/dcMOTORVelocityPID/netlist/xflow/addsb_11_0_09a98e96b9130e03.ngc 1424711885
C:/Users/laca/Desktop/iRoobo2014Ver3/Fpga/SPARTAN3E/Spartan3E6500SystemVer2/dcMOTORVelocityPID/netlist/xflow/cntr_11_0_d7c176806556610b.ngc 1424711885
C:/Users/laca/Desktop/iRoobo2014Ver3/Fpga/SPARTAN3E/Spartan3E6500SystemVer2/dcMOTORVelocityPID/netlist/xflow/cntr_11_0_5baa608aaa6fc4cf.ngc 1424711885
OK
