EN bitbasher_bb81282914 NULL E:/Allamvizsga/Spartan3E6500SystemVer2/ONOFF/netlist/synth_model/onoff.vhd sub00/vhpl94 1425288332
PB conv_pkg conv_pkg E:/Allamvizsga/Spartan3E6500SystemVer2/ONOFF/netlist/synth_model/onoff.vhd sub00/vhpl13 1425288251
AR constant_31026a6611 behavior E:/Allamvizsga/Spartan3E6500SystemVer2/ONOFF/netlist/synth_model/onoff.vhd sub00/vhpl79 1425288317
EN relational_adf9a370cd NULL E:/Allamvizsga/Spartan3E6500SystemVer2/ONOFF/netlist/synth_model/onoff.vhd sub00/vhpl92 1425288330
AR inverter_e5b38cca3b behavior E:/Allamvizsga/Spartan3E6500SystemVer2/ONOFF/netlist/synth_model/onoff.vhd sub00/vhpl37 1425288275
AR xlregister behavior E:/Allamvizsga/Spartan3E6500SystemVer2/ONOFF/netlist/synth_model/onoff.vhd sub00/vhpl47 1425288285
AR cntr_11_0_e7c6fab986d296a4 cntr_11_0_e7c6fab986d296a4_a E:/Allamvizsga/Spartan3E6500SystemVer2/ONOFF/netlist/synth_model/onoff.vhd sub00/vhpl07 1425288245
AR pwm_reg2_entity_081d2a8bce structural E:/Allamvizsga/Spartan3E6500SystemVer2/ONOFF/netlist/synth_model/onoff.vhd sub01/vhpl117 1425288355
AR xldelay behavior E:/Allamvizsga/Spartan3E6500SystemVer2/ONOFF/netlist/synth_model/onoff.vhd sub00/vhpl35 1425288273
AR constant_32150454cb behavior E:/Allamvizsga/Spartan3E6500SystemVer2/ONOFF/netlist/synth_model/onoff.vhd sub01/vhpl107 1425288345
AR mux_2c45f290ed behavior E:/Allamvizsga/Spartan3E6500SystemVer2/ONOFF/netlist/synth_model/onoff.vhd sub00/vhpl75 1425288313
AR mult_11_2_b9a510f8f49a69d2 mult_11_2_b9a510f8f49a69d2_a E:/Allamvizsga/Spartan3E6500SystemVer2/ONOFF/netlist/synth_model/onoff.vhd sub00/vhpl11 1425288249
EN xldelay NULL E:/Allamvizsga/Spartan3E6500SystemVer2/ONOFF/netlist/synth_model/onoff.vhd sub00/vhpl34 1425288272
EN convert_func_call NULL E:/Allamvizsga/Spartan3E6500SystemVer2/ONOFF/netlist/synth_model/onoff.vhd sub00/vhpl24 1425288262
EN pwm_reg2_entity_081d2a8bce NULL E:/Allamvizsga/Spartan3E6500SystemVer2/ONOFF/netlist/synth_model/onoff.vhd sub01/vhpl116 1425288354
EN relational_7a2906d528 NULL E:/Allamvizsga/Spartan3E6500SystemVer2/ONOFF/netlist/synth_model/onoff.vhd sub00/vhpl68 1425288306
EN ja1_entity_5c1b3675b2 NULL E:/Allamvizsga/Spartan3E6500SystemVer2/ONOFF/netlist/synth_model/onoff.vhd sub01/vhpl110 1425288348
EN xladdsub_onoff NULL E:/Allamvizsga/Spartan3E6500SystemVer2/ONOFF/netlist/synth_model/onoff.vhd sub00/vhpl30 1425288268
EN bitbasher_d33821db41 NULL E:/Allamvizsga/Spartan3E6500SystemVer2/ONOFF/netlist/synth_model/onoff.vhd sub00/vhpl98 1425288336
AR logical_49a7e4b36d behavior E:/Allamvizsga/Spartan3E6500SystemVer2/ONOFF/netlist/synth_model/onoff.vhd sub01/vhpl109 1425288347
AR logical_80f90b97d0 behavior E:/Allamvizsga/Spartan3E6500SystemVer2/ONOFF/netlist/synth_model/onoff.vhd sub00/vhpl39 1425288277
AR relational_5153393142 behavior E:/Allamvizsga/Spartan3E6500SystemVer2/ONOFF/netlist/synth_model/onoff.vhd sub00/vhpl53 1425288291
EN bitbasher_1b08270ac9 NULL E:/Allamvizsga/Spartan3E6500SystemVer2/ONOFF/netlist/synth_model/onoff.vhd sub00/vhpl96 1425288334
EN mux_20197168a0 NULL E:/Allamvizsga/Spartan3E6500SystemVer2/ONOFF/netlist/synth_model/onoff.vhd sub00/vhpl88 1425288326
AR top_level behavioral E:/Allamvizsga/Spartan3E6500SystemVer2/ONOFF/netlist/synth_model/onoff.vhd sub01/vhpl103 1425288341
AR onoff_entity_5ff5682403 structural E:/Allamvizsga/Spartan3E6500SystemVer2/ONOFF/netlist/synth_model/onoff.vhd sub01/vhpl113 1425288351
EN onoff NULL E:/Allamvizsga/Spartan3E6500SystemVer2/ONOFF/netlist/synth_model/onoff.vhd sub01/vhpl122 1425288360
AR constant_58b5743dd8 behavior E:/Allamvizsga/Spartan3E6500SystemVer2/ONOFF/netlist/synth_model/onoff.vhd sub00/vhpl59 1425288297
AR addsb_11_0_d2b0e63c2ff9bf9d addsb_11_0_d2b0e63c2ff9bf9d_a E:/Allamvizsga/Spartan3E6500SystemVer2/ONOFF/netlist/synth_model/onoff.vhd sub00/vhpl03 1425288241
AR bitbasher_d33821db41 behavior E:/Allamvizsga/Spartan3E6500SystemVer2/ONOFF/netlist/synth_model/onoff.vhd sub00/vhpl99 1425288337
EN relational_2a22b4eabc NULL E:/Allamvizsga/Spartan3E6500SystemVer2/ONOFF/netlist/synth_model/onoff.vhd sub00/vhpl90 1425288328
AR convert_func_call behavior E:/Allamvizsga/Spartan3E6500SystemVer2/ONOFF/netlist/synth_model/onoff.vhd sub00/vhpl25 1425288263
EN constant_32150454cb NULL E:/Allamvizsga/Spartan3E6500SystemVer2/ONOFF/netlist/synth_model/onoff.vhd sub01/vhpl106 1425288344
EN cntr_11_0_74252206ec4646ae NULL E:/Allamvizsga/Spartan3E6500SystemVer2/ONOFF/netlist/synth_model/onoff.vhd sub00/vhpl04 1425288242
EN xlmult_onoff NULL E:/Allamvizsga/Spartan3E6500SystemVer2/ONOFF/netlist/synth_model/onoff.vhd sub00/vhpl40 1425288278
AR xlcounter_free_onoff behavior E:/Allamvizsga/Spartan3E6500SystemVer2/ONOFF/netlist/synth_model/onoff.vhd sub00/vhpl67 1425288305
EN mux_a161f3a75c NULL E:/Allamvizsga/Spartan3E6500SystemVer2/ONOFF/netlist/synth_model/onoff.vhd sub00/vhpl44 1425288282
AR onoff structural E:/Allamvizsga/Spartan3E6500SystemVer2/ONOFF/netlist/synth_model/onoff.vhd sub01/vhpl123 1425288361
EN constant_a803a2dbbb NULL E:/Allamvizsga/Spartan3E6500SystemVer2/ONOFF/netlist/synth_model/onoff.vhd sub00/vhpl54 1425288292
EN relational_7a7af7b80d NULL E:/Allamvizsga/Spartan3E6500SystemVer2/ONOFF/netlist/synth_model/onoff.vhd sub00/vhpl70 1425288308
AR constant_a803a2dbbb behavior E:/Allamvizsga/Spartan3E6500SystemVer2/ONOFF/netlist/synth_model/onoff.vhd sub00/vhpl55 1425288293
EN cntr_11_0_e7c6fab986d296a4 NULL E:/Allamvizsga/Spartan3E6500SystemVer2/ONOFF/netlist/synth_model/onoff.vhd sub00/vhpl06 1425288244
AR constant_6293007044 behavior E:/Allamvizsga/Spartan3E6500SystemVer2/ONOFF/netlist/synth_model/onoff.vhd sub01/vhpl105 1425288343
EN constant_f2a2d93eac NULL E:/Allamvizsga/Spartan3E6500SystemVer2/ONOFF/netlist/synth_model/onoff.vhd sub00/vhpl60 1425288298
EN relational_5568c80e3e NULL E:/Allamvizsga/Spartan3E6500SystemVer2/ONOFF/netlist/synth_model/onoff.vhd sub00/vhpl48 1425288286
EN default_clock_driver_onoff NULL E:/Allamvizsga/Spartan3E6500SystemVer2/ONOFF/netlist/synth_model/onoff_cw.vhd sub01/vhpl126 1425288364
EN addsb_11_0_d2b0e63c2ff9bf9d NULL E:/Allamvizsga/Spartan3E6500SystemVer2/ONOFF/netlist/synth_model/onoff.vhd sub00/vhpl02 1425288240
EN mult_11_2_b9a510f8f49a69d2 NULL E:/Allamvizsga/Spartan3E6500SystemVer2/ONOFF/netlist/synth_model/onoff.vhd sub00/vhpl10 1425288248
EN constant_95270e073f NULL E:/Allamvizsga/Spartan3E6500SystemVer2/ONOFF/netlist/synth_model/onoff.vhd sub00/vhpl56 1425288294
EN single_reg_w_init NULL E:/Allamvizsga/Spartan3E6500SystemVer2/ONOFF/netlist/synth_model/onoff.vhd sub00/vhpl20 1425288258
AR srl17e structural E:/Allamvizsga/Spartan3E6500SystemVer2/ONOFF/netlist/synth_model/onoff.vhd sub00/vhpl15 1425288253
AR inverter_e2b989a05e behavior E:/Allamvizsga/Spartan3E6500SystemVer2/ONOFF/netlist/synth_model/onoff.vhd sub00/vhpl85 1425288323
PH conv_pkg NULL E:/Allamvizsga/Spartan3E6500SystemVer2/ONOFF/netlist/synth_model/onoff.vhd sub00/vhpl12 1425288250
AR bitbasher_bb81282914 behavior E:/Allamvizsga/Spartan3E6500SystemVer2/ONOFF/netlist/synth_model/onoff.vhd sub00/vhpl95 1425288333
EN signtousign_entity_1ca98ae371 NULL E:/Allamvizsga/Spartan3E6500SystemVer2/ONOFF/netlist/synth_model/onoff.vhd sub01/vhpl118 1425288356
AR constant_6c8e1bed76 behavior E:/Allamvizsga/Spartan3E6500SystemVer2/ONOFF/netlist/synth_model/onoff.vhd sub00/vhpl83 1425288321
EN mux_2c45f290ed NULL E:/Allamvizsga/Spartan3E6500SystemVer2/ONOFF/netlist/synth_model/onoff.vhd sub00/vhpl74 1425288312
AR default_clock_driver_onoff structural E:/Allamvizsga/Spartan3E6500SystemVer2/ONOFF/netlist/synth_model/onoff_cw.vhd sub01/vhpl127 1425288365
EN logical_938d99ac11 NULL E:/Allamvizsga/Spartan3E6500SystemVer2/ONOFF/netlist/synth_model/onoff.vhd sub00/vhpl86 1425288324
EN srl17e NULL E:/Allamvizsga/Spartan3E6500SystemVer2/ONOFF/netlist/synth_model/onoff.vhd sub00/vhpl14 1425288252
AR constant_515f6b5526 behavior E:/Allamvizsga/Spartan3E6500SystemVer2/ONOFF/netlist/synth_model/onoff.vhd sub00/vhpl81 1425288319
AR single_reg_w_init structural E:/Allamvizsga/Spartan3E6500SystemVer2/ONOFF/netlist/synth_model/onoff.vhd sub00/vhpl21 1425288259
AR counter_entity_85906b2cda structural E:/Allamvizsga/Spartan3E6500SystemVer2/ONOFF/netlist/synth_model/onoff.vhd sub01/vhpl121 1425288359
EN constant_017d9de1ab NULL E:/Allamvizsga/Spartan3E6500SystemVer2/ONOFF/netlist/synth_model/onoff.vhd sub00/vhpl64 1425288302
EN pwm8_entity_808ac00709 NULL E:/Allamvizsga/Spartan3E6500SystemVer2/ONOFF/netlist/synth_model/onoff.vhd sub01/vhpl114 1425288352
AR xladdsub_onoff behavior E:/Allamvizsga/Spartan3E6500SystemVer2/ONOFF/netlist/synth_model/onoff.vhd sub00/vhpl31 1425288269
AR mux_a161f3a75c behavior E:/Allamvizsga/Spartan3E6500SystemVer2/ONOFF/netlist/synth_model/onoff.vhd sub00/vhpl45 1425288283
EN constant_6293007044 NULL E:/Allamvizsga/Spartan3E6500SystemVer2/ONOFF/netlist/synth_model/onoff.vhd sub01/vhpl104 1425288342
EN relational_5ef1f4e573 NULL E:/Allamvizsga/Spartan3E6500SystemVer2/ONOFF/netlist/synth_model/onoff.vhd sub00/vhpl50 1425288288
AR logical_938d99ac11 behavior E:/Allamvizsga/Spartan3E6500SystemVer2/ONOFF/netlist/synth_model/onoff.vhd sub00/vhpl87 1425288325
EN counter_entity_85906b2cda NULL E:/Allamvizsga/Spartan3E6500SystemVer2/ONOFF/netlist/synth_model/onoff.vhd sub01/vhpl120 1425288358
EN synth_reg_w_init NULL E:/Allamvizsga/Spartan3E6500SystemVer2/ONOFF/netlist/synth_model/onoff.vhd sub00/vhpl22 1425288260
AR signtousign_entity_1ca98ae371 structural E:/Allamvizsga/Spartan3E6500SystemVer2/ONOFF/netlist/synth_model/onoff.vhd sub01/vhpl119 1425288357
EN onoff_cw NULL E:/Allamvizsga/Spartan3E6500SystemVer2/ONOFF/netlist/synth_model/onoff_cw.vhd sub01/vhpl128 1425288366
EN logical_49a7e4b36d NULL E:/Allamvizsga/Spartan3E6500SystemVer2/ONOFF/netlist/synth_model/onoff.vhd sub01/vhpl108 1425288346
AR bitbasher_75b6572827 behavior E:/Allamvizsga/Spartan3E6500SystemVer2/ONOFF/netlist/synth_model/onoff.vhd sub01/vhpl101 1425288339
AR synth_reg structural E:/Allamvizsga/Spartan3E6500SystemVer2/ONOFF/netlist/synth_model/onoff.vhd sub00/vhpl17 1425288255
EN constant_6c8e1bed76 NULL E:/Allamvizsga/Spartan3E6500SystemVer2/ONOFF/netlist/synth_model/onoff.vhd sub00/vhpl82 1425288320
AR synth_reg_reg behav E:/Allamvizsga/Spartan3E6500SystemVer2/ONOFF/netlist/synth_model/onoff.vhd sub00/vhpl19 1425288257
EN constant_58b5743dd8 NULL E:/Allamvizsga/Spartan3E6500SystemVer2/ONOFF/netlist/synth_model/onoff.vhd sub00/vhpl58 1425288296
AR relational_2a22b4eabc behavior E:/Allamvizsga/Spartan3E6500SystemVer2/ONOFF/netlist/synth_model/onoff.vhd sub00/vhpl91 1425288329
EN mult_11_2_b39611ba5425a680 NULL E:/Allamvizsga/Spartan3E6500SystemVer2/ONOFF/netlist/synth_model/onoff.vhd sub00/vhpl08 1425288246
AR bitbasher_1b08270ac9 behavior E:/Allamvizsga/Spartan3E6500SystemVer2/ONOFF/netlist/synth_model/onoff.vhd sub00/vhpl97 1425288335
EN bitbasher_b142b1358a NULL E:/Allamvizsga/Spartan3E6500SystemVer2/ONOFF/netlist/synth_model/onoff.vhd sub00/vhpl32 1425288270
AR xlclockdriver behavior E:/Allamvizsga/Spartan3E6500SystemVer2/ONOFF/netlist/synth_model/onoff_cw.vhd sub01/vhpl125 1425288363
AR xlconvert behavior E:/Allamvizsga/Spartan3E6500SystemVer2/ONOFF/netlist/synth_model/onoff.vhd sub00/vhpl27 1425288265
AR constant_190a6d2a1a behavior E:/Allamvizsga/Spartan3E6500SystemVer2/ONOFF/netlist/synth_model/onoff.vhd sub00/vhpl77 1425288315
EN synth_reg NULL E:/Allamvizsga/Spartan3E6500SystemVer2/ONOFF/netlist/synth_model/onoff.vhd sub00/vhpl16 1425288254
EN xlclockdriver NULL E:/Allamvizsga/Spartan3E6500SystemVer2/ONOFF/netlist/synth_model/onoff_cw.vhd sub01/vhpl124 1425288362
EN onoff_entity_5ff5682403 NULL E:/Allamvizsga/Spartan3E6500SystemVer2/ONOFF/netlist/synth_model/onoff.vhd sub01/vhpl112 1425288350
AR onoff_cw structural E:/Allamvizsga/Spartan3E6500SystemVer2/ONOFF/netlist/synth_model/onoff_cw.vhd sub01/vhpl129 1425288367
EN inverter_e5b38cca3b NULL E:/Allamvizsga/Spartan3E6500SystemVer2/ONOFF/netlist/synth_model/onoff.vhd sub00/vhpl36 1425288274
EN inverter_1ca63a13a1 NULL E:/Allamvizsga/Spartan3E6500SystemVer2/ONOFF/netlist/synth_model/onoff.vhd sub00/vhpl72 1425288310
AR xlmult_onoff behavior E:/Allamvizsga/Spartan3E6500SystemVer2/ONOFF/netlist/synth_model/onoff.vhd sub00/vhpl41 1425288279
EN addsb_11_0_80bded47015320ce NULL E:/Allamvizsga/Spartan3E6500SystemVer2/ONOFF/netlist/synth_model/onoff.vhd sub00/vhpl00 1425288238
EN xlconvert NULL E:/Allamvizsga/Spartan3E6500SystemVer2/ONOFF/netlist/synth_model/onoff.vhd sub00/vhpl26 1425288264
EN constant_7044437b9b NULL E:/Allamvizsga/Spartan3E6500SystemVer2/ONOFF/netlist/synth_model/onoff.vhd sub00/vhpl62 1425288300
EN logical_80f90b97d0 NULL E:/Allamvizsga/Spartan3E6500SystemVer2/ONOFF/netlist/synth_model/onoff.vhd sub00/vhpl38 1425288276
EN bitbasher_75b6572827 NULL E:/Allamvizsga/Spartan3E6500SystemVer2/ONOFF/netlist/synth_model/onoff.vhd sub01/vhpl100 1425288338
EN reinterpret_f21e7f2ddf NULL E:/Allamvizsga/Spartan3E6500SystemVer2/ONOFF/netlist/synth_model/onoff.vhd sub00/vhpl28 1425288266
AR constant_f2a2d93eac behavior E:/Allamvizsga/Spartan3E6500SystemVer2/ONOFF/netlist/synth_model/onoff.vhd sub00/vhpl61 1425288299
AR relational_7a2906d528 behavior E:/Allamvizsga/Spartan3E6500SystemVer2/ONOFF/netlist/synth_model/onoff.vhd sub00/vhpl69 1425288307
AR cntr_11_0_74252206ec4646ae cntr_11_0_74252206ec4646ae_a E:/Allamvizsga/Spartan3E6500SystemVer2/ONOFF/netlist/synth_model/onoff.vhd sub00/vhpl05 1425288243
EN mux_65a0e0a5b3 NULL E:/Allamvizsga/Spartan3E6500SystemVer2/ONOFF/netlist/synth_model/onoff.vhd sub00/vhpl42 1425288280
AR relational_5ef1f4e573 behavior E:/Allamvizsga/Spartan3E6500SystemVer2/ONOFF/netlist/synth_model/onoff.vhd sub00/vhpl51 1425288289
EN constant_515f6b5526 NULL E:/Allamvizsga/Spartan3E6500SystemVer2/ONOFF/netlist/synth_model/onoff.vhd sub00/vhpl80 1425288318
AR mux_65a0e0a5b3 behavior E:/Allamvizsga/Spartan3E6500SystemVer2/ONOFF/netlist/synth_model/onoff.vhd sub00/vhpl43 1425288281
EN xlcounter_free_onoff NULL E:/Allamvizsga/Spartan3E6500SystemVer2/ONOFF/netlist/synth_model/onoff.vhd sub00/vhpl66 1425288304
AR pwm8_entity_808ac00709 structural E:/Allamvizsga/Spartan3E6500SystemVer2/ONOFF/netlist/synth_model/onoff.vhd sub01/vhpl115 1425288353
AR inverter_1ca63a13a1 behavior E:/Allamvizsga/Spartan3E6500SystemVer2/ONOFF/netlist/synth_model/onoff.vhd sub00/vhpl73 1425288311
AR addsb_11_0_80bded47015320ce addsb_11_0_80bded47015320ce_a E:/Allamvizsga/Spartan3E6500SystemVer2/ONOFF/netlist/synth_model/onoff.vhd sub00/vhpl01 1425288239
EN constant_31026a6611 NULL E:/Allamvizsga/Spartan3E6500SystemVer2/ONOFF/netlist/synth_model/onoff.vhd sub00/vhpl78 1425288316
AR constant_95270e073f behavior E:/Allamvizsga/Spartan3E6500SystemVer2/ONOFF/netlist/synth_model/onoff.vhd sub00/vhpl57 1425288295
AR mux_20197168a0 behavior E:/Allamvizsga/Spartan3E6500SystemVer2/ONOFF/netlist/synth_model/onoff.vhd sub00/vhpl89 1425288327
AR ja1_entity_5c1b3675b2 structural E:/Allamvizsga/Spartan3E6500SystemVer2/ONOFF/netlist/synth_model/onoff.vhd sub01/vhpl111 1425288349
AR constant_7044437b9b behavior E:/Allamvizsga/Spartan3E6500SystemVer2/ONOFF/netlist/synth_model/onoff.vhd sub00/vhpl63 1425288301
EN relational_5153393142 NULL E:/Allamvizsga/Spartan3E6500SystemVer2/ONOFF/netlist/synth_model/onoff.vhd sub00/vhpl52 1425288290
EN constant_190a6d2a1a NULL E:/Allamvizsga/Spartan3E6500SystemVer2/ONOFF/netlist/synth_model/onoff.vhd sub00/vhpl76 1425288314
AR mult_11_2_b39611ba5425a680 mult_11_2_b39611ba5425a680_a E:/Allamvizsga/Spartan3E6500SystemVer2/ONOFF/netlist/synth_model/onoff.vhd sub00/vhpl09 1425288247
AR bitbasher_b142b1358a behavior E:/Allamvizsga/Spartan3E6500SystemVer2/ONOFF/netlist/synth_model/onoff.vhd sub00/vhpl33 1425288271
AR reinterpret_f21e7f2ddf behavior E:/Allamvizsga/Spartan3E6500SystemVer2/ONOFF/netlist/synth_model/onoff.vhd sub00/vhpl29 1425288267
EN synth_reg_reg NULL E:/Allamvizsga/Spartan3E6500SystemVer2/ONOFF/netlist/synth_model/onoff.vhd sub00/vhpl18 1425288256
EN inverter_e2b989a05e NULL E:/Allamvizsga/Spartan3E6500SystemVer2/ONOFF/netlist/synth_model/onoff.vhd sub00/vhpl84 1425288322
AR synth_reg_w_init structural E:/Allamvizsga/Spartan3E6500SystemVer2/ONOFF/netlist/synth_model/onoff.vhd sub00/vhpl23 1425288261
AR relational_adf9a370cd behavior E:/Allamvizsga/Spartan3E6500SystemVer2/ONOFF/netlist/synth_model/onoff.vhd sub00/vhpl93 1425288331
EN top_level NULL E:/Allamvizsga/Spartan3E6500SystemVer2/ONOFF/netlist/synth_model/onoff.vhd sub01/vhpl102 1425288340
AR constant_017d9de1ab behavior E:/Allamvizsga/Spartan3E6500SystemVer2/ONOFF/netlist/synth_model/onoff.vhd sub00/vhpl65 1425288303
AR relational_7a7af7b80d behavior E:/Allamvizsga/Spartan3E6500SystemVer2/ONOFF/netlist/synth_model/onoff.vhd sub00/vhpl71 1425288309
EN xlregister NULL E:/Allamvizsga/Spartan3E6500SystemVer2/ONOFF/netlist/synth_model/onoff.vhd sub00/vhpl46 1425288284
AR relational_5568c80e3e behavior E:/Allamvizsga/Spartan3E6500SystemVer2/ONOFF/netlist/synth_model/onoff.vhd sub00/vhpl49 1425288287
