C:\Users\laca\Desktop\iRoobo2014Ver3\Fpga\SPARTAN3E\Spartan3E6500SystemVer2\MeresEsRendszerBecsles\netlist\xflow\jtagcosim_top.ngc 1424820042
C:/Users/laca/Desktop/iRoobo2014Ver3/Fpga/SPARTAN3E/Spartan3E6500SystemVer2/MeresEsRendszerBecsles/netlist/xflow/jtagcosim_iface_spartan3.ngc 1424820042
C:/Users/laca/Desktop/iRoobo2014Ver3/Fpga/SPARTAN3E/Spartan3E6500SystemVer2/MeresEsRendszerBecsles/netlist/xflow/meromodul_cw.ngc 1424820042
C:/Users/laca/Desktop/iRoobo2014Ver3/Fpga/SPARTAN3E/Spartan3E6500SystemVer2/MeresEsRendszerBecsles/netlist/xflow/xlpersistentdff.ngc 1424820042
C:/Users/laca/Desktop/iRoobo2014Ver3/Fpga/SPARTAN3E/Spartan3E6500SystemVer2/MeresEsRendszerBecsles/netlist/xflow/addsb_11_0_ed61fefe391dafb3.ngc 1424820042
C:/Users/laca/Desktop/iRoobo2014Ver3/Fpga/SPARTAN3E/Spartan3E6500SystemVer2/MeresEsRendszerBecsles/netlist/xflow/addsb_11_0_09a98e96b9130e03.ngc 1424820042
C:/Users/laca/Desktop/iRoobo2014Ver3/Fpga/SPARTAN3E/Spartan3E6500SystemVer2/MeresEsRendszerBecsles/netlist/xflow/cntr_11_0_28e149bfe48923b9.ngc 1424820042
C:/Users/laca/Desktop/iRoobo2014Ver3/Fpga/SPARTAN3E/Spartan3E6500SystemVer2/MeresEsRendszerBecsles/netlist/xflow/cntr_11_0_d7c176806556610b.ngc 1424820042
OK
