EN bitbasher_bb81282914 NULL C:/Users/laca/Desktop/iRoobo2014Ver3/Fpga/SPARTAN3E/Spartan3E6500SystemVer2/dcMOTORVelocityPID/netlist/synth_model/motorspeed.vhd sub00/vhpl84 1424711954
PB conv_pkg conv_pkg C:/Users/laca/Desktop/iRoobo2014Ver3/Fpga/SPARTAN3E/Spartan3E6500SystemVer2/dcMOTORVelocityPID/netlist/synth_model/motorspeed.vhd sub00/vhpl17 1424711887
AR addsb_11_0_69d6875ac191df7d addsb_11_0_69d6875ac191df7d_a C:/Users/laca/Desktop/iRoobo2014Ver3/Fpga/SPARTAN3E/Spartan3E6500SystemVer2/dcMOTORVelocityPID/netlist/synth_model/motorspeed.vhd sub00/vhpl05 1424711875
EN cntr_11_0_d7c176806556610b NULL C:/Users/laca/Desktop/iRoobo2014Ver3/Fpga/SPARTAN3E/Spartan3E6500SystemVer2/dcMOTORVelocityPID/netlist/synth_model/motorspeed.vhd sub00/vhpl12 1424711882
AR inverter_e5b38cca3b behavior C:/Users/laca/Desktop/iRoobo2014Ver3/Fpga/SPARTAN3E/Spartan3E6500SystemVer2/dcMOTORVelocityPID/netlist/synth_model/motorspeed.vhd sub00/vhpl59 1424711929
AR xlregister behavior C:/Users/laca/Desktop/iRoobo2014Ver3/Fpga/SPARTAN3E/Spartan3E6500SystemVer2/dcMOTORVelocityPID/netlist/synth_model/motorspeed.vhd sub00/vhpl43 1424711913
AR xldelay behavior C:/Users/laca/Desktop/iRoobo2014Ver3/Fpga/SPARTAN3E/Spartan3E6500SystemVer2/dcMOTORVelocityPID/netlist/synth_model/motorspeed.vhd sub00/vhpl35 1424711905
AR constant_32150454cb behavior C:/Users/laca/Desktop/iRoobo2014Ver3/Fpga/SPARTAN3E/Spartan3E6500SystemVer2/dcMOTORVelocityPID/netlist/synth_model/motorspeed.vhd sub00/vhpl81 1424711951
AR sampletime_generator_entity_8479939182 structural C:/Users/laca/Desktop/iRoobo2014Ver3/Fpga/SPARTAN3E/Spartan3E6500SystemVer2/dcMOTORVelocityPID/netlist/synth_model/motorspeed.vhd sub00/vhpl95 1424711965
EN mux_32f647f217 NULL C:/Users/laca/Desktop/iRoobo2014Ver3/Fpga/SPARTAN3E/Spartan3E6500SystemVer2/dcMOTORVelocityPID/netlist/synth_model/motorspeed.vhd sub00/vhpl38 1424711908
AR mux_2c45f290ed behavior C:/Users/laca/Desktop/iRoobo2014Ver3/Fpga/SPARTAN3E/Spartan3E6500SystemVer2/dcMOTORVelocityPID/netlist/synth_model/motorspeed.vhd sub00/vhpl65 1424711935
EN xladdsub_motorspeed NULL C:/Users/laca/Desktop/iRoobo2014Ver3/Fpga/SPARTAN3E/Spartan3E6500SystemVer2/dcMOTORVelocityPID/netlist/synth_model/motorspeed.vhd sub00/vhpl28 1424711898
EN xldelay NULL C:/Users/laca/Desktop/iRoobo2014Ver3/Fpga/SPARTAN3E/Spartan3E6500SystemVer2/dcMOTORVelocityPID/netlist/synth_model/motorspeed.vhd sub00/vhpl34 1424711904
EN xlmult_motorspeed NULL C:/Users/laca/Desktop/iRoobo2014Ver3/Fpga/SPARTAN3E/Spartan3E6500SystemVer2/dcMOTORVelocityPID/netlist/synth_model/motorspeed.vhd sub00/vhpl36 1424711906
EN convert_func_call NULL C:/Users/laca/Desktop/iRoobo2014Ver3/Fpga/SPARTAN3E/Spartan3E6500SystemVer2/dcMOTORVelocityPID/netlist/synth_model/motorspeed.vhd sub00/vhpl52 1424711922
EN relational_7a2906d528 NULL C:/Users/laca/Desktop/iRoobo2014Ver3/Fpga/SPARTAN3E/Spartan3E6500SystemVer2/dcMOTORVelocityPID/netlist/synth_model/motorspeed.vhd sub00/vhpl48 1424711918
AR constant_e48c5a6fd1 behavior C:/Users/laca/Desktop/iRoobo2014Ver3/Fpga/SPARTAN3E/Spartan3E6500SystemVer2/dcMOTORVelocityPID/netlist/synth_model/motorspeed.vhd sub00/vhpl69 1424711939
EN addsb_11_0_ed61fefe391dafb3 NULL C:/Users/laca/Desktop/iRoobo2014Ver3/Fpga/SPARTAN3E/Spartan3E6500SystemVer2/dcMOTORVelocityPID/netlist/synth_model/motorspeed.vhd sub00/vhpl06 1424711876
EN pmod2_entity_b34edec396 NULL C:/Users/laca/Desktop/iRoobo2014Ver3/Fpga/SPARTAN3E/Spartan3E6500SystemVer2/dcMOTORVelocityPID/netlist/synth_model/motorspeed.vhd sub00/vhpl92 1424711962
AR logical_80f90b97d0 behavior C:/Users/laca/Desktop/iRoobo2014Ver3/Fpga/SPARTAN3E/Spartan3E6500SystemVer2/dcMOTORVelocityPID/netlist/synth_model/motorspeed.vhd sub00/vhpl47 1424711917
EN mux_20197168a0 NULL C:/Users/laca/Desktop/iRoobo2014Ver3/Fpga/SPARTAN3E/Spartan3E6500SystemVer2/dcMOTORVelocityPID/netlist/synth_model/motorspeed.vhd sub00/vhpl74 1424711944
EN mux_ba4efe1019 NULL C:/Users/laca/Desktop/iRoobo2014Ver3/Fpga/SPARTAN3E/Spartan3E6500SystemVer2/dcMOTORVelocityPID/netlist/synth_model/motorspeed.vhd sub00/vhpl40 1424711910
AR mult_11_2_782d0d00b37904bd mult_11_2_782d0d00b37904bd_a C:/Users/laca/Desktop/iRoobo2014Ver3/Fpga/SPARTAN3E/Spartan3E6500SystemVer2/dcMOTORVelocityPID/netlist/synth_model/motorspeed.vhd sub00/vhpl15 1424711885
AR top_level behavioral C:/Users/laca/Desktop/iRoobo2014Ver3/Fpga/SPARTAN3E/Spartan3E6500SystemVer2/dcMOTORVelocityPID/netlist/synth_model/motorspeed.vhd sub00/vhpl79 1424711949
EN xlcounter_limit_motorspeed NULL C:/Users/laca/Desktop/iRoobo2014Ver3/Fpga/SPARTAN3E/Spartan3E6500SystemVer2/dcMOTORVelocityPID/netlist/synth_model/motorspeed.vhd sub00/vhpl32 1424711902
EN pwm8_entity_b382bc4709 NULL C:/Users/laca/Desktop/iRoobo2014Ver3/Fpga/SPARTAN3E/Spartan3E6500SystemVer2/dcMOTORVelocityPID/netlist/synth_model/motorspeed.vhd sub00/vhpl88 1424711958
AR addsb_11_0_40c59820e74e5c61 addsb_11_0_40c59820e74e5c61_a C:/Users/laca/Desktop/iRoobo2014Ver3/Fpga/SPARTAN3E/Spartan3E6500SystemVer2/dcMOTORVelocityPID/netlist/synth_model/motorspeed.vhd sub00/vhpl03 1424711873
AR convert_func_call behavior C:/Users/laca/Desktop/iRoobo2014Ver3/Fpga/SPARTAN3E/Spartan3E6500SystemVer2/dcMOTORVelocityPID/netlist/synth_model/motorspeed.vhd sub00/vhpl53 1424711923
EN constant_32150454cb NULL C:/Users/laca/Desktop/iRoobo2014Ver3/Fpga/SPARTAN3E/Spartan3E6500SystemVer2/dcMOTORVelocityPID/netlist/synth_model/motorspeed.vhd sub00/vhpl80 1424711950
AR addsb_11_0_ed61fefe391dafb3 addsb_11_0_ed61fefe391dafb3_a C:/Users/laca/Desktop/iRoobo2014Ver3/Fpga/SPARTAN3E/Spartan3E6500SystemVer2/dcMOTORVelocityPID/netlist/synth_model/motorspeed.vhd sub00/vhpl07 1424711877
AR cntr_11_0_d7c176806556610b cntr_11_0_d7c176806556610b_a C:/Users/laca/Desktop/iRoobo2014Ver3/Fpga/SPARTAN3E/Spartan3E6500SystemVer2/dcMOTORVelocityPID/netlist/synth_model/motorspeed.vhd sub00/vhpl13 1424711883
EN relational_7a7af7b80d NULL C:/Users/laca/Desktop/iRoobo2014Ver3/Fpga/SPARTAN3E/Spartan3E6500SystemVer2/dcMOTORVelocityPID/netlist/synth_model/motorspeed.vhd sub00/vhpl50 1424711920
AR mux_32f647f217 behavior C:/Users/laca/Desktop/iRoobo2014Ver3/Fpga/SPARTAN3E/Spartan3E6500SystemVer2/dcMOTORVelocityPID/netlist/synth_model/motorspeed.vhd sub00/vhpl39 1424711909
EN relational_3ffd1d0a40 NULL C:/Users/laca/Desktop/iRoobo2014Ver3/Fpga/SPARTAN3E/Spartan3E6500SystemVer2/dcMOTORVelocityPID/netlist/synth_model/motorspeed.vhd sub00/vhpl60 1424711930
EN constant_e48c5a6fd1 NULL C:/Users/laca/Desktop/iRoobo2014Ver3/Fpga/SPARTAN3E/Spartan3E6500SystemVer2/dcMOTORVelocityPID/netlist/synth_model/motorspeed.vhd sub00/vhpl68 1424711938
AR signtousign_entity_ce8f7fe695 structural C:/Users/laca/Desktop/iRoobo2014Ver3/Fpga/SPARTAN3E/Spartan3E6500SystemVer2/dcMOTORVelocityPID/netlist/synth_model/motorspeed.vhd sub00/vhpl97 1424711967
AR constant_9f5572ba51 behavior C:/Users/laca/Desktop/iRoobo2014Ver3/Fpga/SPARTAN3E/Spartan3E6500SystemVer2/dcMOTORVelocityPID/netlist/synth_model/motorspeed.vhd sub00/vhpl31 1424711901
AR pmod2_entity_b34edec396 structural C:/Users/laca/Desktop/iRoobo2014Ver3/Fpga/SPARTAN3E/Spartan3E6500SystemVer2/dcMOTORVelocityPID/netlist/synth_model/motorspeed.vhd sub00/vhpl93 1424711963
EN signtousign_entity_ce8f7fe695 NULL C:/Users/laca/Desktop/iRoobo2014Ver3/Fpga/SPARTAN3E/Spartan3E6500SystemVer2/dcMOTORVelocityPID/netlist/synth_model/motorspeed.vhd sub00/vhpl96 1424711966
EN single_reg_w_init NULL C:/Users/laca/Desktop/iRoobo2014Ver3/Fpga/SPARTAN3E/Spartan3E6500SystemVer2/dcMOTORVelocityPID/netlist/synth_model/motorspeed.vhd sub00/vhpl24 1424711894
AR srl17e structural C:/Users/laca/Desktop/iRoobo2014Ver3/Fpga/SPARTAN3E/Spartan3E6500SystemVer2/dcMOTORVelocityPID/netlist/synth_model/motorspeed.vhd sub00/vhpl19 1424711889
AR inverter_e2b989a05e behavior C:/Users/laca/Desktop/iRoobo2014Ver3/Fpga/SPARTAN3E/Spartan3E6500SystemVer2/dcMOTORVelocityPID/netlist/synth_model/motorspeed.vhd sub00/vhpl71 1424711941
PH conv_pkg NULL C:/Users/laca/Desktop/iRoobo2014Ver3/Fpga/SPARTAN3E/Spartan3E6500SystemVer2/dcMOTORVelocityPID/netlist/synth_model/motorspeed.vhd sub00/vhpl16 1424711886
AR bitbasher_bb81282914 behavior C:/Users/laca/Desktop/iRoobo2014Ver3/Fpga/SPARTAN3E/Spartan3E6500SystemVer2/dcMOTORVelocityPID/netlist/synth_model/motorspeed.vhd sub00/vhpl85 1424711955
EN mux_2c45f290ed NULL C:/Users/laca/Desktop/iRoobo2014Ver3/Fpga/SPARTAN3E/Spartan3E6500SystemVer2/dcMOTORVelocityPID/netlist/synth_model/motorspeed.vhd sub00/vhpl64 1424711934
EN logical_938d99ac11 NULL C:/Users/laca/Desktop/iRoobo2014Ver3/Fpga/SPARTAN3E/Spartan3E6500SystemVer2/dcMOTORVelocityPID/netlist/synth_model/motorspeed.vhd sub00/vhpl72 1424711942
AR default_clock_driver_motorspeed structural C:/Users/laca/Desktop/iRoobo2014Ver3/Fpga/SPARTAN3E/Spartan3E6500SystemVer2/dcMOTORVelocityPID/netlist/synth_model/motorspeed_cw.vhd sub01/vhpl105 1424711975
EN srl17e NULL C:/Users/laca/Desktop/iRoobo2014Ver3/Fpga/SPARTAN3E/Spartan3E6500SystemVer2/dcMOTORVelocityPID/netlist/synth_model/motorspeed.vhd sub00/vhpl18 1424711888
EN mult_11_2_782d0d00b37904bd NULL C:/Users/laca/Desktop/iRoobo2014Ver3/Fpga/SPARTAN3E/Spartan3E6500SystemVer2/dcMOTORVelocityPID/netlist/synth_model/motorspeed.vhd sub00/vhpl14 1424711884
EN cntr_11_0_cee71699703bac4e NULL C:/Users/laca/Desktop/iRoobo2014Ver3/Fpga/SPARTAN3E/Spartan3E6500SystemVer2/dcMOTORVelocityPID/netlist/synth_model/motorspeed.vhd sub00/vhpl10 1424711880
AR single_reg_w_init structural C:/Users/laca/Desktop/iRoobo2014Ver3/Fpga/SPARTAN3E/Spartan3E6500SystemVer2/dcMOTORVelocityPID/netlist/synth_model/motorspeed.vhd sub00/vhpl25 1424711895
AR counter_entity_2f53ec633c structural C:/Users/laca/Desktop/iRoobo2014Ver3/Fpga/SPARTAN3E/Spartan3E6500SystemVer2/dcMOTORVelocityPID/netlist/synth_model/motorspeed.vhd sub00/vhpl99 1424711969
AR motorspeed_cw structural C:/Users/laca/Desktop/iRoobo2014Ver3/Fpga/SPARTAN3E/Spartan3E6500SystemVer2/dcMOTORVelocityPID/netlist/synth_model/motorspeed_cw.vhd sub01/vhpl107 1424711977
AR logical_938d99ac11 behavior C:/Users/laca/Desktop/iRoobo2014Ver3/Fpga/SPARTAN3E/Spartan3E6500SystemVer2/dcMOTORVelocityPID/netlist/synth_model/motorspeed.vhd sub00/vhpl73 1424711943
EN addsb_11_0_69d6875ac191df7d NULL C:/Users/laca/Desktop/iRoobo2014Ver3/Fpga/SPARTAN3E/Spartan3E6500SystemVer2/dcMOTORVelocityPID/netlist/synth_model/motorspeed.vhd sub00/vhpl04 1424711874
EN synth_reg_w_init NULL C:/Users/laca/Desktop/iRoobo2014Ver3/Fpga/SPARTAN3E/Spartan3E6500SystemVer2/dcMOTORVelocityPID/netlist/synth_model/motorspeed.vhd sub00/vhpl26 1424711896
EN addsb_11_0_09a98e96b9130e03 NULL C:/Users/laca/Desktop/iRoobo2014Ver3/Fpga/SPARTAN3E/Spartan3E6500SystemVer2/dcMOTORVelocityPID/netlist/synth_model/motorspeed.vhd sub00/vhpl00 1424711870
EN motorspeed NULL C:/Users/laca/Desktop/iRoobo2014Ver3/Fpga/SPARTAN3E/Spartan3E6500SystemVer2/dcMOTORVelocityPID/netlist/synth_model/motorspeed.vhd sub01/vhpl100 1424711970
EN addsb_11_0_40c59820e74e5c61 NULL C:/Users/laca/Desktop/iRoobo2014Ver3/Fpga/SPARTAN3E/Spartan3E6500SystemVer2/dcMOTORVelocityPID/netlist/synth_model/motorspeed.vhd sub00/vhpl02 1424711872
AR bitbasher_75b6572827 behavior C:/Users/laca/Desktop/iRoobo2014Ver3/Fpga/SPARTAN3E/Spartan3E6500SystemVer2/dcMOTORVelocityPID/netlist/synth_model/motorspeed.vhd sub00/vhpl77 1424711947
EN pidrek_entity_2de86a3eda NULL C:/Users/laca/Desktop/iRoobo2014Ver3/Fpga/SPARTAN3E/Spartan3E6500SystemVer2/dcMOTORVelocityPID/netlist/synth_model/motorspeed.vhd sub00/vhpl86 1424711956
AR synth_reg structural C:/Users/laca/Desktop/iRoobo2014Ver3/Fpga/SPARTAN3E/Spartan3E6500SystemVer2/dcMOTORVelocityPID/netlist/synth_model/motorspeed.vhd sub00/vhpl21 1424711891
AR motorspeed structural C:/Users/laca/Desktop/iRoobo2014Ver3/Fpga/SPARTAN3E/Spartan3E6500SystemVer2/dcMOTORVelocityPID/netlist/synth_model/motorspeed.vhd sub01/vhpl101 1424711971
AR synth_reg_reg behav C:/Users/laca/Desktop/iRoobo2014Ver3/Fpga/SPARTAN3E/Spartan3E6500SystemVer2/dcMOTORVelocityPID/netlist/synth_model/motorspeed.vhd sub00/vhpl23 1424711893
EN pwm_reg2_entity_e6c05b507a NULL C:/Users/laca/Desktop/iRoobo2014Ver3/Fpga/SPARTAN3E/Spartan3E6500SystemVer2/dcMOTORVelocityPID/netlist/synth_model/motorspeed.vhd sub00/vhpl90 1424711960
AR xlclockdriver behavior C:/Users/laca/Desktop/iRoobo2014Ver3/Fpga/SPARTAN3E/Spartan3E6500SystemVer2/dcMOTORVelocityPID/netlist/synth_model/motorspeed_cw.vhd sub01/vhpl103 1424711973
AR xlconvert behavior C:/Users/laca/Desktop/iRoobo2014Ver3/Fpga/SPARTAN3E/Spartan3E6500SystemVer2/dcMOTORVelocityPID/netlist/synth_model/motorspeed.vhd sub00/vhpl55 1424711925
AR constant_190a6d2a1a behavior C:/Users/laca/Desktop/iRoobo2014Ver3/Fpga/SPARTAN3E/Spartan3E6500SystemVer2/dcMOTORVelocityPID/netlist/synth_model/motorspeed.vhd sub00/vhpl67 1424711937
AR pidrek_entity_2de86a3eda structural C:/Users/laca/Desktop/iRoobo2014Ver3/Fpga/SPARTAN3E/Spartan3E6500SystemVer2/dcMOTORVelocityPID/netlist/synth_model/motorspeed.vhd sub00/vhpl87 1424711957
EN synth_reg NULL C:/Users/laca/Desktop/iRoobo2014Ver3/Fpga/SPARTAN3E/Spartan3E6500SystemVer2/dcMOTORVelocityPID/netlist/synth_model/motorspeed.vhd sub00/vhpl20 1424711890
EN xlclockdriver NULL C:/Users/laca/Desktop/iRoobo2014Ver3/Fpga/SPARTAN3E/Spartan3E6500SystemVer2/dcMOTORVelocityPID/netlist/synth_model/motorspeed_cw.vhd sub01/vhpl102 1424711972
EN motorspeed_cw NULL C:/Users/laca/Desktop/iRoobo2014Ver3/Fpga/SPARTAN3E/Spartan3E6500SystemVer2/dcMOTORVelocityPID/netlist/synth_model/motorspeed_cw.vhd sub01/vhpl106 1424711976
EN inverter_e5b38cca3b NULL C:/Users/laca/Desktop/iRoobo2014Ver3/Fpga/SPARTAN3E/Spartan3E6500SystemVer2/dcMOTORVelocityPID/netlist/synth_model/motorspeed.vhd sub00/vhpl58 1424711928
EN inverter_1ca63a13a1 NULL C:/Users/laca/Desktop/iRoobo2014Ver3/Fpga/SPARTAN3E/Spartan3E6500SystemVer2/dcMOTORVelocityPID/netlist/synth_model/motorspeed.vhd sub00/vhpl62 1424711932
AR mux_ba4efe1019 behavior C:/Users/laca/Desktop/iRoobo2014Ver3/Fpga/SPARTAN3E/Spartan3E6500SystemVer2/dcMOTORVelocityPID/netlist/synth_model/motorspeed.vhd sub00/vhpl41 1424711911
AR xlcounter_free_motorspeed behavior C:/Users/laca/Desktop/iRoobo2014Ver3/Fpga/SPARTAN3E/Spartan3E6500SystemVer2/dcMOTORVelocityPID/netlist/synth_model/motorspeed.vhd sub00/vhpl45 1424711915
EN xlconvert NULL C:/Users/laca/Desktop/iRoobo2014Ver3/Fpga/SPARTAN3E/Spartan3E6500SystemVer2/dcMOTORVelocityPID/netlist/synth_model/motorspeed.vhd sub00/vhpl54 1424711924
AR constant_963ed6358a behavior C:/Users/laca/Desktop/iRoobo2014Ver3/Fpga/SPARTAN3E/Spartan3E6500SystemVer2/dcMOTORVelocityPID/netlist/synth_model/motorspeed.vhd sub00/vhpl83 1424711953
EN default_clock_driver_motorspeed NULL C:/Users/laca/Desktop/iRoobo2014Ver3/Fpga/SPARTAN3E/Spartan3E6500SystemVer2/dcMOTORVelocityPID/netlist/synth_model/motorspeed_cw.vhd sub01/vhpl104 1424711974
EN logical_80f90b97d0 NULL C:/Users/laca/Desktop/iRoobo2014Ver3/Fpga/SPARTAN3E/Spartan3E6500SystemVer2/dcMOTORVelocityPID/netlist/synth_model/motorspeed.vhd sub00/vhpl46 1424711916
AR cntr_11_0_5baa608aaa6fc4cf cntr_11_0_5baa608aaa6fc4cf_a C:/Users/laca/Desktop/iRoobo2014Ver3/Fpga/SPARTAN3E/Spartan3E6500SystemVer2/dcMOTORVelocityPID/netlist/synth_model/motorspeed.vhd sub00/vhpl09 1424711879
AR addsb_11_0_09a98e96b9130e03 addsb_11_0_09a98e96b9130e03_a C:/Users/laca/Desktop/iRoobo2014Ver3/Fpga/SPARTAN3E/Spartan3E6500SystemVer2/dcMOTORVelocityPID/netlist/synth_model/motorspeed.vhd sub00/vhpl01 1424711871
EN bitbasher_75b6572827 NULL C:/Users/laca/Desktop/iRoobo2014Ver3/Fpga/SPARTAN3E/Spartan3E6500SystemVer2/dcMOTORVelocityPID/netlist/synth_model/motorspeed.vhd sub00/vhpl76 1424711946
EN reinterpret_f21e7f2ddf NULL C:/Users/laca/Desktop/iRoobo2014Ver3/Fpga/SPARTAN3E/Spartan3E6500SystemVer2/dcMOTORVelocityPID/netlist/synth_model/motorspeed.vhd sub00/vhpl56 1424711926
AR relational_7a2906d528 behavior C:/Users/laca/Desktop/iRoobo2014Ver3/Fpga/SPARTAN3E/Spartan3E6500SystemVer2/dcMOTORVelocityPID/netlist/synth_model/motorspeed.vhd sub00/vhpl49 1424711919
EN constant_963ed6358a NULL C:/Users/laca/Desktop/iRoobo2014Ver3/Fpga/SPARTAN3E/Spartan3E6500SystemVer2/dcMOTORVelocityPID/netlist/synth_model/motorspeed.vhd sub00/vhpl82 1424711952
AR pwm8_entity_b382bc4709 structural C:/Users/laca/Desktop/iRoobo2014Ver3/Fpga/SPARTAN3E/Spartan3E6500SystemVer2/dcMOTORVelocityPID/netlist/synth_model/motorspeed.vhd sub00/vhpl89 1424711959
AR relational_3ffd1d0a40 behavior C:/Users/laca/Desktop/iRoobo2014Ver3/Fpga/SPARTAN3E/Spartan3E6500SystemVer2/dcMOTORVelocityPID/netlist/synth_model/motorspeed.vhd sub00/vhpl61 1424711931
AR xlmult_motorspeed behavior C:/Users/laca/Desktop/iRoobo2014Ver3/Fpga/SPARTAN3E/Spartan3E6500SystemVer2/dcMOTORVelocityPID/netlist/synth_model/motorspeed.vhd sub00/vhpl37 1424711907
EN xlcounter_free_motorspeed NULL C:/Users/laca/Desktop/iRoobo2014Ver3/Fpga/SPARTAN3E/Spartan3E6500SystemVer2/dcMOTORVelocityPID/netlist/synth_model/motorspeed.vhd sub00/vhpl44 1424711914
AR inverter_1ca63a13a1 behavior C:/Users/laca/Desktop/iRoobo2014Ver3/Fpga/SPARTAN3E/Spartan3E6500SystemVer2/dcMOTORVelocityPID/netlist/synth_model/motorspeed.vhd sub00/vhpl63 1424711933
EN sampletime_generator_entity_8479939182 NULL C:/Users/laca/Desktop/iRoobo2014Ver3/Fpga/SPARTAN3E/Spartan3E6500SystemVer2/dcMOTORVelocityPID/netlist/synth_model/motorspeed.vhd sub00/vhpl94 1424711964
EN constant_9f5572ba51 NULL C:/Users/laca/Desktop/iRoobo2014Ver3/Fpga/SPARTAN3E/Spartan3E6500SystemVer2/dcMOTORVelocityPID/netlist/synth_model/motorspeed.vhd sub00/vhpl30 1424711900
AR mux_20197168a0 behavior C:/Users/laca/Desktop/iRoobo2014Ver3/Fpga/SPARTAN3E/Spartan3E6500SystemVer2/dcMOTORVelocityPID/netlist/synth_model/motorspeed.vhd sub00/vhpl75 1424711945
AR pwm_reg2_entity_e6c05b507a structural C:/Users/laca/Desktop/iRoobo2014Ver3/Fpga/SPARTAN3E/Spartan3E6500SystemVer2/dcMOTORVelocityPID/netlist/synth_model/motorspeed.vhd sub00/vhpl91 1424711961
EN cntr_11_0_5baa608aaa6fc4cf NULL C:/Users/laca/Desktop/iRoobo2014Ver3/Fpga/SPARTAN3E/Spartan3E6500SystemVer2/dcMOTORVelocityPID/netlist/synth_model/motorspeed.vhd sub00/vhpl08 1424711878
AR xladdsub_motorspeed behavior C:/Users/laca/Desktop/iRoobo2014Ver3/Fpga/SPARTAN3E/Spartan3E6500SystemVer2/dcMOTORVelocityPID/netlist/synth_model/motorspeed.vhd sub00/vhpl29 1424711899
AR cntr_11_0_cee71699703bac4e cntr_11_0_cee71699703bac4e_a C:/Users/laca/Desktop/iRoobo2014Ver3/Fpga/SPARTAN3E/Spartan3E6500SystemVer2/dcMOTORVelocityPID/netlist/synth_model/motorspeed.vhd sub00/vhpl11 1424711881
AR xlcounter_limit_motorspeed behavior C:/Users/laca/Desktop/iRoobo2014Ver3/Fpga/SPARTAN3E/Spartan3E6500SystemVer2/dcMOTORVelocityPID/netlist/synth_model/motorspeed.vhd sub00/vhpl33 1424711903
EN counter_entity_2f53ec633c NULL C:/Users/laca/Desktop/iRoobo2014Ver3/Fpga/SPARTAN3E/Spartan3E6500SystemVer2/dcMOTORVelocityPID/netlist/synth_model/motorspeed.vhd sub00/vhpl98 1424711968
EN constant_190a6d2a1a NULL C:/Users/laca/Desktop/iRoobo2014Ver3/Fpga/SPARTAN3E/Spartan3E6500SystemVer2/dcMOTORVelocityPID/netlist/synth_model/motorspeed.vhd sub00/vhpl66 1424711936
AR reinterpret_f21e7f2ddf behavior C:/Users/laca/Desktop/iRoobo2014Ver3/Fpga/SPARTAN3E/Spartan3E6500SystemVer2/dcMOTORVelocityPID/netlist/synth_model/motorspeed.vhd sub00/vhpl57 1424711927
EN synth_reg_reg NULL C:/Users/laca/Desktop/iRoobo2014Ver3/Fpga/SPARTAN3E/Spartan3E6500SystemVer2/dcMOTORVelocityPID/netlist/synth_model/motorspeed.vhd sub00/vhpl22 1424711892
EN inverter_e2b989a05e NULL C:/Users/laca/Desktop/iRoobo2014Ver3/Fpga/SPARTAN3E/Spartan3E6500SystemVer2/dcMOTORVelocityPID/netlist/synth_model/motorspeed.vhd sub00/vhpl70 1424711940
AR synth_reg_w_init structural C:/Users/laca/Desktop/iRoobo2014Ver3/Fpga/SPARTAN3E/Spartan3E6500SystemVer2/dcMOTORVelocityPID/netlist/synth_model/motorspeed.vhd sub00/vhpl27 1424711897
EN top_level NULL C:/Users/laca/Desktop/iRoobo2014Ver3/Fpga/SPARTAN3E/Spartan3E6500SystemVer2/dcMOTORVelocityPID/netlist/synth_model/motorspeed.vhd sub00/vhpl78 1424711948
AR relational_7a7af7b80d behavior C:/Users/laca/Desktop/iRoobo2014Ver3/Fpga/SPARTAN3E/Spartan3E6500SystemVer2/dcMOTORVelocityPID/netlist/synth_model/motorspeed.vhd sub00/vhpl51 1424711921
EN xlregister NULL C:/Users/laca/Desktop/iRoobo2014Ver3/Fpga/SPARTAN3E/Spartan3E6500SystemVer2/dcMOTORVelocityPID/netlist/synth_model/motorspeed.vhd sub00/vhpl42 1424711912
