EN xlibuf NULL C:/Users/laca/Desktop/iRoobo2014Ver3/Fpga/SPARTAN3E/Spartan3E6500SystemVer2/dcMOTORVelocityPID/netlist/synth_wrapper/jtagcosim_top.vhd sub00/vhpl18 1424711898
PB conv_pkg conv_pkg C:/Users/laca/Desktop/iRoobo2014Ver3/Fpga/SPARTAN3E/Spartan3E6500SystemVer2/dcMOTORVelocityPID/netlist/synth_wrapper/jtagcosim_top.vhd sub00/vhpl01 1424711881
AR jtagcosim_top structural C:/Users/laca/Desktop/iRoobo2014Ver3/Fpga/SPARTAN3E/Spartan3E6500SystemVer2/dcMOTORVelocityPID/netlist/synth_wrapper/jtagcosim_top.vhd sub00/vhpl27 1424711907
AR xliobuf structural C:/Users/laca/Desktop/iRoobo2014Ver3/Fpga/SPARTAN3E/Spartan3E6500SystemVer2/dcMOTORVelocityPID/netlist/synth_wrapper/jtagcosim_top.vhd sub00/vhpl17 1424711897
AR xlobuf structural C:/Users/laca/Desktop/iRoobo2014Ver3/Fpga/SPARTAN3E/Spartan3E6500SystemVer2/dcMOTORVelocityPID/netlist/synth_wrapper/jtagcosim_top.vhd sub00/vhpl21 1424711901
AR xlslicer behavior C:/Users/laca/Desktop/iRoobo2014Ver3/Fpga/SPARTAN3E/Spartan3E6500SystemVer2/dcMOTORVelocityPID/netlist/synth_wrapper/jtagcosim_top.vhd sub00/vhpl07 1424711887
AR xlmemmap behavioral C:/Users/laca/Desktop/iRoobo2014Ver3/Fpga/SPARTAN3E/Spartan3E6500SystemVer2/dcMOTORVelocityPID/netlist/synth_wrapper/jtagcosim_top.vhd sub00/vhpl13 1424711893
AR sysgen_hw_cosim_interface structural C:/Users/laca/Desktop/iRoobo2014Ver3/Fpga/SPARTAN3E/Spartan3E6500SystemVer2/dcMOTORVelocityPID/netlist/synth_wrapper/jtagcosim_top.vhd sub00/vhpl15 1424711895
EN xlibufds NULL C:/Users/laca/Desktop/iRoobo2014Ver3/Fpga/SPARTAN3E/Spartan3E6500SystemVer2/dcMOTORVelocityPID/netlist/synth_wrapper/jtagcosim_top.vhd sub00/vhpl22 1424711902
AR xlibufds structural C:/Users/laca/Desktop/iRoobo2014Ver3/Fpga/SPARTAN3E/Spartan3E6500SystemVer2/dcMOTORVelocityPID/netlist/synth_wrapper/jtagcosim_top.vhd sub00/vhpl23 1424711903
EN jtagcosim_top NULL C:/Users/laca/Desktop/iRoobo2014Ver3/Fpga/SPARTAN3E/Spartan3E6500SystemVer2/dcMOTORVelocityPID/netlist/synth_wrapper/jtagcosim_top.vhd sub00/vhpl26 1424711906
AR xlibuf structural C:/Users/laca/Desktop/iRoobo2014Ver3/Fpga/SPARTAN3E/Spartan3E6500SystemVer2/dcMOTORVelocityPID/netlist/synth_wrapper/jtagcosim_top.vhd sub00/vhpl19 1424711899
EN single_reg_w_init NULL C:/Users/laca/Desktop/iRoobo2014Ver3/Fpga/SPARTAN3E/Spartan3E6500SystemVer2/dcMOTORVelocityPID/netlist/synth_wrapper/jtagcosim_top.vhd sub00/vhpl02 1424711882
EN xlmemmap NULL C:/Users/laca/Desktop/iRoobo2014Ver3/Fpga/SPARTAN3E/Spartan3E6500SystemVer2/dcMOTORVelocityPID/netlist/synth_wrapper/jtagcosim_top.vhd sub00/vhpl12 1424711892
PH conv_pkg NULL C:/Users/laca/Desktop/iRoobo2014Ver3/Fpga/SPARTAN3E/Spartan3E6500SystemVer2/dcMOTORVelocityPID/netlist/synth_wrapper/jtagcosim_top.vhd sub00/vhpl00 1424711880
AR xland2 behavior C:/Users/laca/Desktop/iRoobo2014Ver3/Fpga/SPARTAN3E/Spartan3E6500SystemVer2/dcMOTORVelocityPID/netlist/synth_wrapper/jtagcosim_top.vhd sub00/vhpl09 1424711889
EN xlobufds NULL C:/Users/laca/Desktop/iRoobo2014Ver3/Fpga/SPARTAN3E/Spartan3E6500SystemVer2/dcMOTORVelocityPID/netlist/synth_wrapper/jtagcosim_top.vhd sub00/vhpl24 1424711904
AR single_reg_w_init structural C:/Users/laca/Desktop/iRoobo2014Ver3/Fpga/SPARTAN3E/Spartan3E6500SystemVer2/dcMOTORVelocityPID/netlist/synth_wrapper/jtagcosim_top.vhd sub00/vhpl03 1424711883
EN xlslicer NULL C:/Users/laca/Desktop/iRoobo2014Ver3/Fpga/SPARTAN3E/Spartan3E6500SystemVer2/dcMOTORVelocityPID/netlist/synth_wrapper/jtagcosim_top.vhd sub00/vhpl06 1424711886
EN synth_reg_w_init NULL C:/Users/laca/Desktop/iRoobo2014Ver3/Fpga/SPARTAN3E/Spartan3E6500SystemVer2/dcMOTORVelocityPID/netlist/synth_wrapper/jtagcosim_top.vhd sub00/vhpl04 1424711884
AR xlreqgrantmanager structural C:/Users/laca/Desktop/iRoobo2014Ver3/Fpga/SPARTAN3E/Spartan3E6500SystemVer2/dcMOTORVelocityPID/netlist/synth_wrapper/jtagcosim_top.vhd sub00/vhpl11 1424711891
EN xland2 NULL C:/Users/laca/Desktop/iRoobo2014Ver3/Fpga/SPARTAN3E/Spartan3E6500SystemVer2/dcMOTORVelocityPID/netlist/synth_wrapper/jtagcosim_top.vhd sub00/vhpl08 1424711888
EN xlreqgrantmanager NULL C:/Users/laca/Desktop/iRoobo2014Ver3/Fpga/SPARTAN3E/Spartan3E6500SystemVer2/dcMOTORVelocityPID/netlist/synth_wrapper/jtagcosim_top.vhd sub00/vhpl10 1424711890
AR xlobufds structural C:/Users/laca/Desktop/iRoobo2014Ver3/Fpga/SPARTAN3E/Spartan3E6500SystemVer2/dcMOTORVelocityPID/netlist/synth_wrapper/jtagcosim_top.vhd sub00/vhpl25 1424711905
EN xlobuf NULL C:/Users/laca/Desktop/iRoobo2014Ver3/Fpga/SPARTAN3E/Spartan3E6500SystemVer2/dcMOTORVelocityPID/netlist/synth_wrapper/jtagcosim_top.vhd sub00/vhpl20 1424711900
EN xliobuf NULL C:/Users/laca/Desktop/iRoobo2014Ver3/Fpga/SPARTAN3E/Spartan3E6500SystemVer2/dcMOTORVelocityPID/netlist/synth_wrapper/jtagcosim_top.vhd sub00/vhpl16 1424711896
AR synth_reg_w_init structural C:/Users/laca/Desktop/iRoobo2014Ver3/Fpga/SPARTAN3E/Spartan3E6500SystemVer2/dcMOTORVelocityPID/netlist/synth_wrapper/jtagcosim_top.vhd sub00/vhpl05 1424711885
EN sysgen_hw_cosim_interface NULL C:/Users/laca/Desktop/iRoobo2014Ver3/Fpga/SPARTAN3E/Spartan3E6500SystemVer2/dcMOTORVelocityPID/netlist/synth_wrapper/jtagcosim_top.vhd sub00/vhpl14 1424711894
