00:27:07 **** Build of project FSBLSdCardBoot_bsp ****
make -k all 
Finished building libraries
00:29:19 **** Incremental Build of configuration Release for project FSBLSdCardBoot ****
make all 
Building file: ../src/ddr_init.c
Invoking: ARM gcc compiler
arm-xilinx-eabi-gcc -Wall -O2 -c -fmessage-length=0 -I../../FSBLSdCardBoot_bsp/ps7_cortexa9_0/include -MMD -MP -MF"src/ddr_init.d" -MT"src/ddr_init.d" -o "src/ddr_init.o" "../src/ddr_init.c"
Finished building: ../src/ddr_init.c
 
Building file: ../src/ff.c
Invoking: ARM gcc compiler
arm-xilinx-eabi-gcc -Wall -O2 -c -fmessage-length=0 -I../../FSBLSdCardBoot_bsp/ps7_cortexa9_0/include -MMD -MP -MF"src/ff.d" -MT"src/ff.d" -o "src/ff.o" "../src/ff.c"
Finished building: ../src/ff.c
 
Building file: ../src/fsbl_handoff.S
Invoking: ARM gcc compiler
arm-xilinx-eabi-gcc -Wall -O2 -c -fmessage-length=0 -I../../FSBLSdCardBoot_bsp/ps7_cortexa9_0/include -MMD -MP -MF"src/fsbl_handoff.d" -MT"src/fsbl_handoff.d" -o "src/fsbl_handoff.o" "../src/fsbl_handoff.S"
Finished building: ../src/fsbl_handoff.S
 
Building file: ../src/fsbl_hooks.c
Invoking: ARM gcc compiler
arm-xilinx-eabi-gcc -Wall -O2 -c -fmessage-length=0 -I../../FSBLSdCardBoot_bsp/ps7_cortexa9_0/include -MMD -MP -MF"src/fsbl_hooks.d" -MT"src/fsbl_hooks.d" -o "src/fsbl_hooks.o" "../src/fsbl_hooks.c"
Finished building: ../src/fsbl_hooks.c
 
Building file: ../src/image_mover.c
Invoking: ARM gcc compiler
arm-xilinx-eabi-gcc -Wall -O2 -c -fmessage-length=0 -I../../FSBLSdCardBoot_bsp/ps7_cortexa9_0/include -MMD -MP -MF"src/image_mover.d" -MT"src/image_mover.d" -o "src/image_mover.o" "../src/image_mover.c"
Finished building: ../src/image_mover.c
 
Building file: ../src/main.c
Invoking: ARM gcc compiler
arm-xilinx-eabi-gcc -Wall -O2 -c -fmessage-length=0 -I../../FSBLSdCardBoot_bsp/ps7_cortexa9_0/include -MMD -MP -MF"src/main.d" -MT"src/main.d" -o "src/main.o" "../src/main.c"
Finished building: ../src/main.c
 
Building file: ../src/md5.c
Invoking: ARM gcc compiler
arm-xilinx-eabi-gcc -Wall -O2 -c -fmessage-length=0 -I../../FSBLSdCardBoot_bsp/ps7_cortexa9_0/include -MMD -MP -MF"src/md5.d" -MT"src/md5.d" -o "src/md5.o" "../src/md5.c"
../src/md5.c: In function 'MD5Final':
../src/md5.c:445:2: warning: dereferencing type-punned pointer will break strict-aliasing rules [-Wstrict-aliasing]
../src/md5.c:446:2: warning: dereferencing type-punned pointer will break strict-aliasing rules [-Wstrict-aliasing]
Finished building: ../src/md5.c
 
Building file: ../src/mmc.c
Invoking: ARM gcc compiler
arm-xilinx-eabi-gcc -Wall -O2 -c -fmessage-length=0 -I../../FSBLSdCardBoot_bsp/ps7_cortexa9_0/include -MMD -MP -MF"src/mmc.d" -MT"src/mmc.d" -o "src/mmc.o" "../src/mmc.c"
Finished building: ../src/mmc.c
 
Building file: ../src/nand.c
Invoking: ARM gcc compiler
arm-xilinx-eabi-gcc -Wall -O2 -c -fmessage-length=0 -I../../FSBLSdCardBoot_bsp/ps7_cortexa9_0/include -MMD -MP -MF"src/nand.d" -MT"src/nand.d" -o "src/nand.o" "../src/nand.c"
Finished building: ../src/nand.c
 
Building file: ../src/nor.c
Invoking: ARM gcc compiler
arm-xilinx-eabi-gcc -Wall -O2 -c -fmessage-length=0 -I../../FSBLSdCardBoot_bsp/ps7_cortexa9_0/include -MMD -MP -MF"src/nor.d" -MT"src/nor.d" -o "src/nor.o" "../src/nor.c"
Finished building: ../src/nor.c
 
Building file: ../src/pcap.c
Invoking: ARM gcc compiler
arm-xilinx-eabi-gcc -Wall -O2 -c -fmessage-length=0 -I../../FSBLSdCardBoot_bsp/ps7_cortexa9_0/include -MMD -MP -MF"src/pcap.d" -MT"src/pcap.d" -o "src/pcap.o" "../src/pcap.c"
Finished building: ../src/pcap.c
 
Building file: ../src/ps7_init.c
Invoking: ARM gcc compiler
arm-xilinx-eabi-gcc -Wall -O2 -c -fmessage-length=0 -I../../FSBLSdCardBoot_bsp/ps7_cortexa9_0/include -MMD -MP -MF"src/ps7_init.d" -MT"src/ps7_init.d" -o "src/ps7_init.o" "../src/ps7_init.c"
Finished building: ../src/ps7_init.c
 
Building file: ../src/qspi.c
Invoking: ARM gcc compiler
arm-xilinx-eabi-gcc -Wall -O2 -c -fmessage-length=0 -I../../FSBLSdCardBoot_bsp/ps7_cortexa9_0/include -MMD -MP -MF"src/qspi.d" -MT"src/qspi.d" -o "src/qspi.o" "../src/qspi.c"
Finished building: ../src/qspi.c
 
Building file: ../src/rsa.c
Invoking: ARM gcc compiler
arm-xilinx-eabi-gcc -Wall -O2 -c -fmessage-length=0 -I../../FSBLSdCardBoot_bsp/ps7_cortexa9_0/include -MMD -MP -MF"src/rsa.d" -MT"src/rsa.d" -o "src/rsa.o" "../src/rsa.c"
Finished building: ../src/rsa.c
 
Building file: ../src/sd.c
Invoking: ARM gcc compiler
arm-xilinx-eabi-gcc -Wall -O2 -c -fmessage-length=0 -I../../FSBLSdCardBoot_bsp/ps7_cortexa9_0/include -MMD -MP -MF"src/sd.d" -MT"src/sd.d" -o "src/sd.o" "../src/sd.c"
Finished building: ../src/sd.c
 
Building target: FSBLSdCardBoot.elf
Invoking: ARM gcc linker
arm-xilinx-eabi-gcc -L"C:\Diak\gl\Zybo_master\workspace\FSBLSdCardBoot\src" -Wl,-T -Wl,../src/lscript.ld -L../../FSBLSdCardBoot_bsp/ps7_cortexa9_0/lib -o "FSBLSdCardBoot.elf"  ./src/ddr_init.o ./src/ff.o ./src/fsbl_handoff.o ./src/fsbl_hooks.o ./src/image_mover.o ./src/main.o ./src/md5.o ./src/mmc.o ./src/nand.o ./src/nor.o ./src/pcap.o ./src/ps7_init.o ./src/qspi.o ./src/rsa.o ./src/sd.o   -lrsa -Wl,--start-group,-lxil,-lgcc,-lc,--end-group
Finished building target: FSBLSdCardBoot.elf
 
Invoking: ARM Print Size
arm-xilinx-eabi-size FSBLSdCardBoot.elf  |tee "FSBLSdCardBoot.elf.size"
   text	   data	    bss	    dec	    hex	filename
  57012	  11624	  72500	 141136	  22750	FSBLSdCardBoot.elf
Finished building: FSBLSdCardBoot.elf.size
 
00:29:26 **** Incremental Build of configuration Debug for project TCPecho ****
make all 
make: Nothing to be done for `all'.
00:34:31 **** Incremental Build of configuration Release for project FSBLSdCardBoot ****
make all 
make: Nothing to be done for `all'.
00:34:32 **** Incremental Build of configuration Debug for project TCPecho ****
make all 
make: Nothing to be done for `all'.
00:36:41 **** Incremental Build of configuration Release for project FSBLSdCardBoot ****
make all 
make: Nothing to be done for `all'.
00:36:42 **** Incremental Build of configuration Debug for project TCPecho ****
make all 
make: Nothing to be done for `all'.
00:38:15 **** Clean-only build of configuration Release for project FSBLSdCardBoot ****
make clean 
rm -rf  ./src/ddr_init.o ./src/ff.o ./src/fsbl_handoff.o ./src/fsbl_hooks.o ./src/image_mover.o ./src/main.o ./src/md5.o ./src/mmc.o ./src/nand.o ./src/nor.o ./src/pcap.o ./src/ps7_init.o ./src/qspi.o ./src/rsa.o ./src/sd.o  ./src/ddr_init.d ./src/ff.d ./src/fsbl_hooks.d ./src/image_mover.d ./src/main.d ./src/md5.d ./src/mmc.d ./src/nand.d ./src/nor.d ./src/pcap.d ./src/ps7_init.d ./src/qspi.d ./src/rsa.d ./src/sd.d  FSBLSdCardBoot.elf.size  ./src/fsbl_handoff.d  FSBLSdCardBoot.elf
 
00:38:16 **** Incremental Build of configuration Release for project FSBLSdCardBoot ****
make all 
Building file: ../src/ddr_init.c
Invoking: ARM gcc compiler
arm-xilinx-eabi-gcc -Wall -O2 -c -fmessage-length=0 -I../../FSBLSdCardBoot_bsp/ps7_cortexa9_0/include -MMD -MP -MF"src/ddr_init.d" -MT"src/ddr_init.d" -o "src/ddr_init.o" "../src/ddr_init.c"
Finished building: ../src/ddr_init.c
 
Building file: ../src/ff.c
Invoking: ARM gcc compiler
arm-xilinx-eabi-gcc -Wall -O2 -c -fmessage-length=0 -I../../FSBLSdCardBoot_bsp/ps7_cortexa9_0/include -MMD -MP -MF"src/ff.d" -MT"src/ff.d" -o "src/ff.o" "../src/ff.c"
Finished building: ../src/ff.c
 
Building file: ../src/fsbl_handoff.S
Invoking: ARM gcc compiler
arm-xilinx-eabi-gcc -Wall -O2 -c -fmessage-length=0 -I../../FSBLSdCardBoot_bsp/ps7_cortexa9_0/include -MMD -MP -MF"src/fsbl_handoff.d" -MT"src/fsbl_handoff.d" -o "src/fsbl_handoff.o" "../src/fsbl_handoff.S"
Finished building: ../src/fsbl_handoff.S
 
Building file: ../src/fsbl_hooks.c
Invoking: ARM gcc compiler
arm-xilinx-eabi-gcc -Wall -O2 -c -fmessage-length=0 -I../../FSBLSdCardBoot_bsp/ps7_cortexa9_0/include -MMD -MP -MF"src/fsbl_hooks.d" -MT"src/fsbl_hooks.d" -o "src/fsbl_hooks.o" "../src/fsbl_hooks.c"
Finished building: ../src/fsbl_hooks.c
 
Building file: ../src/image_mover.c
Invoking: ARM gcc compiler
arm-xilinx-eabi-gcc -Wall -O2 -c -fmessage-length=0 -I../../FSBLSdCardBoot_bsp/ps7_cortexa9_0/include -MMD -MP -MF"src/image_mover.d" -MT"src/image_mover.d" -o "src/image_mover.o" "../src/image_mover.c"
Finished building: ../src/image_mover.c
 
Building file: ../src/main.c
Invoking: ARM gcc compiler
arm-xilinx-eabi-gcc -Wall -O2 -c -fmessage-length=0 -I../../FSBLSdCardBoot_bsp/ps7_cortexa9_0/include -MMD -MP -MF"src/main.d" -MT"src/main.d" -o "src/main.o" "../src/main.c"
Finished building: ../src/main.c
 
Building file: ../src/md5.c
Invoking: ARM gcc compiler
arm-xilinx-eabi-gcc -Wall -O2 -c -fmessage-length=0 -I../../FSBLSdCardBoot_bsp/ps7_cortexa9_0/include -MMD -MP -MF"src/md5.d" -MT"src/md5.d" -o "src/md5.o" "../src/md5.c"
../src/md5.c: In function 'MD5Final':
../src/md5.c:445:2: warning: dereferencing type-punned pointer will break strict-aliasing rules [-Wstrict-aliasing]
../src/md5.c:446:2: warning: dereferencing type-punned pointer will break strict-aliasing rules [-Wstrict-aliasing]
Finished building: ../src/md5.c
 
Building file: ../src/mmc.c
Invoking: ARM gcc compiler
arm-xilinx-eabi-gcc -Wall -O2 -c -fmessage-length=0 -I../../FSBLSdCardBoot_bsp/ps7_cortexa9_0/include -MMD -MP -MF"src/mmc.d" -MT"src/mmc.d" -o "src/mmc.o" "../src/mmc.c"
Finished building: ../src/mmc.c
 
Building file: ../src/nand.c
Invoking: ARM gcc compiler
arm-xilinx-eabi-gcc -Wall -O2 -c -fmessage-length=0 -I../../FSBLSdCardBoot_bsp/ps7_cortexa9_0/include -MMD -MP -MF"src/nand.d" -MT"src/nand.d" -o "src/nand.o" "../src/nand.c"
Finished building: ../src/nand.c
 
Building file: ../src/nor.c
Invoking: ARM gcc compiler
arm-xilinx-eabi-gcc -Wall -O2 -c -fmessage-length=0 -I../../FSBLSdCardBoot_bsp/ps7_cortexa9_0/include -MMD -MP -MF"src/nor.d" -MT"src/nor.d" -o "src/nor.o" "../src/nor.c"
Finished building: ../src/nor.c
 
Building file: ../src/pcap.c
Invoking: ARM gcc compiler
arm-xilinx-eabi-gcc -Wall -O2 -c -fmessage-length=0 -I../../FSBLSdCardBoot_bsp/ps7_cortexa9_0/include -MMD -MP -MF"src/pcap.d" -MT"src/pcap.d" -o "src/pcap.o" "../src/pcap.c"
Finished building: ../src/pcap.c
 
Building file: ../src/ps7_init.c
Invoking: ARM gcc compiler
arm-xilinx-eabi-gcc -Wall -O2 -c -fmessage-length=0 -I../../FSBLSdCardBoot_bsp/ps7_cortexa9_0/include -MMD -MP -MF"src/ps7_init.d" -MT"src/ps7_init.d" -o "src/ps7_init.o" "../src/ps7_init.c"
Finished building: ../src/ps7_init.c
 
Building file: ../src/qspi.c
Invoking: ARM gcc compiler
arm-xilinx-eabi-gcc -Wall -O2 -c -fmessage-length=0 -I../../FSBLSdCardBoot_bsp/ps7_cortexa9_0/include -MMD -MP -MF"src/qspi.d" -MT"src/qspi.d" -o "src/qspi.o" "../src/qspi.c"
Finished building: ../src/qspi.c
 
Building file: ../src/rsa.c
Invoking: ARM gcc compiler
arm-xilinx-eabi-gcc -Wall -O2 -c -fmessage-length=0 -I../../FSBLSdCardBoot_bsp/ps7_cortexa9_0/include -MMD -MP -MF"src/rsa.d" -MT"src/rsa.d" -o "src/rsa.o" "../src/rsa.c"
Finished building: ../src/rsa.c
 
Building file: ../src/sd.c
Invoking: ARM gcc compiler
arm-xilinx-eabi-gcc -Wall -O2 -c -fmessage-length=0 -I../../FSBLSdCardBoot_bsp/ps7_cortexa9_0/include -MMD -MP -MF"src/sd.d" -MT"src/sd.d" -o "src/sd.o" "../src/sd.c"
Finished building: ../src/sd.c
 
Building target: FSBLSdCardBoot.elf
Invoking: ARM gcc linker
arm-xilinx-eabi-gcc -L"C:\Diak\gl\Zybo_master\workspace\FSBLSdCardBoot\src" -Wl,-T -Wl,../src/lscript.ld -L../../FSBLSdCardBoot_bsp/ps7_cortexa9_0/lib -o "FSBLSdCardBoot.elf"  ./src/ddr_init.o ./src/ff.o ./src/fsbl_handoff.o ./src/fsbl_hooks.o ./src/image_mover.o ./src/main.o ./src/md5.o ./src/mmc.o ./src/nand.o ./src/nor.o ./src/pcap.o ./src/ps7_init.o ./src/qspi.o ./src/rsa.o ./src/sd.o   -lrsa -Wl,--start-group,-lxil,-lgcc,-lc,--end-group
Finished building target: FSBLSdCardBoot.elf
 
Invoking: ARM Print Size
arm-xilinx-eabi-size FSBLSdCardBoot.elf  |tee "FSBLSdCardBoot.elf.size"
   text	   data	    bss	    dec	    hex	filename
  57012	  11624	  72500	 141136	  22750	FSBLSdCardBoot.elf
Finished building: FSBLSdCardBoot.elf.size
 
00:38:24 **** Incremental Build of configuration Debug for project TCPecho ****
make all 
make: Nothing to be done for `all'.
01:03:00 **** Clean-only build of configuration Release for project FSBLSdCardBoot ****
make clean 
rm -rf  ./src/ddr_init.o ./src/ff.o ./src/fsbl_handoff.o ./src/fsbl_hooks.o ./src/image_mover.o ./src/main.o ./src/md5.o ./src/mmc.o ./src/nand.o ./src/nor.o ./src/pcap.o ./src/ps7_init.o ./src/qspi.o ./src/rsa.o ./src/sd.o  ./src/ddr_init.d ./src/ff.d ./src/fsbl_hooks.d ./src/image_mover.d ./src/main.d ./src/md5.d ./src/mmc.d ./src/nand.d ./src/nor.d ./src/pcap.d ./src/ps7_init.d ./src/qspi.d ./src/rsa.d ./src/sd.d  FSBLSdCardBoot.elf.size  ./src/fsbl_handoff.d  FSBLSdCardBoot.elf
 
01:03:01 **** Auto Build of configuration Release for project FSBLSdCardBoot ****
make all 
Building file: ../src/ddr_init.c
Invoking: ARM gcc compiler
arm-xilinx-eabi-gcc -Wall -O2 -c -fmessage-length=0 -I../../timerTest_bsp/ps7_cortexa9_0/include -MMD -MP -MF"src/ddr_init.d" -MT"src/ddr_init.d" -o "src/ddr_init.o" "../src/ddr_init.c"
Finished building: ../src/ddr_init.c
 
Building file: ../src/ff.c
Invoking: ARM gcc compiler
arm-xilinx-eabi-gcc -Wall -O2 -c -fmessage-length=0 -I../../timerTest_bsp/ps7_cortexa9_0/include -MMD -MP -MF"src/ff.d" -MT"src/ff.d" -o "src/ff.o" "../src/ff.c"
Finished building: ../src/ff.c
 
Building file: ../src/fsbl_handoff.S
Invoking: ARM gcc compiler
arm-xilinx-eabi-gcc -Wall -O2 -c -fmessage-length=0 -I../../timerTest_bsp/ps7_cortexa9_0/include -MMD -MP -MF"src/fsbl_handoff.d" -MT"src/fsbl_handoff.d" -o "src/fsbl_handoff.o" "../src/fsbl_handoff.S"
Finished building: ../src/fsbl_handoff.S
 
Building file: ../src/fsbl_hooks.c
Invoking: ARM gcc compiler
arm-xilinx-eabi-gcc -Wall -O2 -c -fmessage-length=0 -I../../timerTest_bsp/ps7_cortexa9_0/include -MMD -MP -MF"src/fsbl_hooks.d" -MT"src/fsbl_hooks.d" -o "src/fsbl_hooks.o" "../src/fsbl_hooks.c"
Finished building: ../src/fsbl_hooks.c
 
Building file: ../src/image_mover.c
Invoking: ARM gcc compiler
arm-xilinx-eabi-gcc -Wall -O2 -c -fmessage-length=0 -I../../timerTest_bsp/ps7_cortexa9_0/include -MMD -MP -MF"src/image_mover.d" -MT"src/image_mover.d" -o "src/image_mover.o" "../src/image_mover.c"
Finished building: ../src/image_mover.c
 
Building file: ../src/main.c
Invoking: ARM gcc compiler
arm-xilinx-eabi-gcc -Wall -O2 -c -fmessage-length=0 -I../../timerTest_bsp/ps7_cortexa9_0/include -MMD -MP -MF"src/main.d" -MT"src/main.d" -o "src/main.o" "../src/main.c"
Finished building: ../src/main.c
 
Building file: ../src/md5.c
Invoking: ARM gcc compiler
arm-xilinx-eabi-gcc -Wall -O2 -c -fmessage-length=0 -I../../timerTest_bsp/ps7_cortexa9_0/include -MMD -MP -MF"src/md5.d" -MT"src/md5.d" -o "src/md5.o" "../src/md5.c"
../src/md5.c: In function 'MD5Final':
../src/md5.c:445:2: warning: dereferencing type-punned pointer will break strict-aliasing rules [-Wstrict-aliasing]
../src/md5.c:446:2: warning: dereferencing type-punned pointer will break strict-aliasing rules [-Wstrict-aliasing]
Finished building: ../src/md5.c
 
Building file: ../src/mmc.c
Invoking: ARM gcc compiler
arm-xilinx-eabi-gcc -Wall -O2 -c -fmessage-length=0 -I../../timerTest_bsp/ps7_cortexa9_0/include -MMD -MP -MF"src/mmc.d" -MT"src/mmc.d" -o "src/mmc.o" "../src/mmc.c"
Finished building: ../src/mmc.c
 
Building file: ../src/nand.c
Invoking: ARM gcc compiler
arm-xilinx-eabi-gcc -Wall -O2 -c -fmessage-length=0 -I../../timerTest_bsp/ps7_cortexa9_0/include -MMD -MP -MF"src/nand.d" -MT"src/nand.d" -o "src/nand.o" "../src/nand.c"
Finished building: ../src/nand.c
 
Building file: ../src/nor.c
Invoking: ARM gcc compiler
arm-xilinx-eabi-gcc -Wall -O2 -c -fmessage-length=0 -I../../timerTest_bsp/ps7_cortexa9_0/include -MMD -MP -MF"src/nor.d" -MT"src/nor.d" -o "src/nor.o" "../src/nor.c"
Finished building: ../src/nor.c
 
Building file: ../src/pcap.c
Invoking: ARM gcc compiler
arm-xilinx-eabi-gcc -Wall -O2 -c -fmessage-length=0 -I../../timerTest_bsp/ps7_cortexa9_0/include -MMD -MP -MF"src/pcap.d" -MT"src/pcap.d" -o "src/pcap.o" "../src/pcap.c"
Finished building: ../src/pcap.c
 
Building file: ../src/ps7_init.c
Invoking: ARM gcc compiler
arm-xilinx-eabi-gcc -Wall -O2 -c -fmessage-length=0 -I../../timerTest_bsp/ps7_cortexa9_0/include -MMD -MP -MF"src/ps7_init.d" -MT"src/ps7_init.d" -o "src/ps7_init.o" "../src/ps7_init.c"
Finished building: ../src/ps7_init.c
 
Building file: ../src/qspi.c
Invoking: ARM gcc compiler
arm-xilinx-eabi-gcc -Wall -O2 -c -fmessage-length=0 -I../../timerTest_bsp/ps7_cortexa9_0/include -MMD -MP -MF"src/qspi.d" -MT"src/qspi.d" -o "src/qspi.o" "../src/qspi.c"
Finished building: ../src/qspi.c
 
Building file: ../src/rsa.c
Invoking: ARM gcc compiler
arm-xilinx-eabi-gcc -Wall -O2 -c -fmessage-length=0 -I../../timerTest_bsp/ps7_cortexa9_0/include -MMD -MP -MF"src/rsa.d" -MT"src/rsa.d" -o "src/rsa.o" "../src/rsa.c"
Finished building: ../src/rsa.c
 
Building file: ../src/sd.c
Invoking: ARM gcc compiler
arm-xilinx-eabi-gcc -Wall -O2 -c -fmessage-length=0 -I../../timerTest_bsp/ps7_cortexa9_0/include -MMD -MP -MF"src/sd.d" -MT"src/sd.d" -o "src/sd.o" "../src/sd.c"
Finished building: ../src/sd.c
 
Building target: FSBLSdCardBoot.elf
Invoking: ARM gcc linker
arm-xilinx-eabi-gcc -L"C:\Diak\gl\Zybo_master\workspace\FSBLSdCardBoot\src" -Wl,-T -Wl,../src/lscript.ld -L../../timerTest_bsp/ps7_cortexa9_0/lib -o "FSBLSdCardBoot.elf"  ./src/ddr_init.o ./src/ff.o ./src/fsbl_handoff.o ./src/fsbl_hooks.o ./src/image_mover.o ./src/main.o ./src/md5.o ./src/mmc.o ./src/nand.o ./src/nor.o ./src/pcap.o ./src/ps7_init.o ./src/qspi.o ./src/rsa.o ./src/sd.o   -lrsa -Wl,--start-group,-lxil,-lgcc,-lc,--end-group -Wl,--start-group,-lxil,-llwip4,-lgcc,-lc,--end-group
Finished building target: FSBLSdCardBoot.elf
 
Invoking: ARM Print Size
arm-xilinx-eabi-size FSBLSdCardBoot.elf  |tee "FSBLSdCardBoot.elf.size"
   text	   data	    bss	    dec	    hex	filename
  56512	  11624	  72500	 140636	  2255c	FSBLSdCardBoot.elf
Finished building: FSBLSdCardBoot.elf.size
 
01:03:20 **** Incremental Build of configuration Debug for project TCPecho ****
make all 
make: Nothing to be done for `all'.
01:03:21 **** Incremental Build of configuration Release for project FSBLSdCardBoot ****
make all 
make: Nothing to be done for `all'.
22:41:59 **** Auto Build of configuration Debug for project TCPecho ****
make all 
Building file: ../src/main.c
Invoking: ARM gcc compiler
arm-xilinx-eabi-gcc -Wall -O0 -g3 -c -fmessage-length=0 -I../../timerTest_bsp/ps7_cortexa9_0/include -MMD -MP -MF"src/main.d" -MT"src/main.d" -o "src/main.o" "../src/main.c"
In file included from ../src/main.c:43:0:
../src/GyroReg9150.h:13:0: warning: "MPU9150_SELF_TEST_X" redefined [enabled by default]
../src/GyroReg9150.h:11:0: note: this is the location of the previous definition
../src/main.c:137:1: warning: data definition has no type or storage class [enabled by default]
../src/main.c:137:1: warning: type defaults to 'int' in declaration of 'start_application7' [-Wimplicit-int]
../src/main.c:347:1: warning: no semicolon at end of struct or union [enabled by default]
../src/main.c: In function 'main':
../src/main.c:450:1: warning: implicit declaration of function 'GyroSensorInit6050' [-Wimplicit-function-declaration]
../src/main.c:516:2: warning: implicit declaration of function 'start_application8' [-Wimplicit-function-declaration]
../src/main.c:517:2: warning: implicit declaration of function 'start_application9' [-Wimplicit-function-declaration]
../src/main.c:464:14: warning: unused variable 'ReceivedCount' [-Wunused-variable]
../src/main.c:463:4: warning: unused variable 'RecvBuffer' [-Wunused-variable]
../src/main.c:462:4: warning: unused variable 'SendBuffer' [-Wunused-variable]
../src/main.c:460:5: warning: unused variable 'SentCount' [-Wunused-variable]
../src/main.c:400:14: warning: unused variable 'v' [-Wunused-variable]
../src/main.c:399:14: warning: unused variable 'o' [-Wunused-variable]
../src/main.c:398:26: warning: unused variable 'rbuff' [-Wunused-variable]
../src/main.c:398:17: warning: variable 'bufs' set but not used [-Wunused-but-set-variable]
../src/main.c:398:8: warning: variable 'buff' set but not used [-Wunused-but-set-variable]
../src/main.c:397:8: warning: unused variable 'c' [-Wunused-variable]
../src/main.c:396:9: warning: unused variable 'x' [-Wunused-variable]
../src/main.c: In function 'TmrCtrIntr':
../src/main.c:533:6: warning: unused variable 'LastTimerExpired' [-Wunused-variable]
../src/main.c: In function 'TsTimerCounterHandler':
../src/main.c:641:4: warning: passing argument 2 of 'XSpi_Transfer' from incompatible pointer type [enabled by default]
In file included from ../src/main.c:54:0:
../../timerTest_bsp/ps7_cortexa9_0/include/xspi.h:809:5: note: expected 'u8 *' but argument is of type 'struct inIpMag *'
../src/main.c:641:4: warning: passing argument 3 of 'XSpi_Transfer' from incompatible pointer type [enabled by default]
In file included from ../src/main.c:54:0:
../../timerTest_bsp/ps7_cortexa9_0/include/xspi.h:809:5: note: expected 'u8 *' but argument is of type 'struct outMag *'
../src/main.c:636:8: warning: unused variable 'i' [-Wunused-variable]
../src/main.c: In function 'Gpio_4SWITCHBut_HANDLER':
../src/main.c:776:5: warning: passing argument 2 of 'XSpi_Transfer' from incompatible pointer type [enabled by default]
In file included from ../src/main.c:54:0:
../../timerTest_bsp/ps7_cortexa9_0/include/xspi.h:809:5: note: expected 'u8 *' but argument is of type 's32 *'
../src/main.c:776:5: warning: passing argument 3 of 'XSpi_Transfer' from incompatible pointer type [enabled by default]
In file included from ../src/main.c:54:0:
../../timerTest_bsp/ps7_cortexa9_0/include/xspi.h:809:5: note: expected 'u8 *' but argument is of type 's32 *'
../src/main.c: In function 'SetupInterruptSystem':
../src/main.c:804:18: warning: unused variable 'IntcConfig' [-Wunused-variable]
../src/main.c: In function 'recvGyroData9150':
../src/main.c:922:6: warning: unused variable 'i' [-Wunused-variable]
../src/main.c:921:6: warning: unused variable 'countFifo' [-Wunused-variable]
../src/main.c: In function 'recv_callback7':
../src/main.c:1105:2: warning: "/*" within comment [-Wcomment]
../src/main.c: In function 'recv_callback9':
../src/main.c:1299:3: warning: statement with no effect [-Wunused-value]
../src/main.c:1300:3: error: expected ';' before 'break'
../src/main.c:1280:6: warning: unused variable 'dataReg' [-Wunused-variable]
../src/main.c: In function 'UartNs550IntrUartGPS':
../src/main.c:1458:2: warning: implicit declaration of function 'XUartNs550_SetBaudRate' [-Wimplicit-function-declaration]
../src/main.c:1436:6: warning: unused variable 'BadByteCount' [-Wunused-variable]
../src/main.c: In function 'UartNs550IntrHandlerUartGPS':
../src/main.c:1471:9: warning: unused variable 'count' [-Wunused-variable]
../src/main.c:1468:14: warning: unused variable 'UartNs550Ptr' [-Wunused-variable]
../src/main.c:1467:5: warning: unused variable 'Errors' [-Wunused-variable]
../src/main.c: In function 'SpiSpartanInit':
../src/main.c:1513:5: warning: variable 'Test' set but not used [-Wunused-but-set-variable]
../src/main.c:1512:6: warning: unused variable 'Count' [-Wunused-variable]
../src/main.c: At top level:
../src/main.c:1480:13: warning: 'UartNs550DisableIntrSystemUartGPS' defined but not used [-Wunused-function]
../src/main.c:390:21: warning: 'comand' defined but not used [-Wunused-variable]
../src/main.c: In function 'recvGyroData9150':
../src/main.c:963:1: warning: control reaches end of non-void function [-Wreturn-type]
../src/main.c: In function 'recvGyroData6050':
../src/main.c:918:1: warning: control reaches end of non-void function [-Wreturn-type]
make: *** [src/main.o] Error 1
22:42:01 **** Clean-only build of configuration Release for project FSBLSdCardBoot ****
make clean 
rm -rf  ./src/ddr_init.o ./src/ff.o ./src/fsbl_handoff.o ./src/fsbl_hooks.o ./src/image_mover.o ./src/main.o ./src/md5.o ./src/mmc.o ./src/nand.o ./src/nor.o ./src/pcap.o ./src/ps7_init.o ./src/qspi.o ./src/rsa.o ./src/sd.o  ./src/ddr_init.d ./src/ff.d ./src/fsbl_hooks.d ./src/image_mover.d ./src/main.d ./src/md5.d ./src/mmc.d ./src/nand.d ./src/nor.d ./src/pcap.d ./src/ps7_init.d ./src/qspi.d ./src/rsa.d ./src/sd.d  FSBLSdCardBoot.elf.size  ./src/fsbl_handoff.d  FSBLSdCardBoot.elf
 
22:42:02 **** Build of configuration Release for project FSBLSdCardBoot ****
make all 
Building file: ../src/ddr_init.c
Invoking: ARM gcc compiler
arm-xilinx-eabi-gcc -Wall -O2 -c -fmessage-length=0 -I../../timerTest_bsp/ps7_cortexa9_0/include -MMD -MP -MF"src/ddr_init.d" -MT"src/ddr_init.d" -o "src/ddr_init.o" "../src/ddr_init.c"
Finished building: ../src/ddr_init.c
 
Building file: ../src/ff.c
Invoking: ARM gcc compiler
arm-xilinx-eabi-gcc -Wall -O2 -c -fmessage-length=0 -I../../timerTest_bsp/ps7_cortexa9_0/include -MMD -MP -MF"src/ff.d" -MT"src/ff.d" -o "src/ff.o" "../src/ff.c"
Finished building: ../src/ff.c
 
Building file: ../src/fsbl_handoff.S
Invoking: ARM gcc compiler
arm-xilinx-eabi-gcc -Wall -O2 -c -fmessage-length=0 -I../../timerTest_bsp/ps7_cortexa9_0/include -MMD -MP -MF"src/fsbl_handoff.d" -MT"src/fsbl_handoff.d" -o "src/fsbl_handoff.o" "../src/fsbl_handoff.S"
Finished building: ../src/fsbl_handoff.S
 
Building file: ../src/fsbl_hooks.c
Invoking: ARM gcc compiler
arm-xilinx-eabi-gcc -Wall -O2 -c -fmessage-length=0 -I../../timerTest_bsp/ps7_cortexa9_0/include -MMD -MP -MF"src/fsbl_hooks.d" -MT"src/fsbl_hooks.d" -o "src/fsbl_hooks.o" "../src/fsbl_hooks.c"
Finished building: ../src/fsbl_hooks.c
 
Building file: ../src/image_mover.c
Invoking: ARM gcc compiler
arm-xilinx-eabi-gcc -Wall -O2 -c -fmessage-length=0 -I../../timerTest_bsp/ps7_cortexa9_0/include -MMD -MP -MF"src/image_mover.d" -MT"src/image_mover.d" -o "src/image_mover.o" "../src/image_mover.c"
Finished building: ../src/image_mover.c
 
Building file: ../src/main.c
Invoking: ARM gcc compiler
arm-xilinx-eabi-gcc -Wall -O2 -c -fmessage-length=0 -I../../timerTest_bsp/ps7_cortexa9_0/include -MMD -MP -MF"src/main.d" -MT"src/main.d" -o "src/main.o" "../src/main.c"
Finished building: ../src/main.c
 
Building file: ../src/md5.c
Invoking: ARM gcc compiler
arm-xilinx-eabi-gcc -Wall -O2 -c -fmessage-length=0 -I../../timerTest_bsp/ps7_cortexa9_0/include -MMD -MP -MF"src/md5.d" -MT"src/md5.d" -o "src/md5.o" "../src/md5.c"
../src/md5.c: In function 'MD5Final':
../src/md5.c:445:2: warning: dereferencing type-punned pointer will break strict-aliasing rules [-Wstrict-aliasing]
../src/md5.c:446:2: warning: dereferencing type-punned pointer will break strict-aliasing rules [-Wstrict-aliasing]
Finished building: ../src/md5.c
 
Building file: ../src/mmc.c
Invoking: ARM gcc compiler
arm-xilinx-eabi-gcc -Wall -O2 -c -fmessage-length=0 -I../../timerTest_bsp/ps7_cortexa9_0/include -MMD -MP -MF"src/mmc.d" -MT"src/mmc.d" -o "src/mmc.o" "../src/mmc.c"
Finished building: ../src/mmc.c
 
Building file: ../src/nand.c
Invoking: ARM gcc compiler
arm-xilinx-eabi-gcc -Wall -O2 -c -fmessage-length=0 -I../../timerTest_bsp/ps7_cortexa9_0/include -MMD -MP -MF"src/nand.d" -MT"src/nand.d" -o "src/nand.o" "../src/nand.c"
Finished building: ../src/nand.c
 
Building file: ../src/nor.c
Invoking: ARM gcc compiler
arm-xilinx-eabi-gcc -Wall -O2 -c -fmessage-length=0 -I../../timerTest_bsp/ps7_cortexa9_0/include -MMD -MP -MF"src/nor.d" -MT"src/nor.d" -o "src/nor.o" "../src/nor.c"
Finished building: ../src/nor.c
 
Building file: ../src/pcap.c
Invoking: ARM gcc compiler
arm-xilinx-eabi-gcc -Wall -O2 -c -fmessage-length=0 -I../../timerTest_bsp/ps7_cortexa9_0/include -MMD -MP -MF"src/pcap.d" -MT"src/pcap.d" -o "src/pcap.o" "../src/pcap.c"
Finished building: ../src/pcap.c
 
Building file: ../src/ps7_init.c
Invoking: ARM gcc compiler
arm-xilinx-eabi-gcc -Wall -O2 -c -fmessage-length=0 -I../../timerTest_bsp/ps7_cortexa9_0/include -MMD -MP -MF"src/ps7_init.d" -MT"src/ps7_init.d" -o "src/ps7_init.o" "../src/ps7_init.c"
Finished building: ../src/ps7_init.c
 
Building file: ../src/qspi.c
Invoking: ARM gcc compiler
arm-xilinx-eabi-gcc -Wall -O2 -c -fmessage-length=0 -I../../timerTest_bsp/ps7_cortexa9_0/include -MMD -MP -MF"src/qspi.d" -MT"src/qspi.d" -o "src/qspi.o" "../src/qspi.c"
Finished building: ../src/qspi.c
 
Building file: ../src/rsa.c
Invoking: ARM gcc compiler
arm-xilinx-eabi-gcc -Wall -O2 -c -fmessage-length=0 -I../../timerTest_bsp/ps7_cortexa9_0/include -MMD -MP -MF"src/rsa.d" -MT"src/rsa.d" -o "src/rsa.o" "../src/rsa.c"
Finished building: ../src/rsa.c
 
Building file: ../src/sd.c
Invoking: ARM gcc compiler
arm-xilinx-eabi-gcc -Wall -O2 -c -fmessage-length=0 -I../../timerTest_bsp/ps7_cortexa9_0/include -MMD -MP -MF"src/sd.d" -MT"src/sd.d" -o "src/sd.o" "../src/sd.c"
Finished building: ../src/sd.c
 
Building target: FSBLSdCardBoot.elf
Invoking: ARM gcc linker
arm-xilinx-eabi-gcc -L"C:\Diak\gl\Zybo_master\workspace\FSBLSdCardBoot\src" -Wl,-T -Wl,../src/lscript.ld -L../../timerTest_bsp/ps7_cortexa9_0/lib -o "FSBLSdCardBoot.elf"  ./src/ddr_init.o ./src/ff.o ./src/fsbl_handoff.o ./src/fsbl_hooks.o ./src/image_mover.o ./src/main.o ./src/md5.o ./src/mmc.o ./src/nand.o ./src/nor.o ./src/pcap.o ./src/ps7_init.o ./src/qspi.o ./src/rsa.o ./src/sd.o   -lrsa -Wl,--start-group,-lxil,-lgcc,-lc,--end-group -Wl,--start-group,-lxil,-llwip4,-lgcc,-lc,--end-group
Finished building target: FSBLSdCardBoot.elf
 
Invoking: ARM Print Size
arm-xilinx-eabi-size FSBLSdCardBoot.elf  |tee "FSBLSdCardBoot.elf.size"
   text	   data	    bss	    dec	    hex	filename
  56512	  11624	  72500	 140636	  2255c	FSBLSdCardBoot.elf
Finished building: FSBLSdCardBoot.elf.size
 
22:43:41 **** Auto Build of configuration Debug for project TCPecho ****
make all 
Building file: ../src/main.c
Invoking: ARM gcc compiler
arm-xilinx-eabi-gcc -Wall -O0 -g3 -c -fmessage-length=0 -I../../timerTest_bsp/ps7_cortexa9_0/include -MMD -MP -MF"src/main.d" -MT"src/main.d" -o "src/main.o" "../src/main.c"
In file included from ../src/main.c:43:0:
../src/GyroReg9150.h:13:0: warning: "MPU9150_SELF_TEST_X" redefined [enabled by default]
../src/GyroReg9150.h:11:0: note: this is the location of the previous definition
../src/main.c:137:1: warning: data definition has no type or storage class [enabled by default]
../src/main.c:137:1: warning: type defaults to 'int' in declaration of 'start_application7' [-Wimplicit-int]
../src/main.c:350:1: warning: no semicolon at end of struct or union [enabled by default]
../src/main.c: In function 'main':
../src/main.c:453:1: warning: implicit declaration of function 'GyroSensorInit6050' [-Wimplicit-function-declaration]
../src/main.c:519:2: warning: implicit declaration of function 'start_application8' [-Wimplicit-function-declaration]
../src/main.c:520:2: warning: implicit declaration of function 'start_application9' [-Wimplicit-function-declaration]
../src/main.c:467:14: warning: unused variable 'ReceivedCount' [-Wunused-variable]
../src/main.c:466:4: warning: unused variable 'RecvBuffer' [-Wunused-variable]
../src/main.c:465:4: warning: unused variable 'SendBuffer' [-Wunused-variable]
../src/main.c:463:5: warning: unused variable 'SentCount' [-Wunused-variable]
../src/main.c:403:14: warning: unused variable 'v' [-Wunused-variable]
../src/main.c:402:14: warning: unused variable 'o' [-Wunused-variable]
../src/main.c:401:26: warning: unused variable 'rbuff' [-Wunused-variable]
../src/main.c:401:17: warning: variable 'bufs' set but not used [-Wunused-but-set-variable]
../src/main.c:401:8: warning: variable 'buff' set but not used [-Wunused-but-set-variable]
../src/main.c:400:8: warning: unused variable 'c' [-Wunused-variable]
../src/main.c:399:9: warning: unused variable 'x' [-Wunused-variable]
../src/main.c: In function 'TmrCtrIntr':
../src/main.c:536:6: warning: unused variable 'LastTimerExpired' [-Wunused-variable]
../src/main.c: In function 'TsTimerCounterHandler':
../src/main.c:644:4: warning: passing argument 2 of 'XSpi_Transfer' from incompatible pointer type [enabled by default]
In file included from ../src/main.c:54:0:
../../timerTest_bsp/ps7_cortexa9_0/include/xspi.h:809:5: note: expected 'u8 *' but argument is of type 'struct inIpMag *'
../src/main.c:644:4: warning: passing argument 3 of 'XSpi_Transfer' from incompatible pointer type [enabled by default]
In file included from ../src/main.c:54:0:
../../timerTest_bsp/ps7_cortexa9_0/include/xspi.h:809:5: note: expected 'u8 *' but argument is of type 'struct outMag *'
../src/main.c:639:8: warning: unused variable 'i' [-Wunused-variable]
../src/main.c: In function 'Gpio_4SWITCHBut_HANDLER':
../src/main.c:779:5: warning: passing argument 2 of 'XSpi_Transfer' from incompatible pointer type [enabled by default]
In file included from ../src/main.c:54:0:
../../timerTest_bsp/ps7_cortexa9_0/include/xspi.h:809:5: note: expected 'u8 *' but argument is of type 's32 *'
../src/main.c:779:5: warning: passing argument 3 of 'XSpi_Transfer' from incompatible pointer type [enabled by default]
In file included from ../src/main.c:54:0:
../../timerTest_bsp/ps7_cortexa9_0/include/xspi.h:809:5: note: expected 'u8 *' but argument is of type 's32 *'
../src/main.c: In function 'SetupInterruptSystem':
../src/main.c:807:18: warning: unused variable 'IntcConfig' [-Wunused-variable]
../src/main.c: In function 'recvGyroData9150':
../src/main.c:925:6: warning: unused variable 'i' [-Wunused-variable]
../src/main.c:924:6: warning: unused variable 'countFifo' [-Wunused-variable]
../src/main.c: In function 'recv_callback7':
../src/main.c:1108:2: warning: "/*" within comment [-Wcomment]
../src/main.c: In function 'recv_callback9':
../src/main.c:1302:3: warning: statement with no effect [-Wunused-value]
../src/main.c:1303:3: error: expected ';' before 'break'
../src/main.c:1283:6: warning: unused variable 'dataReg' [-Wunused-variable]
../src/main.c: In function 'UartNs550IntrUartGPS':
../src/main.c:1461:2: warning: implicit declaration of function 'XUartNs550_SetBaudRate' [-Wimplicit-function-declaration]
../src/main.c:1439:6: warning: unused variable 'BadByteCount' [-Wunused-variable]
../src/main.c: In function 'UartNs550IntrHandlerUartGPS':
../src/main.c:1474:9: warning: unused variable 'count' [-Wunused-variable]
../src/main.c:1471:14: warning: unused variable 'UartNs550Ptr' [-Wunused-variable]
../src/main.c:1470:5: warning: unused variable 'Errors' [-Wunused-variable]
../src/main.c: In function 'SpiSpartanInit':
../src/main.c:1516:5: warning: variable 'Test' set but not used [-Wunused-but-set-variable]
../src/main.c:1515:6: warning: unused variable 'Count' [-Wunused-variable]
../src/main.c: At top level:
../src/main.c:1483:13: warning: 'UartNs550DisableIntrSystemUartGPS' defined but not used [-Wunused-function]
../src/main.c:393:21: warning: 'comand' defined but not used [-Wunused-variable]
../src/main.c: In function 'recvGyroData9150':
../src/main.c:966:1: warning: control reaches end of non-void function [-Wreturn-type]
../src/main.c: In function 'recvGyroData6050':
../src/main.c:921:1: warning: control reaches end of non-void function [-Wreturn-type]
make: *** [src/main.o] Error 1
22:44:26 **** Auto Build of configuration Debug for project TCPecho ****
make all 
Building file: ../src/main.c
Invoking: ARM gcc compiler
arm-xilinx-eabi-gcc -Wall -O0 -g3 -c -fmessage-length=0 -I../../timerTest_bsp/ps7_cortexa9_0/include -MMD -MP -MF"src/main.d" -MT"src/main.d" -o "src/main.o" "../src/main.c"
In file included from ../src/main.c:43:0:
../src/GyroReg9150.h:13:0: warning: "MPU9150_SELF_TEST_X" redefined [enabled by default]
../src/GyroReg9150.h:11:0: note: this is the location of the previous definition
../src/main.c:137:1: warning: data definition has no type or storage class [enabled by default]
../src/main.c:137:1: warning: type defaults to 'int' in declaration of 'start_application7' [-Wimplicit-int]
../src/main.c:350:1: warning: no semicolon at end of struct or union [enabled by default]
../src/main.c: In function 'main':
../src/main.c:453:1: warning: implicit declaration of function 'GyroSensorInit6050' [-Wimplicit-function-declaration]
../src/main.c:519:2: warning: implicit declaration of function 'start_application8' [-Wimplicit-function-declaration]
../src/main.c:520:2: warning: implicit declaration of function 'start_application9' [-Wimplicit-function-declaration]
../src/main.c:467:14: warning: unused variable 'ReceivedCount' [-Wunused-variable]
../src/main.c:466:4: warning: unused variable 'RecvBuffer' [-Wunused-variable]
../src/main.c:465:4: warning: unused variable 'SendBuffer' [-Wunused-variable]
../src/main.c:463:5: warning: unused variable 'SentCount' [-Wunused-variable]
../src/main.c:403:14: warning: unused variable 'v' [-Wunused-variable]
../src/main.c:402:14: warning: unused variable 'o' [-Wunused-variable]
../src/main.c:401:26: warning: unused variable 'rbuff' [-Wunused-variable]
../src/main.c:401:17: warning: variable 'bufs' set but not used [-Wunused-but-set-variable]
../src/main.c:401:8: warning: variable 'buff' set but not used [-Wunused-but-set-variable]
../src/main.c:400:8: warning: unused variable 'c' [-Wunused-variable]
../src/main.c:399:9: warning: unused variable 'x' [-Wunused-variable]
../src/main.c: In function 'TmrCtrIntr':
../src/main.c:536:6: warning: unused variable 'LastTimerExpired' [-Wunused-variable]
../src/main.c: In function 'TsTimerCounterHandler':
../src/main.c:644:4: warning: passing argument 2 of 'XSpi_Transfer' from incompatible pointer type [enabled by default]
In file included from ../src/main.c:54:0:
../../timerTest_bsp/ps7_cortexa9_0/include/xspi.h:809:5: note: expected 'u8 *' but argument is of type 'struct inIpMag *'
../src/main.c:644:4: warning: passing argument 3 of 'XSpi_Transfer' from incompatible pointer type [enabled by default]
In file included from ../src/main.c:54:0:
../../timerTest_bsp/ps7_cortexa9_0/include/xspi.h:809:5: note: expected 'u8 *' but argument is of type 'struct outMag *'
../src/main.c:639:8: warning: unused variable 'i' [-Wunused-variable]
../src/main.c: In function 'Gpio_4SWITCHBut_HANDLER':
../src/main.c:779:5: warning: passing argument 2 of 'XSpi_Transfer' from incompatible pointer type [enabled by default]
In file included from ../src/main.c:54:0:
../../timerTest_bsp/ps7_cortexa9_0/include/xspi.h:809:5: note: expected 'u8 *' but argument is of type 's32 *'
../src/main.c:779:5: warning: passing argument 3 of 'XSpi_Transfer' from incompatible pointer type [enabled by default]
In file included from ../src/main.c:54:0:
../../timerTest_bsp/ps7_cortexa9_0/include/xspi.h:809:5: note: expected 'u8 *' but argument is of type 's32 *'
../src/main.c: In function 'SetupInterruptSystem':
../src/main.c:807:18: warning: unused variable 'IntcConfig' [-Wunused-variable]
../src/main.c: In function 'recvGyroData9150':
../src/main.c:925:6: warning: unused variable 'i' [-Wunused-variable]
../src/main.c:924:6: warning: unused variable 'countFifo' [-Wunused-variable]
../src/main.c: In function 'recv_callback7':
../src/main.c:1108:2: warning: "/*" within comment [-Wcomment]
../src/main.c: In function 'recv_callback9':
../src/main.c:1282:2: warning: statement with no effect [-Wunused-value]
../src/main.c: In function 'UartNs550IntrUartGPS':
../src/main.c:1456:2: warning: implicit declaration of function 'XUartNs550_SetBaudRate' [-Wimplicit-function-declaration]
../src/main.c:1434:6: warning: unused variable 'BadByteCount' [-Wunused-variable]
../src/main.c: In function 'UartNs550IntrHandlerUartGPS':
../src/main.c:1469:9: warning: unused variable 'count' [-Wunused-variable]
../src/main.c:1466:14: warning: unused variable 'UartNs550Ptr' [-Wunused-variable]
../src/main.c:1465:5: warning: unused variable 'Errors' [-Wunused-variable]
../src/main.c: In function 'SpiSpartanInit':
../src/main.c:1511:5: warning: variable 'Test' set but not used [-Wunused-but-set-variable]
../src/main.c:1510:6: warning: unused variable 'Count' [-Wunused-variable]
../src/main.c: At top level:
../src/main.c:1478:13: warning: 'UartNs550DisableIntrSystemUartGPS' defined but not used [-Wunused-function]
../src/main.c:393:21: warning: 'comand' defined but not used [-Wunused-variable]
../src/main.c: In function 'recvGyroData9150':
../src/main.c:966:1: warning: control reaches end of non-void function [-Wreturn-type]
../src/main.c: In function 'recvGyroData6050':
../src/main.c:921:1: warning: control reaches end of non-void function [-Wreturn-type]
Finished building: ../src/main.c
 
Building target: TCPecho.elf
Invoking: ARM gcc linker
arm-xilinx-eabi-gcc -Wl,-T -Wl,../src/lscript.ld -L../../timerTest_bsp/ps7_cortexa9_0/lib -o "TCPecho.elf"  ./src/echo.o ./src/main.o ./src/platform.o ./src/platform_mb.o ./src/platform_ppc.o ./src/platform_zynq.o   -Wl,--start-group,-lxil,-lgcc,-lc,--end-group -Wl,--start-group,-lxil,-llwip4,-lgcc,-lc,--end-group
Finished building target: TCPecho.elf
 
Invoking: ARM Print Size
arm-xilinx-eabi-size TCPecho.elf  |tee "TCPecho.elf.size"
   text	   data	    bss	    dec	    hex	filename
 149260	   3240	311964636	312117136	129a8790	TCPecho.elf
Finished building: TCPecho.elf.size
 
22:52:10 **** Incremental Build of configuration Debug for project TCPecho ****
make all 
make: Nothing to be done for `all'.
22:52:12 **** Incremental Build of configuration Release for project FSBLSdCardBoot ****
make all 
make: Nothing to be done for `all'.
23:02:29 **** Auto Build of configuration Debug for project TCPecho ****
make all 
Building file: ../src/main.c
Invoking: ARM gcc compiler
arm-xilinx-eabi-gcc -Wall -O0 -g3 -c -fmessage-length=0 -I../../timerTest_bsp/ps7_cortexa9_0/include -MMD -MP -MF"src/main.d" -MT"src/main.d" -o "src/main.o" "../src/main.c"
In file included from ../src/main.c:43:0:
../src/GyroReg9150.h:13:0: warning: "MPU9150_SELF_TEST_X" redefined [enabled by default]
../src/GyroReg9150.h:11:0: note: this is the location of the previous definition
../src/main.c:137:1: warning: data definition has no type or storage class [enabled by default]
../src/main.c:137:1: warning: type defaults to 'int' in declaration of 'start_application7' [-Wimplicit-int]
../src/main.c:350:1: warning: no semicolon at end of struct or union [enabled by default]
../src/main.c: In function 'main':
../src/main.c:453:1: warning: implicit declaration of function 'GyroSensorInit6050' [-Wimplicit-function-declaration]
../src/main.c:519:2: warning: implicit declaration of function 'start_application8' [-Wimplicit-function-declaration]
../src/main.c:520:2: warning: implicit declaration of function 'start_application9' [-Wimplicit-function-declaration]
../src/main.c:467:14: warning: unused variable 'ReceivedCount' [-Wunused-variable]
../src/main.c:466:4: warning: unused variable 'RecvBuffer' [-Wunused-variable]
../src/main.c:465:4: warning: unused variable 'SendBuffer' [-Wunused-variable]
../src/main.c:463:5: warning: unused variable 'SentCount' [-Wunused-variable]
../src/main.c:403:14: warning: unused variable 'v' [-Wunused-variable]
../src/main.c:402:14: warning: unused variable 'o' [-Wunused-variable]
../src/main.c:401:26: warning: unused variable 'rbuff' [-Wunused-variable]
../src/main.c:401:17: warning: variable 'bufs' set but not used [-Wunused-but-set-variable]
../src/main.c:401:8: warning: variable 'buff' set but not used [-Wunused-but-set-variable]
../src/main.c:400:8: warning: unused variable 'c' [-Wunused-variable]
../src/main.c:399:9: warning: unused variable 'x' [-Wunused-variable]
../src/main.c: In function 'TmrCtrIntr':
../src/main.c:536:6: warning: unused variable 'LastTimerExpired' [-Wunused-variable]
../src/main.c: In function 'TsTimerCounterHandler':
../src/main.c:644:4: warning: passing argument 2 of 'XSpi_Transfer' from incompatible pointer type [enabled by default]
In file included from ../src/main.c:54:0:
../../timerTest_bsp/ps7_cortexa9_0/include/xspi.h:809:5: note: expected 'u8 *' but argument is of type 'struct inIpMag *'
../src/main.c:644:4: warning: passing argument 3 of 'XSpi_Transfer' from incompatible pointer type [enabled by default]
In file included from ../src/main.c:54:0:
../../timerTest_bsp/ps7_cortexa9_0/include/xspi.h:809:5: note: expected 'u8 *' but argument is of type 'struct outMag *'
../src/main.c:639:8: warning: unused variable 'i' [-Wunused-variable]
../src/main.c: In function 'Gpio_4SWITCHBut_HANDLER':
../src/main.c:779:5: warning: passing argument 2 of 'XSpi_Transfer' from incompatible pointer type [enabled by default]
In file included from ../src/main.c:54:0:
../../timerTest_bsp/ps7_cortexa9_0/include/xspi.h:809:5: note: expected 'u8 *' but argument is of type 's32 *'
../src/main.c:779:5: warning: passing argument 3 of 'XSpi_Transfer' from incompatible pointer type [enabled by default]
In file included from ../src/main.c:54:0:
../../timerTest_bsp/ps7_cortexa9_0/include/xspi.h:809:5: note: expected 'u8 *' but argument is of type 's32 *'
../src/main.c: In function 'SetupInterruptSystem':
../src/main.c:807:18: warning: unused variable 'IntcConfig' [-Wunused-variable]
../src/main.c: In function 'recvGyroData9150':
../src/main.c:925:6: warning: unused variable 'i' [-Wunused-variable]
../src/main.c:924:6: warning: unused variable 'countFifo' [-Wunused-variable]
../src/main.c: In function 'recv_callback7':
../src/main.c:1108:2: warning: "/*" within comment [-Wcomment]
../src/main.c: In function 'UartNs550IntrUartGPS':
../src/main.c:1456:2: warning: implicit declaration of function 'XUartNs550_SetBaudRate' [-Wimplicit-function-declaration]
../src/main.c:1434:6: warning: unused variable 'BadByteCount' [-Wunused-variable]
../src/main.c: In function 'UartNs550IntrHandlerUartGPS':
../src/main.c:1469:9: warning: unused variable 'count' [-Wunused-variable]
../src/main.c:1466:14: warning: unused variable 'UartNs550Ptr' [-Wunused-variable]
../src/main.c:1465:5: warning: unused variable 'Errors' [-Wunused-variable]
../src/main.c: In function 'SpiSpartanInit':
../src/main.c:1511:5: warning: variable 'Test' set but not used [-Wunused-but-set-variable]
../src/main.c:1510:6: warning: unused variable 'Count' [-Wunused-variable]
../src/main.c: At top level:
../src/main.c:1478:13: warning: 'UartNs550DisableIntrSystemUartGPS' defined but not used [-Wunused-function]
../src/main.c:393:21: warning: 'comand' defined but not used [-Wunused-variable]
../src/main.c: In function 'recvGyroData9150':
../src/main.c:966:1: warning: control reaches end of non-void function [-Wreturn-type]
../src/main.c: In function 'recvGyroData6050':
../src/main.c:921:1: warning: control reaches end of non-void function [-Wreturn-type]
Finished building: ../src/main.c
 
Building target: TCPecho.elf
Invoking: ARM gcc linker
arm-xilinx-eabi-gcc -Wl,-T -Wl,../src/lscript.ld -L../../timerTest_bsp/ps7_cortexa9_0/lib -o "TCPecho.elf"  ./src/echo.o ./src/main.o ./src/platform.o ./src/platform_mb.o ./src/platform_ppc.o ./src/platform_zynq.o   -Wl,--start-group,-lxil,-lgcc,-lc,--end-group -Wl,--start-group,-lxil,-llwip4,-lgcc,-lc,--end-group
Finished building target: TCPecho.elf
 
Invoking: ARM Print Size
arm-xilinx-eabi-size TCPecho.elf  |tee "TCPecho.elf.size"
   text	   data	    bss	    dec	    hex	filename
 149276	   3240	311964636	312117152	129a87a0	TCPecho.elf
Finished building: TCPecho.elf.size
 
23:02:42 **** Incremental Build of configuration Debug for project TCPecho ****
make all 
make: Nothing to be done for `all'.
23:02:44 **** Incremental Build of configuration Release for project FSBLSdCardBoot ****
make all 
make: Nothing to be done for `all'.
23:03:18 **** Incremental Build of configuration Debug for project TCPecho ****
make all 
make: Nothing to be done for `all'.
23:03:19 **** Incremental Build of configuration Release for project FSBLSdCardBoot ****
make all 
make: Nothing to be done for `all'.
23:03:41 **** Incremental Build of configuration Debug for project TCPecho ****
make all 
make: Nothing to be done for `all'.
23:03:43 **** Incremental Build of configuration Release for project FSBLSdCardBoot ****
make all 
make: Nothing to be done for `all'.
23:05:02 **** Incremental Build of configuration Debug for project TCPecho ****
make all 
make: Nothing to be done for `all'.
23:05:04 **** Incremental Build of configuration Release for project FSBLSdCardBoot ****
make all 
make: Nothing to be done for `all'.
17:56:16 **** Auto Build of configuration Debug for project TCPecho ****
make all 
Building file: ../src/main.c
Invoking: ARM gcc compiler
arm-xilinx-eabi-gcc -Wall -O0 -g3 -c -fmessage-length=0 -I../../timerTest_bsp/ps7_cortexa9_0/include -MMD -MP -MF"src/main.d" -MT"src/main.d" -o "src/main.o" "../src/main.c"
In file included from ../src/main.c:43:0:
../src/GyroReg9150.h:13:0: warning: "MPU9150_SELF_TEST_X" redefined [enabled by default]
../src/GyroReg9150.h:11:0: note: this is the location of the previous definition
../src/main.c:57:21: fatal error: TinyGPS.h: No such file or directory
compilation terminated.
make: *** [src/main.o] Error 1
17:56:48 **** Auto Build of configuration Debug for project TCPecho ****
make all 
Building file: ../src/main.c
Invoking: ARM gcc compiler
arm-xilinx-eabi-gcc -Wall -O0 -g3 -c -fmessage-length=0 -I../../timerTest_bsp/ps7_cortexa9_0/include -MMD -MP -MF"src/main.d" -MT"src/main.d" -o "src/main.o" "../src/main.c"
In file included from ../src/main.c:43:0:
../src/GyroReg9150.h:13:0: warning: "MPU9150_SELF_TEST_X" redefined [enabled by default]
../src/GyroReg9150.h:11:0: note: this is the location of the previous definition
../src/main.c:57:33: fatal error: src/TinyGPS/TinyGPS.h: No such file or directory
compilation terminated.
make: *** [src/main.o] Error 1
17:57:48 **** Auto Build of configuration Debug for project TCPecho ****
make all 
Building file: ../src/main.c
Invoking: ARM gcc compiler
arm-xilinx-eabi-gcc -Wall -O0 -g3 -c -fmessage-length=0 -I../../timerTest_bsp/ps7_cortexa9_0/include -MMD -MP -MF"src/main.d" -MT"src/main.d" -o "src/main.o" "../src/main.c"
In file included from ../src/main.c:43:0:
../src/GyroReg9150.h:13:0: warning: "MPU9150_SELF_TEST_X" redefined [enabled by default]
../src/GyroReg9150.h:11:0: note: this is the location of the previous definition
In file included from ../src/main.c:72:0:
../src/TinyGPS/TinyGPS.h:39:1: error: unknown type name 'class'
../src/TinyGPS/TinyGPS.h:40:1: error: expected '=', ',', ';', 'asm' or '__attribute__' before '{' token
../src/main.c:137:1: warning: data definition has no type or storage class [enabled by default]
../src/main.c:137:1: warning: type defaults to 'int' in declaration of 'start_application7' [-Wimplicit-int]
../src/main.c:350:1: warning: no semicolon at end of struct or union [enabled by default]
../src/main.c: In function 'main':
../src/main.c:453:1: warning: implicit declaration of function 'GyroSensorInit6050' [-Wimplicit-function-declaration]
../src/main.c:519:2: warning: implicit declaration of function 'start_application8' [-Wimplicit-function-declaration]
../src/main.c:520:2: warning: implicit declaration of function 'start_application9' [-Wimplicit-function-declaration]
../src/main.c:467:14: warning: unused variable 'ReceivedCount' [-Wunused-variable]
../src/main.c:466:4: warning: unused variable 'RecvBuffer' [-Wunused-variable]
../src/main.c:465:4: warning: unused variable 'SendBuffer' [-Wunused-variable]
../src/main.c:463:5: warning: unused variable 'SentCount' [-Wunused-variable]
../src/main.c:403:14: warning: unused variable 'v' [-Wunused-variable]
../src/main.c:402:14: warning: unused variable 'o' [-Wunused-variable]
../src/main.c:401:26: warning: unused variable 'rbuff' [-Wunused-variable]
../src/main.c:401:17: warning: variable 'bufs' set but not used [-Wunused-but-set-variable]
../src/main.c:401:8: warning: variable 'buff' set but not used [-Wunused-but-set-variable]
../src/main.c:400:8: warning: unused variable 'c' [-Wunused-variable]
../src/main.c:399:9: warning: unused variable 'x' [-Wunused-variable]
../src/main.c: In function 'TmrCtrIntr':
../src/main.c:536:6: warning: unused variable 'LastTimerExpired' [-Wunused-variable]
../src/main.c: In function 'TsTimerCounterHandler':
../src/main.c:644:4: warning: passing argument 2 of 'XSpi_Transfer' from incompatible pointer type [enabled by default]
In file included from ../src/main.c:54:0:
../../timerTest_bsp/ps7_cortexa9_0/include/xspi.h:809:5: note: expected 'u8 *' but argument is of type 'struct inIpMag *'
../src/main.c:644:4: warning: passing argument 3 of 'XSpi_Transfer' from incompatible pointer type [enabled by default]
In file included from ../src/main.c:54:0:
../../timerTest_bsp/ps7_cortexa9_0/include/xspi.h:809:5: note: expected 'u8 *' but argument is of type 'struct outMag *'
../src/main.c:639:8: warning: unused variable 'i' [-Wunused-variable]
../src/main.c: In function 'Gpio_4SWITCHBut_HANDLER':
../src/main.c:779:5: warning: passing argument 2 of 'XSpi_Transfer' from incompatible pointer type [enabled by default]
In file included from ../src/main.c:54:0:
../../timerTest_bsp/ps7_cortexa9_0/include/xspi.h:809:5: note: expected 'u8 *' but argument is of type 's32 *'
../src/main.c:779:5: warning: passing argument 3 of 'XSpi_Transfer' from incompatible pointer type [enabled by default]
In file included from ../src/main.c:54:0:
../../timerTest_bsp/ps7_cortexa9_0/include/xspi.h:809:5: note: expected 'u8 *' but argument is of type 's32 *'
../src/main.c: In function 'SetupInterruptSystem':
../src/main.c:807:18: warning: unused variable 'IntcConfig' [-Wunused-variable]
../src/main.c: In function 'recvGyroData9150':
../src/main.c:925:6: warning: unused variable 'i' [-Wunused-variable]
../src/main.c:924:6: warning: unused variable 'countFifo' [-Wunused-variable]
../src/main.c: In function 'recv_callback7':
../src/main.c:1108:2: warning: "/*" within comment [-Wcomment]
../src/main.c: In function 'UartNs550IntrUartGPS':
../src/main.c:1456:2: warning: implicit declaration of function 'XUartNs550_SetBaudRate' [-Wimplicit-function-declaration]
../src/main.c:1434:6: warning: unused variable 'BadByteCount' [-Wunused-variable]
../src/main.c: In function 'UartNs550IntrHandlerUartGPS':
../src/main.c:1469:9: warning: unused variable 'count' [-Wunused-variable]
../src/main.c:1466:14: warning: unused variable 'UartNs550Ptr' [-Wunused-variable]
../src/main.c:1465:5: warning: unused variable 'Errors' [-Wunused-variable]
../src/main.c: In function 'SpiSpartanInit':
../src/main.c:1511:5: warning: variable 'Test' set but not used [-Wunused-but-set-variable]
../src/main.c:1510:6: warning: unused variable 'Count' [-Wunused-variable]
../src/main.c: At top level:
../src/main.c:1478:13: warning: 'UartNs550DisableIntrSystemUartGPS' defined but not used [-Wunused-function]
../src/main.c:393:21: warning: 'comand' defined but not used [-Wunused-variable]
../src/main.c: In function 'recvGyroData9150':
../src/main.c:966:1: warning: control reaches end of non-void function [-Wreturn-type]
../src/main.c: In function 'recvGyroData6050':
../src/main.c:921:1: warning: control reaches end of non-void function [-Wreturn-type]
make: *** [src/main.o] Error 1
18:01:39 **** Auto Build of configuration Debug for project TCPecho ****
make all 
Building file: ../src/main.c
Invoking: ARM gcc compiler
arm-xilinx-eabi-gcc -Wall -O0 -g3 -c -fmessage-length=0 -I../../timerTest_bsp/ps7_cortexa9_0/include -MMD -MP -MF"src/main.d" -MT"src/main.d" -o "src/main.o" "../src/main.c"
In file included from ../src/main.c:43:0:
../src/GyroReg9150.h:13:0: warning: "MPU9150_SELF_TEST_X" redefined [enabled by default]
../src/GyroReg9150.h:11:0: note: this is the location of the previous definition
../src/main.c:137:1: warning: data definition has no type or storage class [enabled by default]
../src/main.c:137:1: warning: type defaults to 'int' in declaration of 'start_application7' [-Wimplicit-int]
../src/main.c:350:1: warning: no semicolon at end of struct or union [enabled by default]
../src/main.c: In function 'main':
../src/main.c:453:1: warning: implicit declaration of function 'GyroSensorInit6050' [-Wimplicit-function-declaration]
../src/main.c:519:2: warning: implicit declaration of function 'start_application8' [-Wimplicit-function-declaration]
../src/main.c:520:2: warning: implicit declaration of function 'start_application9' [-Wimplicit-function-declaration]
../src/main.c:467:14: warning: unused variable 'ReceivedCount' [-Wunused-variable]
../src/main.c:466:4: warning: unused variable 'RecvBuffer' [-Wunused-variable]
../src/main.c:465:4: warning: unused variable 'SendBuffer' [-Wunused-variable]
../src/main.c:463:5: warning: unused variable 'SentCount' [-Wunused-variable]
../src/main.c:403:14: warning: unused variable 'v' [-Wunused-variable]
../src/main.c:402:14: warning: unused variable 'o' [-Wunused-variable]
../src/main.c:401:26: warning: unused variable 'rbuff' [-Wunused-variable]
../src/main.c:401:17: warning: variable 'bufs' set but not used [-Wunused-but-set-variable]
../src/main.c:401:8: warning: variable 'buff' set but not used [-Wunused-but-set-variable]
../src/main.c:400:8: warning: unused variable 'c' [-Wunused-variable]
../src/main.c:399:9: warning: unused variable 'x' [-Wunused-variable]
../src/main.c: In function 'TmrCtrIntr':
../src/main.c:536:6: warning: unused variable 'LastTimerExpired' [-Wunused-variable]
../src/main.c: In function 'TsTimerCounterHandler':
../src/main.c:644:4: warning: passing argument 2 of 'XSpi_Transfer' from incompatible pointer type [enabled by default]
In file included from ../src/main.c:54:0:
../../timerTest_bsp/ps7_cortexa9_0/include/xspi.h:809:5: note: expected 'u8 *' but argument is of type 'struct inIpMag *'
../src/main.c:644:4: warning: passing argument 3 of 'XSpi_Transfer' from incompatible pointer type [enabled by default]
In file included from ../src/main.c:54:0:
../../timerTest_bsp/ps7_cortexa9_0/include/xspi.h:809:5: note: expected 'u8 *' but argument is of type 'struct outMag *'
../src/main.c:639:8: warning: unused variable 'i' [-Wunused-variable]
../src/main.c: In function 'Gpio_4SWITCHBut_HANDLER':
../src/main.c:779:5: warning: passing argument 2 of 'XSpi_Transfer' from incompatible pointer type [enabled by default]
In file included from ../src/main.c:54:0:
../../timerTest_bsp/ps7_cortexa9_0/include/xspi.h:809:5: note: expected 'u8 *' but argument is of type 's32 *'
../src/main.c:779:5: warning: passing argument 3 of 'XSpi_Transfer' from incompatible pointer type [enabled by default]
In file included from ../src/main.c:54:0:
../../timerTest_bsp/ps7_cortexa9_0/include/xspi.h:809:5: note: expected 'u8 *' but argument is of type 's32 *'
../src/main.c: In function 'SetupInterruptSystem':
../src/main.c:807:18: warning: unused variable 'IntcConfig' [-Wunused-variable]
../src/main.c: In function 'recvGyroData9150':
../src/main.c:925:6: warning: unused variable 'i' [-Wunused-variable]
../src/main.c:924:6: warning: unused variable 'countFifo' [-Wunused-variable]
../src/main.c: In function 'recv_callback7':
../src/main.c:1108:2: warning: "/*" within comment [-Wcomment]
../src/main.c: In function 'UartNs550IntrUartGPS':
../src/main.c:1456:2: warning: implicit declaration of function 'XUartNs550_SetBaudRate' [-Wimplicit-function-declaration]
../src/main.c:1434:6: warning: unused variable 'BadByteCount' [-Wunused-variable]
../src/main.c: In function 'UartNs550IntrHandlerUartGPS':
../src/main.c:1469:9: warning: unused variable 'count' [-Wunused-variable]
../src/main.c:1466:14: warning: unused variable 'UartNs550Ptr' [-Wunused-variable]
../src/main.c:1465:5: warning: unused variable 'Errors' [-Wunused-variable]
../src/main.c: In function 'SpiSpartanInit':
../src/main.c:1511:5: warning: variable 'Test' set but not used [-Wunused-but-set-variable]
../src/main.c:1510:6: warning: unused variable 'Count' [-Wunused-variable]
../src/main.c: At top level:
../src/main.c:1478:13: warning: 'UartNs550DisableIntrSystemUartGPS' defined but not used [-Wunused-function]
../src/main.c:393:21: warning: 'comand' defined but not used [-Wunused-variable]
../src/main.c: In function 'recvGyroData9150':
../src/main.c:966:1: warning: control reaches end of non-void function [-Wreturn-type]
../src/main.c: In function 'recvGyroData6050':
../src/main.c:921:1: warning: control reaches end of non-void function [-Wreturn-type]
Finished building: ../src/main.c
 
Building target: TCPecho.elf
Invoking: ARM gcc linker
arm-xilinx-eabi-gcc -Wl,-T -Wl,../src/lscript.ld -L../../timerTest_bsp/ps7_cortexa9_0/lib -o "TCPecho.elf"  ./src/echo.o ./src/main.o ./src/platform.o ./src/platform_mb.o ./src/platform_ppc.o ./src/platform_zynq.o   -Wl,--start-group,-lxil,-lgcc,-lc,--end-group -Wl,--start-group,-lxil,-llwip4,-lgcc,-lc,--end-group
Finished building target: TCPecho.elf
 
Invoking: ARM Print Size
arm-xilinx-eabi-size TCPecho.elf  |tee "TCPecho.elf.size"
   text	   data	    bss	    dec	    hex	filename
 149276	   3240	311964636	312117152	129a87a0	TCPecho.elf
Finished building: TCPecho.elf.size
 
18:05:57 **** Build of project TCPECHOcpp_bsp ****
make -k all 
libgen -hw ../GaborSZ_hw_platform/system.xml\
	       -lp C:/Diak/gl/Zybo_master/workspace/xap/design/src/sdk_repo -lp C:/Diak/gl/Zybo_master/workspace/Xilinx_Zynq/sw/repo -lp ../Xilinx_Zynq -lp C:/Diak/gl/Zybo_master/workspace/xap/design/src/sdk_repo\
	       -pe ps7_cortexa9_0 \
	       -log libgen.log \
	       system.mss
libgen
Xilinx EDK 14.7 Build EDK_P.20131013
Copyright (c) 1995-2012 Xilinx, Inc.  All rights reserved.

Command Line: libgen -hw ../GaborSZ_hw_platform/system.xml -lp
C:/Diak/gl/Zybo_master/workspace/xap/design/src/sdk_repo -lp
C:/Diak/gl/Zybo_master/workspace/Xilinx_Zynq/sw/repo -lp ../Xilinx_Zynq -lp
C:/Diak/gl/Zybo_master/workspace/xap/design/src/sdk_repo -pe ps7_cortexa9_0 -log
libgen.log system.mss 


Staging source files.
Running DRCs.
Running generate.
Running post_generate.
Running include - 'make -s include "COMPILER=arm-xilinx-eabi-gcc"
"ARCHIVER=arm-xilinx-eabi-ar" "COMPILER_FLAGS= -O2 -c"
"EXTRA_COMPILER_FLAGS=-g"'.

Running libs - 'make -s libs "COMPILER=arm-xilinx-eabi-gcc"
"ARCHIVER=arm-xilinx-eabi-ar" "COMPILER_FLAGS= -O2 -c"
"EXTRA_COMPILER_FLAGS=-g"'.
Compiling common
c:\Xilinx\14.7\ISE_DS\EDK\gnu\arm\nt\bin\arm-xilinx-eabi-ar.exe: creating ../../../lib/libxil.a
Compiling standalone
Compiling gpio
Compiling iic
Compiling intc
Compiling tmrctr
Compiling uartns550
Compiling devcfg
Compiling dmaps
Compiling emacps
Compiling gpiops
Compiling qspips
Compiling scugic
Compiling scutimer
Compiling scuwdt
Compiling uartps
Compiling usbps
Compiling xadcps
Compiling spi
Compiling cpu_cortexa9
Running execs_generate.
Finished building libraries
18:07:18 **** Build of configuration Debug for project TCPechocpp ****
make all 
Building file: ../src/src/TinyGPS/TinyGPS.cc
Invoking: ARM g++ compiler
arm-xilinx-eabi-g++ -Wall -O0 -g3 -c -fmessage-length=0 -I../../TCPECHOcpp_bsp/ps7_cortexa9_0/include -MMD -MP -MF"src/src/TinyGPS/TinyGPS.d" -MT"src/src/TinyGPS/TinyGPS.d" -o "src/src/TinyGPS/TinyGPS.o" "../src/src/TinyGPS/TinyGPS.cc"
In file included from ../src/src/TinyGPS/TinyGPS.cc:24:0:
../src/src/TinyGPS/TinyGPS.h:79:34: error: 'byte' has not been declared
../src/src/TinyGPS/TinyGPS.h:79:47: error: 'byte' has not been declared
../src/src/TinyGPS/TinyGPS.h:80:5: error: 'byte' has not been declared
../src/src/TinyGPS/TinyGPS.h:80:17: error: 'byte' has not been declared
../src/src/TinyGPS/TinyGPS.h:80:31: error: 'byte' has not been declared
../src/src/TinyGPS/TinyGPS.h:80:45: error: 'byte' has not been declared
../src/src/TinyGPS/TinyGPS.h:116:3: error: 'byte' does not name a type
../src/src/TinyGPS/TinyGPS.h:119:3: error: 'byte' does not name a type
../src/src/TinyGPS/TinyGPS.h:120:3: error: 'byte' does not name a type
../src/src/TinyGPS/TinyGPS.h:121:3: error: 'byte' does not name a type
../src/src/TinyGPS/TinyGPS.cc: In constructor 'TinyGPS::TinyGPS()':
../src/src/TinyGPS/TinyGPS.cc:41:6: error: class 'TinyGPS' does not have any field named '_parity'
../src/src/TinyGPS/TinyGPS.cc:43:6: error: class 'TinyGPS' does not have any field named '_sentence_type'
../src/src/TinyGPS/TinyGPS.cc:44:6: error: class 'TinyGPS' does not have any field named '_term_number'
../src/src/TinyGPS/TinyGPS.cc:45:6: error: class 'TinyGPS' does not have any field named '_term_offset'
../src/src/TinyGPS/TinyGPS.cc: In member function 'bool TinyGPS::encode(char)':
../src/src/TinyGPS/TinyGPS.cc:70:5: error: '_parity' was not declared in this scope
../src/src/TinyGPS/TinyGPS.cc:74:9: error: '_term_offset' was not declared in this scope
../src/src/TinyGPS/TinyGPS.cc:79:7: error: '_term_number' was not declared in this scope
../src/src/TinyGPS/TinyGPS.cc:80:5: error: '_term_offset' was not declared in this scope
../src/src/TinyGPS/TinyGPS.cc:87:5: error: '_sentence_type' was not declared in this scope
../src/src/TinyGPS/TinyGPS.cc:94:7: error: '_term_offset' was not declared in this scope
../src/src/TinyGPS/TinyGPS.cc:97:5: error: '_parity' was not declared in this scope
../src/src/TinyGPS/TinyGPS.cc: In member function 'bool TinyGPS::term_complete()':
../src/src/TinyGPS/TinyGPS.cc:170:5: error: 'byte' was not declared in this scope
../src/src/TinyGPS/TinyGPS.cc:170:10: error: expected ';' before 'checksum'
../src/src/TinyGPS/TinyGPS.cc:171:9: error: 'checksum' was not declared in this scope
../src/src/TinyGPS/TinyGPS.cc:171:21: error: '_parity' was not declared in this scope
../src/src/TinyGPS/TinyGPS.cc:181:16: error: '_sentence_type' was not declared in this scope
../src/src/TinyGPS/TinyGPS.cc:213:7: error: '_term_number' was not declared in this scope
../src/src/TinyGPS/TinyGPS.cc:216:7: error: '_sentence_type' was not declared in this scope
../src/src/TinyGPS/TinyGPS.cc:218:7: error: '_sentence_type' was not declared in this scope
../src/src/TinyGPS/TinyGPS.cc:220:7: error: '_sentence_type' was not declared in this scope
../src/src/TinyGPS/TinyGPS.cc:224:7: error: '_sentence_type' was not declared in this scope
../src/src/TinyGPS/TinyGPS.cc:225:12: error: '_term_number' was not declared in this scope
../src/src/TinyGPS/TinyGPS.cc:230:30: error: 'millis' was not declared in this scope
../src/src/TinyGPS/TinyGPS.cc: In static member function 'static float TinyGPS::distance_between(float, float, float, float)':
../src/src/TinyGPS/TinyGPS.cc:303:36: error: 'radians' was not declared in this scope
../src/src/TinyGPS/TinyGPS.cc:304:27: error: 'sin' was not declared in this scope
../src/src/TinyGPS/TinyGPS.cc:305:27: error: 'cos' was not declared in this scope
../src/src/TinyGPS/TinyGPS.cc:313:19: error: 'sq' was not declared in this scope
../src/src/TinyGPS/TinyGPS.cc:315:21: error: 'sqrt' was not declared in this scope
../src/src/TinyGPS/TinyGPS.cc:317:29: error: 'atan2' was not declared in this scope
../src/src/TinyGPS/TinyGPS.cc: In static member function 'static float TinyGPS::course_to(float, float, float, float)':
../src/src/TinyGPS/TinyGPS.cc:327:35: error: 'radians' was not declared in this scope
../src/src/TinyGPS/TinyGPS.cc:330:22: error: 'sin' was not declared in this scope
../src/src/TinyGPS/TinyGPS.cc:330:34: error: 'cos' was not declared in this scope
../src/src/TinyGPS/TinyGPS.cc:333:20: error: 'atan2' was not declared in this scope
../src/src/TinyGPS/TinyGPS.cc:336:11: error: 'TWO_PI' was not declared in this scope
../src/src/TinyGPS/TinyGPS.cc:338:20: error: 'degrees' was not declared in this scope
../src/src/TinyGPS/TinyGPS.cc: In member function 'void TinyGPS::get_position(long int*, long int*, long unsigned int*)':
../src/src/TinyGPS/TinyGPS.cc:356:29: error: 'millis' was not declared in this scope
../src/src/TinyGPS/TinyGPS.cc: In member function 'void TinyGPS::get_datetime(long unsigned int*, long unsigned int*, long unsigned int*)':
../src/src/TinyGPS/TinyGPS.cc:365:29: error: 'millis' was not declared in this scope
../src/src/TinyGPS/TinyGPS.cc: At global scope:
../src/src/TinyGPS/TinyGPS.cc:376:41: error: 'byte' has not been declared
../src/src/TinyGPS/TinyGPS.cc:376:54: error: 'byte' has not been declared
../src/src/TinyGPS/TinyGPS.cc:377:3: error: 'byte' has not been declared
../src/src/TinyGPS/TinyGPS.cc:377:15: error: 'byte' has not been declared
../src/src/TinyGPS/TinyGPS.cc:377:29: error: 'byte' has not been declared
../src/src/TinyGPS/TinyGPS.cc:377:43: error: 'byte' has not been declared
../src/src/TinyGPS/TinyGPS.cc: In static member function 'static float TinyGPS::course_to(float, float, float, float)':
../src/src/TinyGPS/TinyGPS.cc:339:1: warning: control reaches end of non-void function [-Wreturn-type]
make: *** [src/src/TinyGPS/TinyGPS.o] Error 1
18:07:54 **** Clean-only build of configuration Debug for project TCPechocpp ****
make clean 
rm -rf  ./src/src/TinyGPS/TinyGPS.o  ./src/src/GyroRegFunc.o ./src/src/echo.o ./src/src/main.o ./src/src/platform.o ./src/src/platform_mb.o ./src/src/platform_ppc.o ./src/src/platform_zynq.o  ./src/main.o  ./src/src/echo.d ./src/src/main.d ./src/src/platform.d ./src/src/platform_mb.d ./src/src/platform_ppc.d ./src/src/platform_zynq.d  ./src/src/TinyGPS/TinyGPS.d  ./src/src/GyroRegFunc.d  ./src/main.d  TCPechocpp.elf.size  TCPechocpp.elf
 
18:07:55 **** Auto Build of configuration Debug for project TCPechocpp ****
make all 
Building file: ../src/src/TinyGPS/TinyGPS.cc
Invoking: ARM g++ compiler
arm-xilinx-eabi-g++ -Wall -O0 -g3 -c -fmessage-length=0 -I../../TCPECHOcpp_bsp/ps7_cortexa9_0/include -MMD -MP -MF"src/src/TinyGPS/TinyGPS.d" -MT"src/src/TinyGPS/TinyGPS.d" -o "src/src/TinyGPS/TinyGPS.o" "../src/src/TinyGPS/TinyGPS.cc"
In file included from ../src/src/TinyGPS/TinyGPS.cc:24:0:
../src/src/TinyGPS/TinyGPS.h:79:34: error: 'byte' has not been declared
../src/src/TinyGPS/TinyGPS.h:79:47: error: 'byte' has not been declared
../src/src/TinyGPS/TinyGPS.h:80:5: error: 'byte' has not been declared
../src/src/TinyGPS/TinyGPS.h:80:17: error: 'byte' has not been declared
../src/src/TinyGPS/TinyGPS.h:80:31: error: 'byte' has not been declared
../src/src/TinyGPS/TinyGPS.h:80:45: error: 'byte' has not been declared
../src/src/TinyGPS/TinyGPS.h:116:3: error: 'byte' does not name a type
../src/src/TinyGPS/TinyGPS.h:119:3: error: 'byte' does not name a type
../src/src/TinyGPS/TinyGPS.h:120:3: error: 'byte' does not name a type
../src/src/TinyGPS/TinyGPS.h:121:3: error: 'byte' does not name a type
../src/src/TinyGPS/TinyGPS.cc: In constructor 'TinyGPS::TinyGPS()':
../src/src/TinyGPS/TinyGPS.cc:41:6: error: class 'TinyGPS' does not have any field named '_parity'
../src/src/TinyGPS/TinyGPS.cc:43:6: error: class 'TinyGPS' does not have any field named '_sentence_type'
../src/src/TinyGPS/TinyGPS.cc:44:6: error: class 'TinyGPS' does not have any field named '_term_number'
../src/src/TinyGPS/TinyGPS.cc:45:6: error: class 'TinyGPS' does not have any field named '_term_offset'
../src/src/TinyGPS/TinyGPS.cc: In member function 'bool TinyGPS::encode(char)':
../src/src/TinyGPS/TinyGPS.cc:70:5: error: '_parity' was not declared in this scope
../src/src/TinyGPS/TinyGPS.cc:74:9: error: '_term_offset' was not declared in this scope
../src/src/TinyGPS/TinyGPS.cc:79:7: error: '_term_number' was not declared in this scope
../src/src/TinyGPS/TinyGPS.cc:80:5: error: '_term_offset' was not declared in this scope
../src/src/TinyGPS/TinyGPS.cc:87:5: error: '_sentence_type' was not declared in this scope
../src/src/TinyGPS/TinyGPS.cc:94:7: error: '_term_offset' was not declared in this scope
../src/src/TinyGPS/TinyGPS.cc:97:5: error: '_parity' was not declared in this scope
../src/src/TinyGPS/TinyGPS.cc: In member function 'bool TinyGPS::term_complete()':
../src/src/TinyGPS/TinyGPS.cc:170:5: error: 'byte' was not declared in this scope
../src/src/TinyGPS/TinyGPS.cc:170:10: error: expected ';' before 'checksum'
../src/src/TinyGPS/TinyGPS.cc:171:9: error: 'checksum' was not declared in this scope
../src/src/TinyGPS/TinyGPS.cc:171:21: error: '_parity' was not declared in this scope
../src/src/TinyGPS/TinyGPS.cc:181:16: error: '_sentence_type' was not declared in this scope
../src/src/TinyGPS/TinyGPS.cc:213:7: error: '_term_number' was not declared in this scope
../src/src/TinyGPS/TinyGPS.cc:216:7: error: '_sentence_type' was not declared in this scope
../src/src/TinyGPS/TinyGPS.cc:218:7: error: '_sentence_type' was not declared in this scope
../src/src/TinyGPS/TinyGPS.cc:220:7: error: '_sentence_type' was not declared in this scope
../src/src/TinyGPS/TinyGPS.cc:224:7: error: '_sentence_type' was not declared in this scope
../src/src/TinyGPS/TinyGPS.cc:225:12: error: '_term_number' was not declared in this scope
../src/src/TinyGPS/TinyGPS.cc:230:30: error: 'millis' was not declared in this scope
../src/src/TinyGPS/TinyGPS.cc: In static member function 'static float TinyGPS::distance_between(float, float, float, float)':
../src/src/TinyGPS/TinyGPS.cc:303:36: error: 'radians' was not declared in this scope
../src/src/TinyGPS/TinyGPS.cc:304:27: error: 'sin' was not declared in this scope
../src/src/TinyGPS/TinyGPS.cc:305:27: error: 'cos' was not declared in this scope
../src/src/TinyGPS/TinyGPS.cc:313:19: error: 'sq' was not declared in this scope
../src/src/TinyGPS/TinyGPS.cc:315:21: error: 'sqrt' was not declared in this scope
../src/src/TinyGPS/TinyGPS.cc:317:29: error: 'atan2' was not declared in this scope
../src/src/TinyGPS/TinyGPS.cc: In static member function 'static float TinyGPS::course_to(float, float, float, float)':
../src/src/TinyGPS/TinyGPS.cc:327:35: error: 'radians' was not declared in this scope
../src/src/TinyGPS/TinyGPS.cc:330:22: error: 'sin' was not declared in this scope
../src/src/TinyGPS/TinyGPS.cc:330:34: error: 'cos' was not declared in this scope
../src/src/TinyGPS/TinyGPS.cc:333:20: error: 'atan2' was not declared in this scope
../src/src/TinyGPS/TinyGPS.cc:336:11: error: 'TWO_PI' was not declared in this scope
../src/src/TinyGPS/TinyGPS.cc:338:20: error: 'degrees' was not declared in this scope
../src/src/TinyGPS/TinyGPS.cc: In member function 'void TinyGPS::get_position(long int*, long int*, long unsigned int*)':
../src/src/TinyGPS/TinyGPS.cc:356:29: error: 'millis' was not declared in this scope
../src/src/TinyGPS/TinyGPS.cc: In member function 'void TinyGPS::get_datetime(long unsigned int*, long unsigned int*, long unsigned int*)':
../src/src/TinyGPS/TinyGPS.cc:365:29: error: 'millis' was not declared in this scope
../src/src/TinyGPS/TinyGPS.cc: At global scope:
../src/src/TinyGPS/TinyGPS.cc:376:41: error: 'byte' has not been declared
../src/src/TinyGPS/TinyGPS.cc:376:54: error: 'byte' has not been declared
../src/src/TinyGPS/TinyGPS.cc:377:3: error: 'byte' has not been declared
../src/src/TinyGPS/TinyGPS.cc:377:15: error: 'byte' has not been declared
../src/src/TinyGPS/TinyGPS.cc:377:29: error: 'byte' has not been declared
../src/src/TinyGPS/TinyGPS.cc:377:43: error: 'byte' has not been declared
../src/src/TinyGPS/TinyGPS.cc: In static member function 'static float TinyGPS::course_to(float, float, float, float)':
../src/src/TinyGPS/TinyGPS.cc:339:1: warning: control reaches end of non-void function [-Wreturn-type]
make: *** [src/src/TinyGPS/TinyGPS.o] Error 1
18:08:13 **** Clean-only build of configuration Debug for project TCPechocpp ****
make clean 
rm -rf  ./src/src/TinyGPS/TinyGPS.o  ./src/src/GyroRegFunc.o ./src/src/echo.o ./src/src/main.o ./src/src/platform.o ./src/src/platform_mb.o ./src/src/platform_ppc.o ./src/src/platform_zynq.o  ./src/src/echo.d ./src/src/main.d ./src/src/platform.d ./src/src/platform_mb.d ./src/src/platform_ppc.d ./src/src/platform_zynq.d  ./src/src/TinyGPS/TinyGPS.d  ./src/src/GyroRegFunc.d  TCPechocpp.elf.size  TCPechocpp.elf
 
18:08:14 **** Auto Build of configuration Debug for project TCPechocpp ****
make all 
Building file: ../src/src/TinyGPS/TinyGPS.cc
Invoking: ARM g++ compiler
arm-xilinx-eabi-g++ -Wall -O0 -g3 -c -fmessage-length=0 -I../../TCPECHOcpp_bsp/ps7_cortexa9_0/include -MMD -MP -MF"src/src/TinyGPS/TinyGPS.d" -MT"src/src/TinyGPS/TinyGPS.d" -o "src/src/TinyGPS/TinyGPS.o" "../src/src/TinyGPS/TinyGPS.cc"
In file included from ../src/src/TinyGPS/TinyGPS.cc:24:0:
../src/src/TinyGPS/TinyGPS.h:79:34: error: 'byte' has not been declared
../src/src/TinyGPS/TinyGPS.h:79:47: error: 'byte' has not been declared
../src/src/TinyGPS/TinyGPS.h:80:5: error: 'byte' has not been declared
../src/src/TinyGPS/TinyGPS.h:80:17: error: 'byte' has not been declared
../src/src/TinyGPS/TinyGPS.h:80:31: error: 'byte' has not been declared
../src/src/TinyGPS/TinyGPS.h:80:45: error: 'byte' has not been declared
../src/src/TinyGPS/TinyGPS.h:116:3: error: 'byte' does not name a type
../src/src/TinyGPS/TinyGPS.h:119:3: error: 'byte' does not name a type
../src/src/TinyGPS/TinyGPS.h:120:3: error: 'byte' does not name a type
../src/src/TinyGPS/TinyGPS.h:121:3: error: 'byte' does not name a type
../src/src/TinyGPS/TinyGPS.cc: In constructor 'TinyGPS::TinyGPS()':
../src/src/TinyGPS/TinyGPS.cc:41:6: error: class 'TinyGPS' does not have any field named '_parity'
../src/src/TinyGPS/TinyGPS.cc:43:6: error: class 'TinyGPS' does not have any field named '_sentence_type'
../src/src/TinyGPS/TinyGPS.cc:44:6: error: class 'TinyGPS' does not have any field named '_term_number'
../src/src/TinyGPS/TinyGPS.cc:45:6: error: class 'TinyGPS' does not have any field named '_term_offset'
../src/src/TinyGPS/TinyGPS.cc: In member function 'bool TinyGPS::encode(char)':
../src/src/TinyGPS/TinyGPS.cc:70:5: error: '_parity' was not declared in this scope
../src/src/TinyGPS/TinyGPS.cc:74:9: error: '_term_offset' was not declared in this scope
../src/src/TinyGPS/TinyGPS.cc:79:7: error: '_term_number' was not declared in this scope
../src/src/TinyGPS/TinyGPS.cc:80:5: error: '_term_offset' was not declared in this scope
../src/src/TinyGPS/TinyGPS.cc:87:5: error: '_sentence_type' was not declared in this scope
../src/src/TinyGPS/TinyGPS.cc:94:7: error: '_term_offset' was not declared in this scope
../src/src/TinyGPS/TinyGPS.cc:97:5: error: '_parity' was not declared in this scope
../src/src/TinyGPS/TinyGPS.cc: In member function 'bool TinyGPS::term_complete()':
../src/src/TinyGPS/TinyGPS.cc:170:5: error: 'byte' was not declared in this scope
../src/src/TinyGPS/TinyGPS.cc:170:10: error: expected ';' before 'checksum'
../src/src/TinyGPS/TinyGPS.cc:171:9: error: 'checksum' was not declared in this scope
../src/src/TinyGPS/TinyGPS.cc:171:21: error: '_parity' was not declared in this scope
../src/src/TinyGPS/TinyGPS.cc:181:16: error: '_sentence_type' was not declared in this scope
../src/src/TinyGPS/TinyGPS.cc:213:7: error: '_term_number' was not declared in this scope
../src/src/TinyGPS/TinyGPS.cc:216:7: error: '_sentence_type' was not declared in this scope
../src/src/TinyGPS/TinyGPS.cc:218:7: error: '_sentence_type' was not declared in this scope
../src/src/TinyGPS/TinyGPS.cc:220:7: error: '_sentence_type' was not declared in this scope
../src/src/TinyGPS/TinyGPS.cc:224:7: error: '_sentence_type' was not declared in this scope
../src/src/TinyGPS/TinyGPS.cc:225:12: error: '_term_number' was not declared in this scope
../src/src/TinyGPS/TinyGPS.cc:230:30: error: 'millis' was not declared in this scope
../src/src/TinyGPS/TinyGPS.cc: In static member function 'static float TinyGPS::distance_between(float, float, float, float)':
../src/src/TinyGPS/TinyGPS.cc:303:36: error: 'radians' was not declared in this scope
../src/src/TinyGPS/TinyGPS.cc:304:27: error: 'sin' was not declared in this scope
../src/src/TinyGPS/TinyGPS.cc:305:27: error: 'cos' was not declared in this scope
../src/src/TinyGPS/TinyGPS.cc:313:19: error: 'sq' was not declared in this scope
../src/src/TinyGPS/TinyGPS.cc:315:21: error: 'sqrt' was not declared in this scope
../src/src/TinyGPS/TinyGPS.cc:317:29: error: 'atan2' was not declared in this scope
../src/src/TinyGPS/TinyGPS.cc: In static member function 'static float TinyGPS::course_to(float, float, float, float)':
../src/src/TinyGPS/TinyGPS.cc:327:35: error: 'radians' was not declared in this scope
../src/src/TinyGPS/TinyGPS.cc:330:22: error: 'sin' was not declared in this scope
../src/src/TinyGPS/TinyGPS.cc:330:34: error: 'cos' was not declared in this scope
../src/src/TinyGPS/TinyGPS.cc:333:20: error: 'atan2' was not declared in this scope
../src/src/TinyGPS/TinyGPS.cc:336:11: error: 'TWO_PI' was not declared in this scope
../src/src/TinyGPS/TinyGPS.cc:338:20: error: 'degrees' was not declared in this scope
../src/src/TinyGPS/TinyGPS.cc: In member function 'void TinyGPS::get_position(long int*, long int*, long unsigned int*)':
[...]
../src/main.c:532:2: warning: implicit declaration of function 'start_application9' [-Wimplicit-function-declaration]
../src/main.c:479:14: warning: unused variable 'ReceivedCount' [-Wunused-variable]
../src/main.c:478:4: warning: unused variable 'RecvBuffer' [-Wunused-variable]
../src/main.c:477:4: warning: unused variable 'SendBuffer' [-Wunused-variable]
../src/main.c:475:5: warning: unused variable 'SentCount' [-Wunused-variable]
../src/main.c:415:14: warning: unused variable 'v' [-Wunused-variable]
../src/main.c:414:14: warning: unused variable 'o' [-Wunused-variable]
../src/main.c:413:26: warning: unused variable 'rbuff' [-Wunused-variable]
../src/main.c:413:17: warning: variable 'bufs' set but not used [-Wunused-but-set-variable]
../src/main.c:413:8: warning: variable 'buff' set but not used [-Wunused-but-set-variable]
../src/main.c:412:8: warning: unused variable 'c' [-Wunused-variable]
../src/main.c:411:9: warning: unused variable 'x' [-Wunused-variable]
../src/main.c: In function 'TmrCtrIntr':
../src/main.c:553:6: warning: unused variable 'LastTimerExpired' [-Wunused-variable]
../src/main.c: In function 'TsTimerCounterHandler':
../src/main.c:661:4: warning: passing argument 2 of 'XSpi_Transfer' from incompatible pointer type [enabled by default]
In file included from ../src/main.c:54:0:
../../timerTest_bsp/ps7_cortexa9_0/include/xspi.h:809:5: note: expected 'u8 *' but argument is of type 'struct inIpMag *'
../src/main.c:661:4: warning: passing argument 3 of 'XSpi_Transfer' from incompatible pointer type [enabled by default]
In file included from ../src/main.c:54:0:
../../timerTest_bsp/ps7_cortexa9_0/include/xspi.h:809:5: note: expected 'u8 *' but argument is of type 'struct outMag *'
../src/main.c:656:8: warning: unused variable 'i' [-Wunused-variable]
../src/main.c: In function 'Gpio_4SWITCHBut_HANDLER':
../src/main.c:796:5: warning: passing argument 2 of 'XSpi_Transfer' from incompatible pointer type [enabled by default]
In file included from ../src/main.c:54:0:
../../timerTest_bsp/ps7_cortexa9_0/include/xspi.h:809:5: note: expected 'u8 *' but argument is of type 's32 *'
../src/main.c:796:5: warning: passing argument 3 of 'XSpi_Transfer' from incompatible pointer type [enabled by default]
In file included from ../src/main.c:54:0:
../../timerTest_bsp/ps7_cortexa9_0/include/xspi.h:809:5: note: expected 'u8 *' but argument is of type 's32 *'
../src/main.c: In function 'SetupInterruptSystem':
../src/main.c:824:18: warning: unused variable 'IntcConfig' [-Wunused-variable]
../src/main.c: In function 'recvGyroData9150':
../src/main.c:942:6: warning: unused variable 'i' [-Wunused-variable]
../src/main.c:941:6: warning: unused variable 'countFifo' [-Wunused-variable]
../src/main.c: In function 'recv_callback7':
../src/main.c:1125:2: warning: "/*" within comment [-Wcomment]
../src/main.c: In function 'UartNs550IntrUartGPS':
../src/main.c:1484:2: warning: implicit declaration of function 'XUartNs550_SetBaudRate' [-Wimplicit-function-declaration]
../src/main.c:1462:6: warning: unused variable 'BadByteCount' [-Wunused-variable]
../src/main.c: In function 'UartNs550IntrHandlerUartGPS':
../src/main.c:1497:9: warning: unused variable 'count' [-Wunused-variable]
../src/main.c:1494:14: warning: unused variable 'UartNs550Ptr' [-Wunused-variable]
../src/main.c:1493:5: warning: unused variable 'Errors' [-Wunused-variable]
../src/main.c: In function 'SpiSpartanInit':
../src/main.c:1539:5: warning: variable 'Test' set but not used [-Wunused-but-set-variable]
../src/main.c:1538:6: warning: unused variable 'Count' [-Wunused-variable]
../src/main.c: At top level:
../src/main.c:1506:13: warning: 'UartNs550DisableIntrSystemUartGPS' defined but not used [-Wunused-function]
../src/main.c:405:21: warning: 'comand' defined but not used [-Wunused-variable]
../src/main.c: In function 'recvGyroData9150':
../src/main.c:983:1: warning: control reaches end of non-void function [-Wreturn-type]
../src/main.c: In function 'recvGyroData6050':
../src/main.c:938:1: warning: control reaches end of non-void function [-Wreturn-type]
Finished building: ../src/main.c
 
Building target: TCPecho.elf
Invoking: ARM gcc linker
arm-xilinx-eabi-gcc -Wl,-T -Wl,../src/lscript.ld -L../../timerTest_bsp/ps7_cortexa9_0/lib -o "TCPecho.elf"  ./src/echo.o ./src/main.o ./src/platform.o ./src/platform_mb.o ./src/platform_ppc.o ./src/platform_zynq.o   -Wl,--start-group,-lxil,-lgcc,-lc,--end-group -Wl,--start-group,-lxil,-llwip4,-lgcc,-lc,--end-group
Finished building target: TCPecho.elf
 
Invoking: ARM Print Size
arm-xilinx-eabi-size TCPecho.elf  |tee "TCPecho.elf.size"
   text	   data	    bss	    dec	    hex	filename
 149772	   3240	311964684	312117696	129a89c0	TCPecho.elf
Finished building: TCPecho.elf.size
 
21:09:29 **** Incremental Build of configuration Debug for project TCPecho ****
make all 
make: Nothing to be done for `all'.
21:09:31 **** Incremental Build of configuration Release for project FSBLSdCardBoot ****
make all 
make: Nothing to be done for `all'.
21:10:00 **** Incremental Build of configuration Debug for project TCPecho ****
make all 
make: Nothing to be done for `all'.
21:10:02 **** Incremental Build of configuration Release for project FSBLSdCardBoot ****
make all 
make: Nothing to be done for `all'.
14:28:25 **** Incremental Build of configuration Debug for project TCPecho ****
make all 
make: Nothing to be done for `all'.
14:28:27 **** Incremental Build of configuration Release for project FSBLSdCardBoot ****
make all 
make: Nothing to be done for `all'.
16:58:39 **** Auto Build of configuration Debug for project TCPecho ****
make all 
Building file: ../src/main.c
Invoking: ARM gcc compiler
arm-xilinx-eabi-gcc -Wall -O0 -g3 -c -fmessage-length=0 -I../../timerTest_bsp/ps7_cortexa9_0/include -MMD -MP -MF"src/main.d" -MT"src/main.d" -o "src/main.o" "../src/main.c"
In file included from ../src/main.c:43:0:
../src/GyroReg9150.h:13:0: warning: "MPU9150_SELF_TEST_X" redefined [enabled by default]
../src/GyroReg9150.h:11:0: note: this is the location of the previous definition
../src/main.c:138:1: warning: data definition has no type or storage class [enabled by default]
../src/main.c:138:1: warning: type defaults to 'int' in declaration of 'start_application7' [-Wimplicit-int]
../src/main.c:362:1: warning: no semicolon at end of struct or union [enabled by default]
../src/main.c: In function 'main':
../src/main.c:465:1: warning: implicit declaration of function 'GyroSensorInit6050' [-Wimplicit-function-declaration]
../src/main.c:531:2: warning: implicit declaration of function 'start_application8' [-Wimplicit-function-declaration]
../src/main.c:532:2: warning: implicit declaration of function 'start_application9' [-Wimplicit-function-declaration]
../src/main.c:479:14: warning: unused variable 'ReceivedCount' [-Wunused-variable]
../src/main.c:478:4: warning: unused variable 'RecvBuffer' [-Wunused-variable]
../src/main.c:477:4: warning: unused variable 'SendBuffer' [-Wunused-variable]
../src/main.c:475:5: warning: unused variable 'SentCount' [-Wunused-variable]
../src/main.c:415:14: warning: unused variable 'v' [-Wunused-variable]
../src/main.c:414:14: warning: unused variable 'o' [-Wunused-variable]
../src/main.c:413:26: warning: unused variable 'rbuff' [-Wunused-variable]
../src/main.c:413:17: warning: variable 'bufs' set but not used [-Wunused-but-set-variable]
../src/main.c:413:8: warning: variable 'buff' set but not used [-Wunused-but-set-variable]
../src/main.c:412:8: warning: unused variable 'c' [-Wunused-variable]
../src/main.c:411:9: warning: unused variable 'x' [-Wunused-variable]
../src/main.c: In function 'TmrCtrIntr':
../src/main.c:553:6: warning: unused variable 'LastTimerExpired' [-Wunused-variable]
../src/main.c: In function 'TsTimerCounterHandler':
../src/main.c:661:4: warning: passing argument 2 of 'XSpi_Transfer' from incompatible pointer type [enabled by default]
In file included from ../src/main.c:54:0:
../../timerTest_bsp/ps7_cortexa9_0/include/xspi.h:809:5: note: expected 'u8 *' but argument is of type 'struct inIpMag *'
../src/main.c:661:4: warning: passing argument 3 of 'XSpi_Transfer' from incompatible pointer type [enabled by default]
In file included from ../src/main.c:54:0:
../../timerTest_bsp/ps7_cortexa9_0/include/xspi.h:809:5: note: expected 'u8 *' but argument is of type 'struct outMag *'
../src/main.c:656:8: warning: unused variable 'i' [-Wunused-variable]
../src/main.c: In function 'Gpio_4SWITCHBut_HANDLER':
../src/main.c:796:5: warning: passing argument 2 of 'XSpi_Transfer' from incompatible pointer type [enabled by default]
In file included from ../src/main.c:54:0:
../../timerTest_bsp/ps7_cortexa9_0/include/xspi.h:809:5: note: expected 'u8 *' but argument is of type 's32 *'
../src/main.c:796:5: warning: passing argument 3 of 'XSpi_Transfer' from incompatible pointer type [enabled by default]
In file included from ../src/main.c:54:0:
../../timerTest_bsp/ps7_cortexa9_0/include/xspi.h:809:5: note: expected 'u8 *' but argument is of type 's32 *'
../src/main.c: In function 'SetupInterruptSystem':
../src/main.c:824:18: warning: unused variable 'IntcConfig' [-Wunused-variable]
../src/main.c: In function 'recvGyroData9150':
../src/main.c:942:6: warning: unused variable 'i' [-Wunused-variable]
../src/main.c:941:6: warning: unused variable 'countFifo' [-Wunused-variable]
../src/main.c: In function 'recv_callback7':
../src/main.c:1125:2: warning: "/*" within comment [-Wcomment]
../src/main.c: In function 'UartNs550IntrUartGPS':
../src/main.c:1484:2: warning: implicit declaration of function 'XUartNs550_SetBaudRate' [-Wimplicit-function-declaration]
../src/main.c:1462:6: warning: unused variable 'BadByteCount' [-Wunused-variable]
../src/main.c: In function 'UartNs550IntrHandlerUartGPS':
../src/main.c:1497:9: warning: unused variable 'count' [-Wunused-variable]
../src/main.c:1494:14: warning: unused variable 'UartNs550Ptr' [-Wunused-variable]
../src/main.c:1493:5: warning: unused variable 'Errors' [-Wunused-variable]
../src/main.c: In function 'SpiSpartanInit':
../src/main.c:1539:5: warning: variable 'Test' set but not used [-Wunused-but-set-variable]
../src/main.c:1538:6: warning: unused variable 'Count' [-Wunused-variable]
../src/main.c: At top level:
../src/main.c:1506:13: warning: 'UartNs550DisableIntrSystemUartGPS' defined but not used [-Wunused-function]
../src/main.c:405:21: warning: 'comand' defined but not used [-Wunused-variable]
../src/main.c: In function 'recvGyroData9150':
../src/main.c:983:1: warning: control reaches end of non-void function [-Wreturn-type]
../src/main.c: In function 'recvGyroData6050':
../src/main.c:938:1: warning: control reaches end of non-void function [-Wreturn-type]
Finished building: ../src/main.c
 
Building target: TCPecho.elf
Invoking: ARM gcc linker
arm-xilinx-eabi-gcc -Wl,-T -Wl,../src/lscript.ld -L../../timerTest_bsp/ps7_cortexa9_0/lib -o "TCPecho.elf"  ./src/echo.o ./src/main.o ./src/platform.o ./src/platform_mb.o ./src/platform_ppc.o ./src/platform_zynq.o   -Wl,--start-group,-lxil,-lgcc,-lc,--end-group -Wl,--start-group,-lxil,-llwip4,-lgcc,-lc,--end-group
Finished building target: TCPecho.elf
 
Invoking: ARM Print Size
arm-xilinx-eabi-size TCPecho.elf  |tee "TCPecho.elf.size"
   text	   data	    bss	    dec	    hex	filename
 149772	   3240	311964684	312117696	129a89c0	TCPecho.elf
Finished building: TCPecho.elf.size
 
16:58:45 **** Incremental Build of configuration Debug for project TCPecho ****
make all 
make: Nothing to be done for `all'.
16:58:47 **** Incremental Build of configuration Release for project FSBLSdCardBoot ****
make all 
make: Nothing to be done for `all'.
17:00:21 **** Incremental Build of configuration Debug for project TCPecho ****
make all 
make: Nothing to be done for `all'.
17:00:23 **** Incremental Build of configuration Release for project FSBLSdCardBoot ****
make all 
make: Nothing to be done for `all'.
22:39:09 **** Incremental Build of configuration Debug for project TCPecho ****
make all 
make: Nothing to be done for `all'.
22:39:11 **** Incremental Build of configuration Release for project FSBLSdCardBoot ****
make all 
make: Nothing to be done for `all'.
01:05:52 **** Incremental Build of configuration Debug for project TCPecho ****
make all 
make: Nothing to be done for `all'.
01:05:53 **** Incremental Build of configuration Release for project FSBLSdCardBoot ****
make all 
make: Nothing to be done for `all'.
02:12:51 **** Incremental Build of configuration Debug for project TCPecho ****
make all 
make: Nothing to be done for `all'.
02:12:52 **** Incremental Build of configuration Release for project FSBLSdCardBoot ****
make all 
make: Nothing to be done for `all'.
02:21:53 **** Incremental Build of configuration Debug for project TCPecho ****
make all 
make: Nothing to be done for `all'.
02:21:54 **** Incremental Build of configuration Release for project FSBLSdCardBoot ****
make all 
make: Nothing to be done for `all'.
02:23:00 **** Incremental Build of configuration Debug for project TCPecho ****
make all 
make: Nothing to be done for `all'.
02:23:02 **** Incremental Build of configuration Release for project FSBLSdCardBoot ****
make all 
make: Nothing to be done for `all'.
10:51:55 **** Incremental Build of configuration Debug for project TCPecho ****
make all 
make: Nothing to be done for `all'.
10:51:57 **** Incremental Build of configuration Release for project FSBLSdCardBoot ****
make all 
make: Nothing to be done for `all'.
10:51:58 **** Incremental Build of configuration Debug for project TCPecho ****
make all 
make: Nothing to be done for `all'.
10:51:59 **** Incremental Build of configuration Release for project FSBLSdCardBoot ****
make all 
make: Nothing to be done for `all'.
10:53:45 **** Incremental Build of configuration Debug for project TCPecho ****
make all 
make: Nothing to be done for `all'.
10:53:46 **** Incremental Build of configuration Release for project FSBLSdCardBoot ****
make all 
make: Nothing to be done for `all'.
10:55:28 **** Incremental Build of configuration Debug for project TCPecho ****
make all 
make: Nothing to be done for `all'.
10:55:32 **** Incremental Build of configuration Release for project FSBLSdCardBoot ****
make all 
make: Nothing to be done for `all'.
12:54:19 **** Incremental Build of configuration Debug for project TCPecho ****
make all 
make: Nothing to be done for `all'.
12:54:21 **** Incremental Build of configuration Release for project FSBLSdCardBoot ****
make all 
make: Nothing to be done for `all'.
14:36:41 **** Incremental Build of configuration Debug for project TCPecho ****
make all 
make: Nothing to be done for `all'.
14:36:43 **** Incremental Build of configuration Release for project FSBLSdCardBoot ****
make all 
make: Nothing to be done for `all'.
17:00:05 **** Incremental Build of configuration Debug for project TCPecho ****
make all 
make: Nothing to be done for `all'.
17:00:07 **** Incremental Build of configuration Release for project FSBLSdCardBoot ****
make all 
make: Nothing to be done for `all'.
19:15:29 **** Incremental Build of configuration Debug for project TCPecho ****
make all 
make: Nothing to be done for `all'.
19:15:31 **** Incremental Build of configuration Release for project FSBLSdCardBoot ****
make all 
make: Nothing to be done for `all'.
20:01:05 **** Incremental Build of configuration Debug for project TCPecho ****
make all 
make: Nothing to be done for `all'.
20:01:06 **** Incremental Build of configuration Release for project FSBLSdCardBoot ****
make all 
make: Nothing to be done for `all'.
16:45:14 **** Incremental Build of configuration Debug for project TCPecho ****
make all 
make: Nothing to be done for `all'.
16:45:16 **** Incremental Build of configuration Release for project FSBLSdCardBoot ****
make all 
make: Nothing to be done for `all'.
17:39:48 **** Incremental Build of configuration Debug for project TCPecho ****
make all 
make: Nothing to be done for `all'.
17:39:50 **** Incremental Build of configuration Release for project FSBLSdCardBoot ****
make all 
make: Nothing to be done for `all'.
19:50:49 **** Incremental Build of configuration Debug for project TCPecho ****
make all 
make: Nothing to be done for `all'.
19:50:51 **** Incremental Build of configuration Release for project FSBLSdCardBoot ****
make all 
make: Nothing to be done for `all'.
16:46:42 **** Incremental Build of configuration Debug for project TCPecho ****
make all 
make: Nothing to be done for `all'.
16:46:44 **** Incremental Build of configuration Release for project FSBLSdCardBoot ****
make all 
make: Nothing to be done for `all'.
17:15:50 **** Incremental Build of configuration Debug for project TCPecho ****
make all 
make: Nothing to be done for `all'.
17:15:52 **** Incremental Build of configuration Release for project FSBLSdCardBoot ****
make all 
make: Nothing to be done for `all'.
17:17:37 **** Incremental Build of configuration Debug for project TCPecho ****
make all 
make: Nothing to be done for `all'.
17:17:40 **** Incremental Build of configuration Release for project FSBLSdCardBoot ****
make all 
make: Nothing to be done for `all'.
17:23:37 **** Incremental Build of configuration Debug for project TCPecho ****
make all 
make: Nothing to be done for `all'.
17:23:38 **** Incremental Build of configuration Release for project FSBLSdCardBoot ****
make all 
make: Nothing to be done for `all'.
17:24:06 **** Incremental Build of configuration Debug for project TCPecho ****
make all 
make: Nothing to be done for `all'.
17:24:07 **** Incremental Build of configuration Release for project FSBLSdCardBoot ****
make all 
make: Nothing to be done for `all'.
17:25:19 **** Incremental Build of configuration Debug for project TCPecho ****
make all 
make: Nothing to be done for `all'.
17:25:21 **** Incremental Build of configuration Release for project FSBLSdCardBoot ****
make all 
make: Nothing to be done for `all'.
13:52:53 **** Build of project FSBLSdCardBoot_bsp ****
make -k all 
Finished building libraries
13:52:54 **** Build of project standalone_amp_bsp_0 ****
make -k all 
Finished building libraries
13:52:54 **** Build of project timerTest_bsp ****
make -k all 
Finished building libraries
13:52:55 **** Build of configuration Debug for project TCPecho ****
make all 
make: Nothing to be done for `all'.
13:52:57 **** Build of configuration Release for project FSBLSdCardBoot ****
make all 
make: Nothing to be done for `all'.
12:51:32 **** Build of project FSBLSdCardBoot_bsp ****
make -k all 
Finished building libraries
12:51:32 **** Build of project standalone_amp_bsp_0 ****
make -k all 
Finished building libraries
12:51:33 **** Build of project timerTest_bsp ****
make -k all 
Finished building libraries
12:51:33 **** Build of configuration Debug for project TCPecho ****
make all 
make: Nothing to be done for `all'.
12:51:35 **** Build of configuration Release for project FSBLSdCardBoot ****
make all 
make: Nothing to be done for `all'.
13:13:04 **** Incremental Build of configuration Debug for project TCPecho ****
make all 
make: Nothing to be done for `all'.
13:13:06 **** Incremental Build of configuration Release for project FSBLSdCardBoot ****
make all 
make: Nothing to be done for `all'.
13:19:29 **** Incremental Build of configuration Debug for project TCPecho ****
make all 
make: Nothing to be done for `all'.
13:19:31 **** Incremental Build of configuration Release for project FSBLSdCardBoot ****
make all 
make: Nothing to be done for `all'.
14:40:29 **** Incremental Build of configuration Debug for project TCPecho ****
make all 
make: Nothing to be done for `all'.
14:40:31 **** Incremental Build of configuration Release for project FSBLSdCardBoot ****
make all 
make: Nothing to be done for `all'.
14:44:14 **** Incremental Build of configuration Debug for project TCPecho ****
make all 
make: Nothing to be done for `all'.
14:44:16 **** Incremental Build of configuration Release for project FSBLSdCardBoot ****
make all 
make: Nothing to be done for `all'.
