11:59:13 **** Build of project test_bsp ****
make -k all 
libgen -hw ../MicroBlaze_project_hw_platform/system.xml\
	       \
	       -pe microblaze_0 \
	       -log libgen.log \
	       system.mss
libgen
Xilinx EDK 14.6 Build EDK_P.68d
Copyright (c) 1995-2012 Xilinx, Inc.  All rights reserved.

Command Line: libgen -hw ../MicroBlaze_project_hw_platform/system.xml -pe
microblaze_0 -log libgen.log system.mss 


Staging source files.
Running DRCs.
Running generate.
Running post_generate.
Running include - 'make -s include "COMPILER=mb-gcc" "ARCHIVER=mb-ar"
"COMPILER_FLAGS=-mno-xl-soft-mul -mxl-barrel-shift -mxl-pattern-compare
-mcpu=v8.50.b  -O2 -c" "EXTRA_COMPILER_FLAGS=-g -ffunction-sections
-fdata-sections"'.

Running libs - 'make -s libs "COMPILER=mb-gcc" "ARCHIVER=mb-ar"
"COMPILER_FLAGS=-mno-xl-soft-mul -mxl-barrel-shift -mxl-pattern-compare
-mcpu=v8.50.b  -O2 -c" "EXTRA_COMPILER_FLAGS=-g -ffunction-sections
-fdata-sections"'.
"Compiling common"
"Compiling standalone";
"Compiling bram"
"Compiling uartlite"
"Compiling gpio"
"Compiling intc"
"Compiling tmrctr"
"Compiling cpu"
Running execs_generate.
'Finished building libraries'
11:59:29 **** Build of configuration Debug for project test ****
make all 
'Building file: ../src/main.cc'
'Invoking: MicroBlaze g++ compiler'
mb-g++ -Wall -O0 -g3 -c -fmessage-length=0 -I../../test_bsp/microblaze_0/include -mxl-barrel-shift -mxl-pattern-compare -mcpu=v8.50.b -mno-xl-soft-mul -Wl,--no-relax -ffunction-sections -fdata-sections -MMD -MP -MF"src/main.d" -MT"src/main.d" -o "src/main.o" "../src/main.cc"
'Finished building: ../src/main.cc'
' '
'Building target: test.elf'
'Invoking: MicroBlaze g++ linker'
mb-g++ -Wl,-T -Wl,../src/lscript.ld -L../../test_bsp/microblaze_0/lib -mxl-barrel-shift -mxl-pattern-compare -mcpu=v8.50.b -mno-xl-soft-mul -Wl,--no-relax -Wl,--gc-sections -o "test.elf"  ./src/main.o   -Wl,--start-group,-lxil,-lgcc,-lc,-lstdc++,--end-group
'Finished building target: test.elf'
' '
'Invoking: MicroBlaze Print Size'
mb-size test.elf  |tee "test.elf.size"
   text	   data	    bss	    dec	    hex	filename
   2010	    308	   2090	   4408	   1138	test.elf
'Finished building: test.elf.size'
' '
'Invoking: Xilinx ELF Check'
elfcheck test.elf -hw ../../MicroBlaze_project_hw_platform/system.xml -pe microblaze_0  |tee "test.elf.elfcheck"
elfcheck
Xilinx EDK 14.6 Build EDK_P.68d
Copyright (c) 1995-2012 Xilinx, Inc.  All rights reserved.

Command Line: elfcheck -hw ../../MicroBlaze_project_hw_platform/system.xml -pe
microblaze_0 test.elf 

ELF file	: test.elf
elfcheck passed.
'Finished building: test.elf.elfcheck'
' '
12:00:56 **** Auto Build of configuration Debug for project test ****
make all 
'Building file: ../src/main.cc'
'Invoking: MicroBlaze g++ compiler'
mb-g++ -Wall -O0 -g3 -c -fmessage-length=0 -I../../test_bsp/microblaze_0/include -mxl-barrel-shift -mxl-pattern-compare -mcpu=v8.50.b -mno-xl-soft-mul -Wl,--no-relax -ffunction-sections -fdata-sections -MMD -MP -MF"src/main.d" -MT"src/main.d" -o "src/main.o" "../src/main.cc"
'Finished building: ../src/main.cc'
' '
'Building target: test.elf'
'Invoking: MicroBlaze g++ linker'
mb-g++ -Wl,-T -Wl,../src/lscript.ld -L../../test_bsp/microblaze_0/lib -mxl-barrel-shift -mxl-pattern-compare -mcpu=v8.50.b -mno-xl-soft-mul -Wl,--no-relax -Wl,--gc-sections -o "test.elf"  ./src/main.o   -Wl,--start-group,-lxil,-lgcc,-lc,-lstdc++,--end-group
'Finished building target: test.elf'
' '
'Invoking: MicroBlaze Print Size'
mb-size test.elf  |tee "test.elf.size"
   text	   data	    bss	    dec	    hex	filename
   2006	    308	   2080	   4394	   112a	test.elf
'Finished building: test.elf.size'
' '
'Invoking: Xilinx ELF Check'
elfcheck test.elf -hw ../../MicroBlaze_project_hw_platform/system.xml -pe microblaze_0  |tee "test.elf.elfcheck"
elfcheck
Xilinx EDK 14.6 Build EDK_P.68d
Copyright (c) 1995-2012 Xilinx, Inc.  All rights reserved.

Command Line: elfcheck -hw ../../MicroBlaze_project_hw_platform/system.xml -pe
microblaze_0 test.elf 

ELF file	: test.elf
elfcheck passed.
'Finished building: test.elf.elfcheck'
' '
12:02:51 **** Auto Build of configuration Debug for project test ****
make all 
'Building file: ../src/main.cc'
'Invoking: MicroBlaze g++ compiler'
mb-g++ -Wall -O0 -g3 -c -fmessage-length=0 -I../../test_bsp/microblaze_0/include -mxl-barrel-shift -mxl-pattern-compare -mcpu=v8.50.b -mno-xl-soft-mul -Wl,--no-relax -ffunction-sections -fdata-sections -MMD -MP -MF"src/main.d" -MT"src/main.d" -o "src/main.o" "../src/main.cc"
'Finished building: ../src/main.cc'
' '
'Building target: test.elf'
'Invoking: MicroBlaze g++ linker'
mb-g++ -Wl,-T -Wl,../src/lscript.ld -L../../test_bsp/microblaze_0/lib -mxl-barrel-shift -mxl-pattern-compare -mcpu=v8.50.b -mno-xl-soft-mul -Wl,--no-relax -Wl,--gc-sections -o "test.elf"  ./src/main.o   -Wl,--start-group,-lxil,-lgcc,-lc,-lstdc++,--end-group
'Finished building target: test.elf'
' '
'Invoking: MicroBlaze Print Size'
mb-size test.elf  |tee "test.elf.size"
   text	   data	    bss	    dec	    hex	filename
   2130	    308	   2090	   4528	   11b0	test.elf
'Finished building: test.elf.size'
' '
'Invoking: Xilinx ELF Check'
elfcheck test.elf -hw ../../MicroBlaze_project_hw_platform/system.xml -pe microblaze_0  |tee "test.elf.elfcheck"
elfcheck
Xilinx EDK 14.6 Build EDK_P.68d
Copyright (c) 1995-2012 Xilinx, Inc.  All rights reserved.

Command Line: elfcheck -hw ../../MicroBlaze_project_hw_platform/system.xml -pe
microblaze_0 test.elf 

ELF file	: test.elf
elfcheck passed.
'Finished building: test.elf.elfcheck'
' '
12:03:49 **** Auto Build of project test_bsp ****
make -k all 
'Finished building libraries'
12:03:56 **** Incremental Build of configuration Debug for project test ****
make all 
make: Nothing to be done for `all'.
12:04:23 **** Auto Build of project test_bsp ****
make -k all 
'Finished building libraries'
12:04:25 **** Incremental Build of configuration Debug for project test ****
make all 
make: Nothing to be done for `all'.
12:23:23 **** Auto Build of project test_bsp ****
make -k all 
'Finished building libraries'
12:23:40 **** Auto Build of project test_bsp ****
make -k all 
libgen -hw ../MicroBlaze_project_hw_platform/system.xml\
	       \
	       -pe microblaze_0 \
	       -log libgen.log \
	       system.mss
libgen
Xilinx EDK 14.6 Build EDK_P.68d
Copyright (c) 1995-2012 Xilinx, Inc.  All rights reserved.

Command Line: libgen -hw ../MicroBlaze_project_hw_platform/system.xml -pe
microblaze_0 -log libgen.log system.mss 


Staging source files.
Running DRCs.
Running generate.
Running post_generate.
Running include - 'make -s include "COMPILER=mb-gcc" "ARCHIVER=mb-ar"
"COMPILER_FLAGS=-mno-xl-soft-mul -mxl-barrel-shift -mxl-pattern-compare
-mcpu=v8.50.b  -O2 -c" "EXTRA_COMPILER_FLAGS=-g -ffunction-sections
-fdata-sections"'.

Running libs - 'make -s libs "COMPILER=mb-gcc" "ARCHIVER=mb-ar"
"COMPILER_FLAGS=-mno-xl-soft-mul -mxl-barrel-shift -mxl-pattern-compare
-mcpu=v8.50.b  -O2 -c" "EXTRA_COMPILER_FLAGS=-g -ffunction-sections
-fdata-sections"'.
"Compiling common"
"Compiling standalone";
"Compiling bram"
"Compiling uartlite"
"Compiling gpio"
"Compiling intc"
"Compiling tmrctr"
"Compiling cpu"
Running execs_generate.
'Finished building libraries'
12:23:49 **** Auto Build of configuration Debug for project test ****
make all 
make: Nothing to be done for `all'.
12:24:23 **** Auto Build of project test_bsp ****
make -k all 
'Finished building libraries'
12:24:26 **** Incremental Build of configuration Debug for project test ****
make all 
make: Nothing to be done for `all'.
12:24:51 **** Incremental Build of configuration Debug for project test ****
make all 
make: Nothing to be done for `all'.
12:51:41 **** Auto Build of project test_bsp ****
make -k all 
'Finished building libraries'
13:30:15 **** Auto Build of project test_bsp ****
make -k all 
libgen -hw ../MicroBlaze_project_hw_platform/system.xml\
	       \
	       -pe microblaze_0 \
	       -log libgen.log \
	       system.mss
libgen
Xilinx EDK 14.6 Build EDK_P.68d
Copyright (c) 1995-2012 Xilinx, Inc.  All rights reserved.

Command Line: libgen -hw ../MicroBlaze_project_hw_platform/system.xml -pe
microblaze_0 -log libgen.log system.mss 


Staging source files.
Running DRCs.
Running generate.
Running post_generate.
Running include - 'make -s include "COMPILER=mb-gcc" "ARCHIVER=mb-ar"
"COMPILER_FLAGS=-mno-xl-soft-mul -mxl-barrel-shift -mxl-pattern-compare
-mcpu=v8.50.b  -O2 -c" "EXTRA_COMPILER_FLAGS=-g -ffunction-sections
-fdata-sections"'.

Running libs - 'make -s libs "COMPILER=mb-gcc" "ARCHIVER=mb-ar"
"COMPILER_FLAGS=-mno-xl-soft-mul -mxl-barrel-shift -mxl-pattern-compare
-mcpu=v8.50.b  -O2 -c" "EXTRA_COMPILER_FLAGS=-g -ffunction-sections
-fdata-sections"'.
"Compiling common"
"Compiling standalone";
"Compiling bram"
"Compiling uartlite"
"Compiling gpio"
"Compiling intc"
"Compiling tmrctr"
"Compiling cpu"
Running execs_generate.
'Finished building libraries'
13:30:25 **** Auto Build of configuration Debug for project test ****
make all 
make: Nothing to be done for `all'.
13:30:59 **** Auto Build of project test_bsp ****
make -k all 
libgen -hw ../MicroBlaze_project_hw_platform/system.xml\
	       \
	       -pe microblaze_0 \
	       -log libgen.log \
	       system.mss
libgen
Xilinx EDK 14.6 Build EDK_P.68d
Copyright (c) 1995-2012 Xilinx, Inc.  All rights reserved.

Command Line: libgen -hw ../MicroBlaze_project_hw_platform/system.xml -pe
microblaze_0 -log libgen.log system.mss 


Staging source files.
Running DRCs.
Running generate.
Running post_generate.
Running include - 'make -s include "COMPILER=mb-gcc" "ARCHIVER=mb-ar"
"COMPILER_FLAGS=-mno-xl-soft-mul -mxl-barrel-shift -mxl-pattern-compare
-mcpu=v8.50.b  -O2 -c" "EXTRA_COMPILER_FLAGS=-g -ffunction-sections
-fdata-sections"'.

Running libs - 'make -s libs "COMPILER=mb-gcc" "ARCHIVER=mb-ar"
"COMPILER_FLAGS=-mno-xl-soft-mul -mxl-barrel-shift -mxl-pattern-compare
-mcpu=v8.50.b  -O2 -c" "EXTRA_COMPILER_FLAGS=-g -ffunction-sections
-fdata-sections"'.
"Compiling common"
"Compiling standalone";
"Compiling bram"
"Compiling uartlite"
"Compiling gpio"
"Compiling intc"
"Compiling tmrctr"
"Compiling cpu"
Running execs_generate.
'Finished building libraries'
13:31:08 **** Auto Build of configuration Debug for project test ****
make all 
make: Nothing to be done for `all'.
13:31:10 **** Incremental Build of configuration Debug for project test ****
make all 
make: Nothing to be done for `all'.
13:52:44 **** Auto Build of project test_bsp ****
make -k all 
'Finished building libraries'
14:03:27 **** Clean-only build of project test_bsp ****
make -k clean 
rm -rf microblaze_0
14:03:27 **** Build of project test_bsp ****
make -k all 
libgen -hw ../MicroBlaze_project_hw_platform/system.xml\
	       \
	       -pe microblaze_0 \
	       -log libgen.log \
	       system.mss
libgen
Xilinx EDK 14.6 Build EDK_P.68d
Copyright (c) 1995-2012 Xilinx, Inc.  All rights reserved.

Command Line: libgen -hw ../MicroBlaze_project_hw_platform/system.xml -pe
microblaze_0 -log libgen.log system.mss 


Staging source files.
Running DRCs.
Running generate.
Running post_generate.
Running include - 'make -s include "COMPILER=mb-gcc" "ARCHIVER=mb-ar"
"COMPILER_FLAGS=-mno-xl-soft-mul -mxl-barrel-shift -mxl-pattern-compare
-mcpu=v8.50.b  -O2 -c" "EXTRA_COMPILER_FLAGS=-g -ffunction-sections
-fdata-sections"'.

Running libs - 'make -s libs "COMPILER=mb-gcc" "ARCHIVER=mb-ar"
"COMPILER_FLAGS=-mno-xl-soft-mul -mxl-barrel-shift -mxl-pattern-compare
-mcpu=v8.50.b  -O2 -c" "EXTRA_COMPILER_FLAGS=-g -ffunction-sections
-fdata-sections"'.
"Compiling common"
"Compiling standalone";
"Compiling bram"
"Compiling uartlite"
"Compiling gpio"
"Compiling iic"
"Compiling intc"
"Compiling tmrctr"
"Compiling cpu"
Running execs_generate.
'Finished building libraries'
14:03:37 **** Clean-only build of configuration Debug for project test ****
make clean 
rm -rf  ./src/main.o  ./src/main.d  test.elf.size  test.elf.elfcheck  test.elf
' '
14:03:37 **** Auto Build of configuration Debug for project test ****
make all 
'Building file: ../src/main.cc'
'Invoking: MicroBlaze g++ compiler'
mb-g++ -Wall -O0 -g3 -c -fmessage-length=0 -I../../test_bsp/microblaze_0/include -mxl-barrel-shift -mxl-pattern-compare -mcpu=v8.50.b -mno-xl-soft-mul -Wl,--no-relax -ffunction-sections -fdata-sections -MMD -MP -MF"src/main.d" -MT"src/main.d" -o "src/main.o" "../src/main.cc"
'Finished building: ../src/main.cc'
' '
'Building target: test.elf'
'Invoking: MicroBlaze g++ linker'
mb-g++ -Wl,-T -Wl,../src/lscript.ld -L../../test_bsp/microblaze_0/lib -mxl-barrel-shift -mxl-pattern-compare -mcpu=v8.50.b -mno-xl-soft-mul -Wl,--no-relax -Wl,--gc-sections -o "test.elf"  ./src/main.o   -Wl,--start-group,-lxil,-lgcc,-lc,--end-group
'Finished building target: test.elf'
' '
'Invoking: MicroBlaze Print Size'
mb-size test.elf  |tee "test.elf.size"
   text	   data	    bss	    dec	    hex	filename
   2130	    308	   2090	   4528	   11b0	test.elf
'Finished building: test.elf.size'
' '
'Invoking: Xilinx ELF Check'
elfcheck test.elf -hw ../../MicroBlaze_project_hw_platform/system.xml -pe microblaze_0  |tee "test.elf.elfcheck"
elfcheck
Xilinx EDK 14.6 Build EDK_P.68d
Copyright (c) 1995-2012 Xilinx, Inc.  All rights reserved.

Command Line: elfcheck -hw ../../MicroBlaze_project_hw_platform/system.xml -pe
microblaze_0 test.elf 

ELF file	: test.elf
elfcheck passed.
'Finished building: test.elf.elfcheck'
' '
14:03:55 **** Auto Build of configuration Debug for project test ****
make all 
'Building file: ../src/main.cc'
'Invoking: MicroBlaze g++ compiler'
mb-g++ -Wall -O0 -g3 -c -fmessage-length=0 -I../../test_bsp/microblaze_0/include -mxl-barrel-shift -mxl-pattern-compare -mcpu=v8.50.b -mno-xl-soft-mul -Wl,--no-relax -ffunction-sections -fdata-sections -MMD -MP -MF"src/main.d" -MT"src/main.d" -o "src/main.o" "../src/main.cc"
'Finished building: ../src/main.cc'
' '
'Building target: test.elf'
'Invoking: MicroBlaze g++ linker'
mb-g++ -Wl,-T -Wl,../src/lscript.ld -L../../test_bsp/microblaze_0/lib -mxl-barrel-shift -mxl-pattern-compare -mcpu=v8.50.b -mno-xl-soft-mul -Wl,--no-relax -Wl,--gc-sections -o "test.elf"  ./src/main.o   -Wl,--start-group,-lxil,-lgcc,-lc,--end-group
'Finished building target: test.elf'
' '
'Invoking: MicroBlaze Print Size'
mb-size test.elf  |tee "test.elf.size"
   text	   data	    bss	    dec	    hex	filename
   5222	    312	   2080	   7614	   1dbe	test.elf
'Finished building: test.elf.size'
' '
'Invoking: Xilinx ELF Check'
elfcheck test.elf -hw ../../MicroBlaze_project_hw_platform/system.xml -pe microblaze_0  |tee "test.elf.elfcheck"
elfcheck
Xilinx EDK 14.6 Build EDK_P.68d
Copyright (c) 1995-2012 Xilinx, Inc.  All rights reserved.

Command Line: elfcheck -hw ../../MicroBlaze_project_hw_platform/system.xml -pe
microblaze_0 test.elf 

ELF file	: test.elf
elfcheck passed.
'Finished building: test.elf.elfcheck'
' '
14:04:11 **** Auto Build of configuration Debug for project test ****
make all 
'Building file: ../src/main.cc'
'Invoking: MicroBlaze g++ compiler'
mb-g++ -Wall -O0 -g3 -c -fmessage-length=0 -I../../test_bsp/microblaze_0/include -mxl-barrel-shift -mxl-pattern-compare -mcpu=v8.50.b -mno-xl-soft-mul -Wl,--no-relax -ffunction-sections -fdata-sections -MMD -MP -MF"src/main.d" -MT"src/main.d" -o "src/main.o" "../src/main.cc"
'Finished building: ../src/main.cc'
' '
'Building target: test.elf'
'Invoking: MicroBlaze g++ linker'
mb-g++ -Wl,-T -Wl,../src/lscript.ld -L../../test_bsp/microblaze_0/lib -mxl-barrel-shift -mxl-pattern-compare -mcpu=v8.50.b -mno-xl-soft-mul -Wl,--no-relax -Wl,--gc-sections -o "test.elf"  ./src/main.o   -Wl,--start-group,-lxil,-lgcc,-lc,--end-group
'Finished building target: test.elf'
' '
'Invoking: MicroBlaze Print Size'
mb-size test.elf  |tee "test.elf.size"
   text	   data	    bss	    dec	    hex	filename
   5222	    312	   2080	   7614	   1dbe	test.elf
'Finished building: test.elf.size'
' '
'Invoking: Xilinx ELF Check'
elfcheck test.elf -hw ../../MicroBlaze_project_hw_platform/system.xml -pe microblaze_0  |tee "test.elf.elfcheck"
elfcheck
Xilinx EDK 14.6 Build EDK_P.68d
Copyright (c) 1995-2012 Xilinx, Inc.  All rights reserved.

Command Line: elfcheck -hw ../../MicroBlaze_project_hw_platform/system.xml -pe
microblaze_0 test.elf 

ELF file	: test.elf
elfcheck passed.
'Finished building: test.elf.elfcheck'
' '
14:04:37 **** Auto Build of project test_bsp ****
make -k all 
'Finished building libraries'
14:04:39 **** Incremental Build of configuration Debug for project test ****
make all 
make: Nothing to be done for `all'.
14:13:16 **** Auto Build of configuration Debug for project test ****
make all 
'Building file: ../src/main.cc'
'Invoking: MicroBlaze g++ compiler'
mb-g++ -Wall -O0 -g3 -c -fmessage-length=0 -I../../test_bsp/microblaze_0/include -mxl-barrel-shift -mxl-pattern-compare -mcpu=v8.50.b -mno-xl-soft-mul -Wl,--no-relax -ffunction-sections -fdata-sections -MMD -MP -MF"src/main.d" -MT"src/main.d" -o "src/main.o" "../src/main.cc"
../src/main.cc: In function 'int main()':
../src/main.cc:17:66: error: expression list treated as compound expression in initializer [-fpermissive]
../src/main.cc:17:66: warning: left operand of comma operator has no effect [-Wunused-value]
../src/main.cc:17:66: warning: right operand of comma operator has no effect [-Wunused-value]
../src/main.cc:17:6: warning: unused variable 'XIic_CfgInitialize' [-Wunused-variable]
make: *** [src/main.o] Error 1
14:13:33 **** Auto Build of configuration Debug for project test ****
make all 
'Building file: ../src/main.cc'
'Invoking: MicroBlaze g++ compiler'
mb-g++ -Wall -O0 -g3 -c -fmessage-length=0 -I../../test_bsp/microblaze_0/include -mxl-barrel-shift -mxl-pattern-compare -mcpu=v8.50.b -mno-xl-soft-mul -Wl,--no-relax -ffunction-sections -fdata-sections -MMD -MP -MF"src/main.d" -MT"src/main.d" -o "src/main.o" "../src/main.cc"
../src/main.cc: In function 'int main()':
../src/main.cc:17:63: warning: 'xiic_inst' is used uninitialized in this function [-Wuninitialized]
'Finished building: ../src/main.cc'
' '
'Building target: test.elf'
'Invoking: MicroBlaze g++ linker'
mb-g++ -Wl,-T -Wl,../src/lscript.ld -L../../test_bsp/microblaze_0/lib -mxl-barrel-shift -mxl-pattern-compare -mcpu=v8.50.b -mno-xl-soft-mul -Wl,--no-relax -Wl,--gc-sections -o "test.elf"  ./src/main.o   -Wl,--start-group,-lxil,-lgcc,-lc,--end-group
'Finished building target: test.elf'
' '
'Invoking: MicroBlaze Print Size'
mb-size test.elf  |tee "test.elf.size"
   text	   data	    bss	    dec	    hex	filename
   8746	    340	   2098	  11184	   2bb0	test.elf
'Finished building: test.elf.size'
' '
'Invoking: Xilinx ELF Check'
elfcheck test.elf -hw ../../MicroBlaze_project_hw_platform/system.xml -pe microblaze_0  |tee "test.elf.elfcheck"
elfcheck
Xilinx EDK 14.6 Build EDK_P.68d
Copyright (c) 1995-2012 Xilinx, Inc.  All rights reserved.

Command Line: elfcheck -hw ../../MicroBlaze_project_hw_platform/system.xml -pe
microblaze_0 test.elf 

ELF file	: test.elf
elfcheck passed.
'Finished building: test.elf.elfcheck'
' '
13:16:50 **** Auto Build of project test_bsp ****
make -k all 
'Finished building libraries'
13:16:51 **** Auto Build of configuration Debug for project test ****
make all 
make: Nothing to be done for `all'.
