EN bitbasher_bb81282914 NULL C:/Users/laca/Desktop/iRoobo2014Ver3/Fpga/SPARTAN3E/Spartan3E6500SystemVer2/dcMOTORpositionPID/netlist/synth_model/motorpoz.vhd sub00/vhpl78 1424371563
PB conv_pkg conv_pkg C:/Users/laca/Desktop/iRoobo2014Ver3/Fpga/SPARTAN3E/Spartan3E6500SystemVer2/dcMOTORpositionPID/netlist/synth_model/motorpoz.vhd sub00/vhpl15 1424371500
AR addsb_11_0_69d6875ac191df7d addsb_11_0_69d6875ac191df7d_a C:/Users/laca/Desktop/iRoobo2014Ver3/Fpga/SPARTAN3E/Spartan3E6500SystemVer2/dcMOTORpositionPID/netlist/synth_model/motorpoz.vhd sub00/vhpl05 1424371490
AR inverter_e5b38cca3b behavior C:/Users/laca/Desktop/iRoobo2014Ver3/Fpga/SPARTAN3E/Spartan3E6500SystemVer2/dcMOTORpositionPID/netlist/synth_model/motorpoz.vhd sub00/vhpl53 1424371538
AR xlregister behavior C:/Users/laca/Desktop/iRoobo2014Ver3/Fpga/SPARTAN3E/Spartan3E6500SystemVer2/dcMOTORpositionPID/netlist/synth_model/motorpoz.vhd sub00/vhpl47 1424371532
AR pidrek_entity_92f788bccf structural C:/Users/laca/Desktop/iRoobo2014Ver3/Fpga/SPARTAN3E/Spartan3E6500SystemVer2/dcMOTORpositionPID/netlist/synth_model/motorpoz.vhd sub00/vhpl83 1424371568
AR pmod4_entity_28850e4dc6 structural C:/Users/laca/Desktop/iRoobo2014Ver3/Fpga/SPARTAN3E/Spartan3E6500SystemVer2/dcMOTORpositionPID/netlist/synth_model/motorpoz.vhd sub00/vhpl85 1424371570
AR xldelay behavior C:/Users/laca/Desktop/iRoobo2014Ver3/Fpga/SPARTAN3E/Spartan3E6500SystemVer2/dcMOTORpositionPID/netlist/synth_model/motorpoz.vhd sub00/vhpl39 1424371524
EN mux_32f647f217 NULL C:/Users/laca/Desktop/iRoobo2014Ver3/Fpga/SPARTAN3E/Spartan3E6500SystemVer2/dcMOTORpositionPID/netlist/synth_model/motorpoz.vhd sub00/vhpl42 1424371527
EN xldelay NULL C:/Users/laca/Desktop/iRoobo2014Ver3/Fpga/SPARTAN3E/Spartan3E6500SystemVer2/dcMOTORpositionPID/netlist/synth_model/motorpoz.vhd sub00/vhpl38 1424371523
AR sampletime_generator_entity_19c853dc10 structural C:/Users/laca/Desktop/iRoobo2014Ver3/Fpga/SPARTAN3E/Spartan3E6500SystemVer2/dcMOTORpositionPID/netlist/synth_model/motorpoz.vhd sub00/vhpl87 1424371572
EN convert_func_call NULL C:/Users/laca/Desktop/iRoobo2014Ver3/Fpga/SPARTAN3E/Spartan3E6500SystemVer2/dcMOTORpositionPID/netlist/synth_model/motorpoz.vhd sub00/vhpl26 1424371511
AR constant_e48c5a6fd1 behavior C:/Users/laca/Desktop/iRoobo2014Ver3/Fpga/SPARTAN3E/Spartan3E6500SystemVer2/dcMOTORpositionPID/netlist/synth_model/motorpoz.vhd sub00/vhpl61 1424371546
EN addsb_11_0_ed61fefe391dafb3 NULL C:/Users/laca/Desktop/iRoobo2014Ver3/Fpga/SPARTAN3E/Spartan3E6500SystemVer2/dcMOTORpositionPID/netlist/synth_model/motorpoz.vhd sub00/vhpl06 1424371491
AR led_entity_2baf17759a structural C:/Users/laca/Desktop/iRoobo2014Ver3/Fpga/SPARTAN3E/Spartan3E6500SystemVer2/dcMOTORpositionPID/netlist/synth_model/motorpoz.vhd sub00/vhpl81 1424371566
EN bitbasher_a85d4d15a6 NULL C:/Users/laca/Desktop/iRoobo2014Ver3/Fpga/SPARTAN3E/Spartan3E6500SystemVer2/dcMOTORpositionPID/netlist/synth_model/motorpoz.vhd sub00/vhpl68 1424371553
AR xlmult_motorpoz behavior C:/Users/laca/Desktop/iRoobo2014Ver3/Fpga/SPARTAN3E/Spartan3E6500SystemVer2/dcMOTORpositionPID/netlist/synth_model/motorpoz.vhd sub00/vhpl41 1424371526
AR reinterpret_d610556e85 behavior C:/Users/laca/Desktop/iRoobo2014Ver3/Fpga/SPARTAN3E/Spartan3E6500SystemVer2/dcMOTORpositionPID/netlist/synth_model/motorpoz.vhd sub00/vhpl31 1424371516
AR logical_80f90b97d0 behavior C:/Users/laca/Desktop/iRoobo2014Ver3/Fpga/SPARTAN3E/Spartan3E6500SystemVer2/dcMOTORpositionPID/netlist/synth_model/motorpoz.vhd sub00/vhpl55 1424371540
EN mux_20197168a0 NULL C:/Users/laca/Desktop/iRoobo2014Ver3/Fpga/SPARTAN3E/Spartan3E6500SystemVer2/dcMOTORpositionPID/netlist/synth_model/motorpoz.vhd sub00/vhpl66 1424371551
EN mux_ba4efe1019 NULL C:/Users/laca/Desktop/iRoobo2014Ver3/Fpga/SPARTAN3E/Spartan3E6500SystemVer2/dcMOTORpositionPID/netlist/synth_model/motorpoz.vhd sub00/vhpl44 1424371529
EN sampletime_generator_entity_19c853dc10 NULL C:/Users/laca/Desktop/iRoobo2014Ver3/Fpga/SPARTAN3E/Spartan3E6500SystemVer2/dcMOTORpositionPID/netlist/synth_model/motorpoz.vhd sub00/vhpl86 1424371571
EN default_clock_driver_motorpoz NULL C:/Users/laca/Desktop/iRoobo2014Ver3/Fpga/SPARTAN3E/Spartan3E6500SystemVer2/dcMOTORpositionPID/netlist/synth_model/motorpoz_cw.vhd sub00/vhpl94 1424371579
AR mult_11_2_782d0d00b37904bd mult_11_2_782d0d00b37904bd_a C:/Users/laca/Desktop/iRoobo2014Ver3/Fpga/SPARTAN3E/Spartan3E6500SystemVer2/dcMOTORpositionPID/netlist/synth_model/motorpoz.vhd sub00/vhpl13 1424371498
AR top_level behavioral C:/Users/laca/Desktop/iRoobo2014Ver3/Fpga/SPARTAN3E/Spartan3E6500SystemVer2/dcMOTORpositionPID/netlist/synth_model/motorpoz.vhd sub00/vhpl75 1424371560
AR addsb_11_0_40c59820e74e5c61 addsb_11_0_40c59820e74e5c61_a C:/Users/laca/Desktop/iRoobo2014Ver3/Fpga/SPARTAN3E/Spartan3E6500SystemVer2/dcMOTORpositionPID/netlist/synth_model/motorpoz.vhd sub00/vhpl03 1424371488
AR convert_func_call behavior C:/Users/laca/Desktop/iRoobo2014Ver3/Fpga/SPARTAN3E/Spartan3E6500SystemVer2/dcMOTORpositionPID/netlist/synth_model/motorpoz.vhd sub00/vhpl27 1424371512
AR addsb_11_0_ed61fefe391dafb3 addsb_11_0_ed61fefe391dafb3_a C:/Users/laca/Desktop/iRoobo2014Ver3/Fpga/SPARTAN3E/Spartan3E6500SystemVer2/dcMOTORpositionPID/netlist/synth_model/motorpoz.vhd sub00/vhpl07 1424371492
EN counter_entity_8137e9fb7a NULL C:/Users/laca/Desktop/iRoobo2014Ver3/Fpga/SPARTAN3E/Spartan3E6500SystemVer2/dcMOTORpositionPID/netlist/synth_model/motorpoz.vhd sub00/vhpl88 1424371573
AR counter_entity_8137e9fb7a structural C:/Users/laca/Desktop/iRoobo2014Ver3/Fpga/SPARTAN3E/Spartan3E6500SystemVer2/dcMOTORpositionPID/netlist/synth_model/motorpoz.vhd sub00/vhpl89 1424371574
AR mux_32f647f217 behavior C:/Users/laca/Desktop/iRoobo2014Ver3/Fpga/SPARTAN3E/Spartan3E6500SystemVer2/dcMOTORpositionPID/netlist/synth_model/motorpoz.vhd sub00/vhpl43 1424371528
EN relational_3ffd1d0a40 NULL C:/Users/laca/Desktop/iRoobo2014Ver3/Fpga/SPARTAN3E/Spartan3E6500SystemVer2/dcMOTORpositionPID/netlist/synth_model/motorpoz.vhd sub00/vhpl56 1424371541
AR xladdsub_motorpoz behavior C:/Users/laca/Desktop/iRoobo2014Ver3/Fpga/SPARTAN3E/Spartan3E6500SystemVer2/dcMOTORpositionPID/netlist/synth_model/motorpoz.vhd sub00/vhpl33 1424371518
EN motorpoz NULL C:/Users/laca/Desktop/iRoobo2014Ver3/Fpga/SPARTAN3E/Spartan3E6500SystemVer2/dcMOTORpositionPID/netlist/synth_model/motorpoz.vhd sub00/vhpl90 1424371575
EN constant_e48c5a6fd1 NULL C:/Users/laca/Desktop/iRoobo2014Ver3/Fpga/SPARTAN3E/Spartan3E6500SystemVer2/dcMOTORpositionPID/netlist/synth_model/motorpoz.vhd sub00/vhpl60 1424371545
AR constant_9f5572ba51 behavior C:/Users/laca/Desktop/iRoobo2014Ver3/Fpga/SPARTAN3E/Spartan3E6500SystemVer2/dcMOTORpositionPID/netlist/synth_model/motorpoz.vhd sub00/vhpl35 1424371520
EN single_reg_w_init NULL C:/Users/laca/Desktop/iRoobo2014Ver3/Fpga/SPARTAN3E/Spartan3E6500SystemVer2/dcMOTORpositionPID/netlist/synth_model/motorpoz.vhd sub00/vhpl22 1424371507
AR srl17e structural C:/Users/laca/Desktop/iRoobo2014Ver3/Fpga/SPARTAN3E/Spartan3E6500SystemVer2/dcMOTORpositionPID/netlist/synth_model/motorpoz.vhd sub00/vhpl17 1424371502
AR inverter_e2b989a05e behavior C:/Users/laca/Desktop/iRoobo2014Ver3/Fpga/SPARTAN3E/Spartan3E6500SystemVer2/dcMOTORpositionPID/netlist/synth_model/motorpoz.vhd sub00/vhpl63 1424371548
PH conv_pkg NULL C:/Users/laca/Desktop/iRoobo2014Ver3/Fpga/SPARTAN3E/Spartan3E6500SystemVer2/dcMOTORpositionPID/netlist/synth_model/motorpoz.vhd sub00/vhpl14 1424371499
AR bitbasher_bb81282914 behavior C:/Users/laca/Desktop/iRoobo2014Ver3/Fpga/SPARTAN3E/Spartan3E6500SystemVer2/dcMOTORpositionPID/netlist/synth_model/motorpoz.vhd sub00/vhpl79 1424371564
AR bitbasher_a85d4d15a6 behavior C:/Users/laca/Desktop/iRoobo2014Ver3/Fpga/SPARTAN3E/Spartan3E6500SystemVer2/dcMOTORpositionPID/netlist/synth_model/motorpoz.vhd sub00/vhpl69 1424371554
EN logical_938d99ac11 NULL C:/Users/laca/Desktop/iRoobo2014Ver3/Fpga/SPARTAN3E/Spartan3E6500SystemVer2/dcMOTORpositionPID/netlist/synth_model/motorpoz.vhd sub00/vhpl64 1424371549
EN srl17e NULL C:/Users/laca/Desktop/iRoobo2014Ver3/Fpga/SPARTAN3E/Spartan3E6500SystemVer2/dcMOTORpositionPID/netlist/synth_model/motorpoz.vhd sub00/vhpl16 1424371501
EN reinterpret_d610556e85 NULL C:/Users/laca/Desktop/iRoobo2014Ver3/Fpga/SPARTAN3E/Spartan3E6500SystemVer2/dcMOTORpositionPID/netlist/synth_model/motorpoz.vhd sub00/vhpl30 1424371515
EN mult_11_2_782d0d00b37904bd NULL C:/Users/laca/Desktop/iRoobo2014Ver3/Fpga/SPARTAN3E/Spartan3E6500SystemVer2/dcMOTORpositionPID/netlist/synth_model/motorpoz.vhd sub00/vhpl12 1424371497
EN cntr_11_0_cee71699703bac4e NULL C:/Users/laca/Desktop/iRoobo2014Ver3/Fpga/SPARTAN3E/Spartan3E6500SystemVer2/dcMOTORpositionPID/netlist/synth_model/motorpoz.vhd sub00/vhpl10 1424371495
AR motorpoz_cw structural C:/Users/laca/Desktop/iRoobo2014Ver3/Fpga/SPARTAN3E/Spartan3E6500SystemVer2/dcMOTORpositionPID/netlist/synth_model/motorpoz_cw.vhd sub00/vhpl97 1424371582
AR single_reg_w_init structural C:/Users/laca/Desktop/iRoobo2014Ver3/Fpga/SPARTAN3E/Spartan3E6500SystemVer2/dcMOTORpositionPID/netlist/synth_model/motorpoz.vhd sub00/vhpl23 1424371508
EN xlcounter_free_motorpoz NULL C:/Users/laca/Desktop/iRoobo2014Ver3/Fpga/SPARTAN3E/Spartan3E6500SystemVer2/dcMOTORpositionPID/netlist/synth_model/motorpoz.vhd sub00/vhpl50 1424371535
AR xlcounter_limit_motorpoz behavior C:/Users/laca/Desktop/iRoobo2014Ver3/Fpga/SPARTAN3E/Spartan3E6500SystemVer2/dcMOTORpositionPID/netlist/synth_model/motorpoz.vhd sub00/vhpl37 1424371522
EN motorpoz_cw NULL C:/Users/laca/Desktop/iRoobo2014Ver3/Fpga/SPARTAN3E/Spartan3E6500SystemVer2/dcMOTORpositionPID/netlist/synth_model/motorpoz_cw.vhd sub00/vhpl96 1424371581
EN xlmult_motorpoz NULL C:/Users/laca/Desktop/iRoobo2014Ver3/Fpga/SPARTAN3E/Spartan3E6500SystemVer2/dcMOTORpositionPID/netlist/synth_model/motorpoz.vhd sub00/vhpl40 1424371525
AR logical_938d99ac11 behavior C:/Users/laca/Desktop/iRoobo2014Ver3/Fpga/SPARTAN3E/Spartan3E6500SystemVer2/dcMOTORpositionPID/netlist/synth_model/motorpoz.vhd sub00/vhpl65 1424371550
EN addsb_11_0_69d6875ac191df7d NULL C:/Users/laca/Desktop/iRoobo2014Ver3/Fpga/SPARTAN3E/Spartan3E6500SystemVer2/dcMOTORpositionPID/netlist/synth_model/motorpoz.vhd sub00/vhpl04 1424371489
EN synth_reg_w_init NULL C:/Users/laca/Desktop/iRoobo2014Ver3/Fpga/SPARTAN3E/Spartan3E6500SystemVer2/dcMOTORpositionPID/netlist/synth_model/motorpoz.vhd sub00/vhpl24 1424371509
EN addsb_11_0_09a98e96b9130e03 NULL C:/Users/laca/Desktop/iRoobo2014Ver3/Fpga/SPARTAN3E/Spartan3E6500SystemVer2/dcMOTORpositionPID/netlist/synth_model/motorpoz.vhd sub00/vhpl00 1424371485
EN pmod4_entity_28850e4dc6 NULL C:/Users/laca/Desktop/iRoobo2014Ver3/Fpga/SPARTAN3E/Spartan3E6500SystemVer2/dcMOTORpositionPID/netlist/synth_model/motorpoz.vhd sub00/vhpl84 1424371569
EN addsb_11_0_40c59820e74e5c61 NULL C:/Users/laca/Desktop/iRoobo2014Ver3/Fpga/SPARTAN3E/Spartan3E6500SystemVer2/dcMOTORpositionPID/netlist/synth_model/motorpoz.vhd sub00/vhpl02 1424371487
AR bitbasher_75b6572827 behavior C:/Users/laca/Desktop/iRoobo2014Ver3/Fpga/SPARTAN3E/Spartan3E6500SystemVer2/dcMOTORpositionPID/netlist/synth_model/motorpoz.vhd sub00/vhpl73 1424371558
AR synth_reg structural C:/Users/laca/Desktop/iRoobo2014Ver3/Fpga/SPARTAN3E/Spartan3E6500SystemVer2/dcMOTORpositionPID/netlist/synth_model/motorpoz.vhd sub00/vhpl19 1424371504
AR bitbasher_c5bad59cb6 behavior C:/Users/laca/Desktop/iRoobo2014Ver3/Fpga/SPARTAN3E/Spartan3E6500SystemVer2/dcMOTORpositionPID/netlist/synth_model/motorpoz.vhd sub00/vhpl71 1424371556
AR synth_reg_reg behav C:/Users/laca/Desktop/iRoobo2014Ver3/Fpga/SPARTAN3E/Spartan3E6500SystemVer2/dcMOTORpositionPID/netlist/synth_model/motorpoz.vhd sub00/vhpl21 1424371506
AR xlcounter_free_motorpoz behavior C:/Users/laca/Desktop/iRoobo2014Ver3/Fpga/SPARTAN3E/Spartan3E6500SystemVer2/dcMOTORpositionPID/netlist/synth_model/motorpoz.vhd sub00/vhpl51 1424371536
AR motorpoz structural C:/Users/laca/Desktop/iRoobo2014Ver3/Fpga/SPARTAN3E/Spartan3E6500SystemVer2/dcMOTORpositionPID/netlist/synth_model/motorpoz.vhd sub00/vhpl91 1424371576
AR xlclockdriver behavior C:/Users/laca/Desktop/iRoobo2014Ver3/Fpga/SPARTAN3E/Spartan3E6500SystemVer2/dcMOTORpositionPID/netlist/synth_model/motorpoz_cw.vhd sub00/vhpl93 1424371578
AR xlconvert behavior C:/Users/laca/Desktop/iRoobo2014Ver3/Fpga/SPARTAN3E/Spartan3E6500SystemVer2/dcMOTORpositionPID/netlist/synth_model/motorpoz.vhd sub00/vhpl29 1424371514
AR constant_190a6d2a1a behavior C:/Users/laca/Desktop/iRoobo2014Ver3/Fpga/SPARTAN3E/Spartan3E6500SystemVer2/dcMOTORpositionPID/netlist/synth_model/motorpoz.vhd sub00/vhpl59 1424371544
EN synth_reg NULL C:/Users/laca/Desktop/iRoobo2014Ver3/Fpga/SPARTAN3E/Spartan3E6500SystemVer2/dcMOTORpositionPID/netlist/synth_model/motorpoz.vhd sub00/vhpl18 1424371503
EN xlclockdriver NULL C:/Users/laca/Desktop/iRoobo2014Ver3/Fpga/SPARTAN3E/Spartan3E6500SystemVer2/dcMOTORpositionPID/netlist/synth_model/motorpoz_cw.vhd sub00/vhpl92 1424371577
EN led_entity_2baf17759a NULL C:/Users/laca/Desktop/iRoobo2014Ver3/Fpga/SPARTAN3E/Spartan3E6500SystemVer2/dcMOTORpositionPID/netlist/synth_model/motorpoz.vhd sub00/vhpl80 1424371565
EN inverter_e5b38cca3b NULL C:/Users/laca/Desktop/iRoobo2014Ver3/Fpga/SPARTAN3E/Spartan3E6500SystemVer2/dcMOTORpositionPID/netlist/synth_model/motorpoz.vhd sub00/vhpl52 1424371537
AR default_clock_driver_motorpoz structural C:/Users/laca/Desktop/iRoobo2014Ver3/Fpga/SPARTAN3E/Spartan3E6500SystemVer2/dcMOTORpositionPID/netlist/synth_model/motorpoz_cw.vhd sub00/vhpl95 1424371580
AR mux_ba4efe1019 behavior C:/Users/laca/Desktop/iRoobo2014Ver3/Fpga/SPARTAN3E/Spartan3E6500SystemVer2/dcMOTORpositionPID/netlist/synth_model/motorpoz.vhd sub00/vhpl45 1424371530
EN xlconvert NULL C:/Users/laca/Desktop/iRoobo2014Ver3/Fpga/SPARTAN3E/Spartan3E6500SystemVer2/dcMOTORpositionPID/netlist/synth_model/motorpoz.vhd sub00/vhpl28 1424371513
AR constant_963ed6358a behavior C:/Users/laca/Desktop/iRoobo2014Ver3/Fpga/SPARTAN3E/Spartan3E6500SystemVer2/dcMOTORpositionPID/netlist/synth_model/motorpoz.vhd sub00/vhpl77 1424371562
EN logical_80f90b97d0 NULL C:/Users/laca/Desktop/iRoobo2014Ver3/Fpga/SPARTAN3E/Spartan3E6500SystemVer2/dcMOTORpositionPID/netlist/synth_model/motorpoz.vhd sub00/vhpl54 1424371539
AR cntr_11_0_5baa608aaa6fc4cf cntr_11_0_5baa608aaa6fc4cf_a C:/Users/laca/Desktop/iRoobo2014Ver3/Fpga/SPARTAN3E/Spartan3E6500SystemVer2/dcMOTORpositionPID/netlist/synth_model/motorpoz.vhd sub00/vhpl09 1424371494
EN pidrek_entity_92f788bccf NULL C:/Users/laca/Desktop/iRoobo2014Ver3/Fpga/SPARTAN3E/Spartan3E6500SystemVer2/dcMOTORpositionPID/netlist/synth_model/motorpoz.vhd sub00/vhpl82 1424371567
AR addsb_11_0_09a98e96b9130e03 addsb_11_0_09a98e96b9130e03_a C:/Users/laca/Desktop/iRoobo2014Ver3/Fpga/SPARTAN3E/Spartan3E6500SystemVer2/dcMOTORpositionPID/netlist/synth_model/motorpoz.vhd sub00/vhpl01 1424371486
EN bitbasher_75b6572827 NULL C:/Users/laca/Desktop/iRoobo2014Ver3/Fpga/SPARTAN3E/Spartan3E6500SystemVer2/dcMOTORpositionPID/netlist/synth_model/motorpoz.vhd sub00/vhpl72 1424371557
EN reinterpret_f21e7f2ddf NULL C:/Users/laca/Desktop/iRoobo2014Ver3/Fpga/SPARTAN3E/Spartan3E6500SystemVer2/dcMOTORpositionPID/netlist/synth_model/motorpoz.vhd sub00/vhpl48 1424371533
EN constant_963ed6358a NULL C:/Users/laca/Desktop/iRoobo2014Ver3/Fpga/SPARTAN3E/Spartan3E6500SystemVer2/dcMOTORpositionPID/netlist/synth_model/motorpoz.vhd sub00/vhpl76 1424371561
AR relational_3ffd1d0a40 behavior C:/Users/laca/Desktop/iRoobo2014Ver3/Fpga/SPARTAN3E/Spartan3E6500SystemVer2/dcMOTORpositionPID/netlist/synth_model/motorpoz.vhd sub00/vhpl57 1424371542
EN xlcounter_limit_motorpoz NULL C:/Users/laca/Desktop/iRoobo2014Ver3/Fpga/SPARTAN3E/Spartan3E6500SystemVer2/dcMOTORpositionPID/netlist/synth_model/motorpoz.vhd sub00/vhpl36 1424371521
EN constant_9f5572ba51 NULL C:/Users/laca/Desktop/iRoobo2014Ver3/Fpga/SPARTAN3E/Spartan3E6500SystemVer2/dcMOTORpositionPID/netlist/synth_model/motorpoz.vhd sub00/vhpl34 1424371519
AR mux_20197168a0 behavior C:/Users/laca/Desktop/iRoobo2014Ver3/Fpga/SPARTAN3E/Spartan3E6500SystemVer2/dcMOTORpositionPID/netlist/synth_model/motorpoz.vhd sub00/vhpl67 1424371552
EN bitbasher_c5bad59cb6 NULL C:/Users/laca/Desktop/iRoobo2014Ver3/Fpga/SPARTAN3E/Spartan3E6500SystemVer2/dcMOTORpositionPID/netlist/synth_model/motorpoz.vhd sub00/vhpl70 1424371555
EN cntr_11_0_5baa608aaa6fc4cf NULL C:/Users/laca/Desktop/iRoobo2014Ver3/Fpga/SPARTAN3E/Spartan3E6500SystemVer2/dcMOTORpositionPID/netlist/synth_model/motorpoz.vhd sub00/vhpl08 1424371493
AR cntr_11_0_cee71699703bac4e cntr_11_0_cee71699703bac4e_a C:/Users/laca/Desktop/iRoobo2014Ver3/Fpga/SPARTAN3E/Spartan3E6500SystemVer2/dcMOTORpositionPID/netlist/synth_model/motorpoz.vhd sub00/vhpl11 1424371496
EN xladdsub_motorpoz NULL C:/Users/laca/Desktop/iRoobo2014Ver3/Fpga/SPARTAN3E/Spartan3E6500SystemVer2/dcMOTORpositionPID/netlist/synth_model/motorpoz.vhd sub00/vhpl32 1424371517
EN constant_190a6d2a1a NULL C:/Users/laca/Desktop/iRoobo2014Ver3/Fpga/SPARTAN3E/Spartan3E6500SystemVer2/dcMOTORpositionPID/netlist/synth_model/motorpoz.vhd sub00/vhpl58 1424371543
AR reinterpret_f21e7f2ddf behavior C:/Users/laca/Desktop/iRoobo2014Ver3/Fpga/SPARTAN3E/Spartan3E6500SystemVer2/dcMOTORpositionPID/netlist/synth_model/motorpoz.vhd sub00/vhpl49 1424371534
EN synth_reg_reg NULL C:/Users/laca/Desktop/iRoobo2014Ver3/Fpga/SPARTAN3E/Spartan3E6500SystemVer2/dcMOTORpositionPID/netlist/synth_model/motorpoz.vhd sub00/vhpl20 1424371505
EN inverter_e2b989a05e NULL C:/Users/laca/Desktop/iRoobo2014Ver3/Fpga/SPARTAN3E/Spartan3E6500SystemVer2/dcMOTORpositionPID/netlist/synth_model/motorpoz.vhd sub00/vhpl62 1424371547
AR synth_reg_w_init structural C:/Users/laca/Desktop/iRoobo2014Ver3/Fpga/SPARTAN3E/Spartan3E6500SystemVer2/dcMOTORpositionPID/netlist/synth_model/motorpoz.vhd sub00/vhpl25 1424371510
EN top_level NULL C:/Users/laca/Desktop/iRoobo2014Ver3/Fpga/SPARTAN3E/Spartan3E6500SystemVer2/dcMOTORpositionPID/netlist/synth_model/motorpoz.vhd sub00/vhpl74 1424371559
EN xlregister NULL C:/Users/laca/Desktop/iRoobo2014Ver3/Fpga/SPARTAN3E/Spartan3E6500SystemVer2/dcMOTORpositionPID/netlist/synth_model/motorpoz.vhd sub00/vhpl46 1424371531
